Archive member included because of file (symbol)

c:/freescale/kds_v3/toolchain/bin/../lib/gcc/arm-none-eabi/4.8.4/armv6-m\libgcc.a(_udivsi3.o)
                              ./SDK/platform/utilities/src/print_scan.o (__aeabi_uidiv)
c:/freescale/kds_v3/toolchain/bin/../lib/gcc/arm-none-eabi/4.8.4/armv6-m\libgcc.a(_divsi3.o)
                              ./SDK/platform/utilities/src/print_scan.o (__aeabi_idiv)
c:/freescale/kds_v3/toolchain/bin/../lib/gcc/arm-none-eabi/4.8.4/armv6-m\libgcc.a(_dvmd_tls.o)
                              c:/freescale/kds_v3/toolchain/bin/../lib/gcc/arm-none-eabi/4.8.4/armv6-m\libgcc.a(_udivsi3.o) (__aeabi_idiv0)
c:/freescale/kds_v3/toolchain/bin/../lib/gcc/arm-none-eabi/4.8.4/armv6-m\libgcc.a(_aeabi_uldivmod.o)
                              ./Generated_Code/osa1.o (__aeabi_uldivmod)
c:/freescale/kds_v3/toolchain/bin/../lib/gcc/arm-none-eabi/4.8.4/armv6-m\libgcc.a(_muldi3.o)
                              ./Generated_Code/osa1.o (__aeabi_lmul)
c:/freescale/kds_v3/toolchain/bin/../lib/gcc/arm-none-eabi/4.8.4/armv6-m\libgcc.a(bpabi.o)
                              c:/freescale/kds_v3/toolchain/bin/../lib/gcc/arm-none-eabi/4.8.4/armv6-m\libgcc.a(_aeabi_uldivmod.o) (__gnu_uldivmod_helper)
c:/freescale/kds_v3/toolchain/bin/../lib/gcc/arm-none-eabi/4.8.4/armv6-m\libgcc.a(_divdi3.o)
                              c:/freescale/kds_v3/toolchain/bin/../lib/gcc/arm-none-eabi/4.8.4/armv6-m\libgcc.a(bpabi.o) (__divdi3)
c:/freescale/kds_v3/toolchain/bin/../lib/gcc/arm-none-eabi/4.8.4/armv6-m\libgcc.a(_udivdi3.o)
                              c:/freescale/kds_v3/toolchain/bin/../lib/gcc/arm-none-eabi/4.8.4/armv6-m\libgcc.a(bpabi.o) (__udivdi3)
c:/freescale/kds_v3/toolchain/bin/../lib/gcc/arm-none-eabi/4.8.4/armv6-m\libgcc.a(_clzsi2.o)
                              c:/freescale/kds_v3/toolchain/bin/../lib/gcc/arm-none-eabi/4.8.4/armv6-m\libgcc.a(_divdi3.o) (__clzsi2)
c:/freescale/kds_v3/toolchain/bin/../lib/gcc/arm-none-eabi/4.8.4/../../../../arm-none-eabi/lib/armv6-m\libg_s.a(lib_a-assert.o)
                              ./SDK/platform/system/src/interrupt/fsl_interrupt_manager.o (__assert_func)
c:/freescale/kds_v3/toolchain/bin/../lib/gcc/arm-none-eabi/4.8.4/../../../../arm-none-eabi/lib/armv6-m\libg_s.a(lib_a-calloc.o)
                              ./SDK/platform/osa/src/fsl_os_abstraction_bm.o (calloc)
c:/freescale/kds_v3/toolchain/bin/../lib/gcc/arm-none-eabi/4.8.4/../../../../arm-none-eabi/lib/armv6-m\libg_s.a(lib_a-errno.o)
                              ./SDK/platform/utilities/src/fsl_misc_utilities.o (__errno)
c:/freescale/kds_v3/toolchain/bin/../lib/gcc/arm-none-eabi/4.8.4/../../../../arm-none-eabi/lib/armv6-m\libg_s.a(lib_a-exit.o)
                              c:/freescale/kds_v3/toolchain/bin/../lib/gcc/arm-none-eabi/4.8.4/../../../../arm-none-eabi/lib/armv6-m/crt0.o (exit)
c:/freescale/kds_v3/toolchain/bin/../lib/gcc/arm-none-eabi/4.8.4/../../../../arm-none-eabi/lib/armv6-m\libg_s.a(lib_a-fprintf.o)
                              c:/freescale/kds_v3/toolchain/bin/../lib/gcc/arm-none-eabi/4.8.4/../../../../arm-none-eabi/lib/armv6-m\libg_s.a(lib_a-assert.o) (fiprintf)
c:/freescale/kds_v3/toolchain/bin/../lib/gcc/arm-none-eabi/4.8.4/../../../../arm-none-eabi/lib/armv6-m\libg_s.a(lib_a-impure.o)
                              c:/freescale/kds_v3/toolchain/bin/../lib/gcc/arm-none-eabi/4.8.4/../../../../arm-none-eabi/lib/armv6-m\libg_s.a(lib_a-exit.o) (_global_impure_ptr)
c:/freescale/kds_v3/toolchain/bin/../lib/gcc/arm-none-eabi/4.8.4/../../../../arm-none-eabi/lib/armv6-m\libg_s.a(lib_a-init.o)
                              c:/freescale/kds_v3/toolchain/bin/../lib/gcc/arm-none-eabi/4.8.4/../../../../arm-none-eabi/lib/armv6-m/crt0.o (__libc_init_array)
c:/freescale/kds_v3/toolchain/bin/../lib/gcc/arm-none-eabi/4.8.4/../../../../arm-none-eabi/lib/armv6-m\libg_s.a(lib_a-malloc.o)
                              ./SDK/platform/osa/src/fsl_os_abstraction_bm.o (malloc)
c:/freescale/kds_v3/toolchain/bin/../lib/gcc/arm-none-eabi/4.8.4/../../../../arm-none-eabi/lib/armv6-m\libg_s.a(lib_a-memset.o)
                              c:/freescale/kds_v3/toolchain/bin/../lib/gcc/arm-none-eabi/4.8.4/../../../../arm-none-eabi/lib/armv6-m/crt0.o (memset)
c:/freescale/kds_v3/toolchain/bin/../lib/gcc/arm-none-eabi/4.8.4/../../../../arm-none-eabi/lib/armv6-m\libg_s.a(lib_a-nano-callocr.o)
                              c:/freescale/kds_v3/toolchain/bin/../lib/gcc/arm-none-eabi/4.8.4/../../../../arm-none-eabi/lib/armv6-m\libg_s.a(lib_a-calloc.o) (_calloc_r)
c:/freescale/kds_v3/toolchain/bin/../lib/gcc/arm-none-eabi/4.8.4/../../../../arm-none-eabi/lib/armv6-m\libg_s.a(lib_a-nano-freer.o)
                              c:/freescale/kds_v3/toolchain/bin/../lib/gcc/arm-none-eabi/4.8.4/../../../../arm-none-eabi/lib/armv6-m\libg_s.a(lib_a-malloc.o) (_free_r)
c:/freescale/kds_v3/toolchain/bin/../lib/gcc/arm-none-eabi/4.8.4/../../../../arm-none-eabi/lib/armv6-m\libg_s.a(lib_a-nano-mallocr.o)
[...]
Memory Configuration

Name             Origin             Length             Attributes
m_interrupts     0x00000000         0x00000200         xr
m_flash_config   0x00000400         0x00000010         xr
m_interrupts_ram 0x1ffff000         0x00000200         rw
m_text           0x00000410         0x0001fbf0         xr
m_data           0x1ffff200         0x00003e00         rw
*default*        0x00000000         0xffffffff

Linker script and memory map

LOAD c:/freescale/kds_v3/toolchain/bin/../lib/gcc/arm-none-eabi/4.8.4/armv6-m/crti.o
LOAD c:/freescale/kds_v3/toolchain/bin/../lib/gcc/arm-none-eabi/4.8.4/armv6-m/crtbegin.o
LOAD c:/freescale/kds_v3/toolchain/bin/../lib/gcc/arm-none-eabi/4.8.4/../../../../arm-none-eabi/lib/armv6-m/crt0.o
LOAD ./Static_Code/System/PE_low_level_init.o
LOAD ./Sources/Events.o
LOAD ./Sources/main.o
LOAD ./SDK/platform/utilities/src/fsl_debug_console.o
LOAD ./SDK/platform/utilities/src/fsl_misc_utilities.o
LOAD ./SDK/platform/utilities/src/print_scan.o
LOAD ./SDK/platform/system/src/interrupt/fsl_interrupt_manager.o
LOAD ./SDK/platform/system/src/clock/MKL25Z4/fsl_clock_MKL25Z4.o
LOAD ./SDK/platform/system/src/clock/fsl_clock_manager.o
LOAD ./SDK/platform/system/src/clock/fsl_clock_manager_common.o
LOAD ./SDK/platform/osa/src/fsl_os_abstraction_bm.o
LOAD ./SDK/platform/hal/src/uart/fsl_uart_hal.o
LOAD ./SDK/platform/hal/src/sim/MKL25Z4/fsl_sim_hal_MKL25Z4.o
LOAD ./SDK/platform/hal/src/rtc/fsl_rtc_hal.o
LOAD ./SDK/platform/hal/src/port/fsl_port_hal.o
LOAD ./SDK/platform/hal/src/osc/fsl_osc_hal.o
LOAD ./SDK/platform/hal/src/mcg/fsl_mcg_hal.o
LOAD ./SDK/platform/hal/src/mcg/fsl_mcg_hal_modes.o
LOAD ./SDK/platform/hal/src/lpsci/fsl_lpsci_hal.o
LOAD ./SDK/platform/hal/src/i2c/fsl_i2c_hal.o
LOAD ./SDK/platform/hal/src/gpio/fsl_gpio_hal.o
LOAD ./SDK/platform/drivers/src/rtc/fsl_rtc_common.o
LOAD ./SDK/platform/drivers/src/i2c/fsl_i2c_common.o
LOAD ./SDK/platform/drivers/src/i2c/fsl_i2c_master_driver.o
LOAD ./SDK/platform/drivers/src/i2c/fsl_i2c_shared_function.o
LOAD ./SDK/platform/drivers/src/i2c/fsl_i2c_slave_driver.o
LOAD ./SDK/platform/drivers/src/gpio/fsl_gpio_common.o
LOAD ./SDK/platform/drivers/src/gpio/fsl_gpio_driver.o
LOAD ./SDK/platform/devices/MKL25Z4/startup/gcc/startup_MKL25Z4.o
LOAD ./SDK/platform/devices/MKL25Z4/startup/system_MKL25Z4.o
LOAD ./SDK/platform/devices/startup.o
LOAD ./Generated_Code/Cpu.o
LOAD ./Generated_Code/clockMan1.o
LOAD ./Generated_Code/gpio1.o
LOAD ./Generated_Code/hardware_init.o
LOAD ./Generated_Code/i2cCom1.o
LOAD ./Generated_Code/osa1.o
LOAD ./Generated_Code/pin_init.o
LOAD c:/freescale/kds_v3/toolchain/bin/../lib/gcc/arm-none-eabi/4.8.4/../../../../arm-none-eabi/lib/armv6-m\libstdc++_s.a
LOAD c:/freescale/kds_v3/toolchain/bin/../lib/gcc/arm-none-eabi/4.8.4/../../../../arm-none-eabi/lib/armv6-m\libm.a
START GROUP
LOAD c:/freescale/kds_v3/toolchain/bin/../lib/gcc/arm-none-eabi/4.8.4/armv6-m\libgcc.a
LOAD c:/freescale/kds_v3/toolchain/bin/../lib/gcc/arm-none-eabi/4.8.4/../../../../arm-none-eabi/lib/armv6-m\libg_s.a
LOAD c:/freescale/kds_v3/toolchain/bin/../lib/gcc/arm-none-eabi/4.8.4/../../../../arm-none-eabi/lib/armv6-m\libc_s.a
END GROUP
START GROUP
LOAD c:/freescale/kds_v3/toolchain/bin/../lib/gcc/arm-none-eabi/4.8.4/armv6-m\libgcc.a
LOAD c:/freescale/kds_v3/toolchain/bin/../lib/gcc/arm-none-eabi/4.8.4/../../../../arm-none-eabi/lib/armv6-m\libc_s.a
LOAD c:/freescale/kds_v3/toolchain/bin/../lib/gcc/arm-none-eabi/4.8.4/../../../../arm-none-eabi/lib/armv6-m\libnosys.a
END GROUP
START GROUP
LOAD c:/freescale/kds_v3/toolchain/bin/../lib/gcc/arm-none-eabi/4.8.4/armv6-m\libgcc.a
LOAD c:/freescale/kds_v3/toolchain/bin/../lib/gcc/arm-none-eabi/4.8.4/../../../../arm-none-eabi/lib/armv6-m\libc_s.a
LOAD c:/freescale/kds_v3/toolchain/bin/../lib/gcc/arm-none-eabi/4.8.4/../../../../arm-none-eabi/lib/armv6-m\libnosys.a
END GROUP
LOAD c:/freescale/kds_v3/toolchain/bin/../lib/gcc/arm-none-eabi/4.8.4/armv6-m/crtend.o
LOAD c:/freescale/kds_v3/toolchain/bin/../lib/gcc/arm-none-eabi/4.8.4/armv6-m/crtn.o
                0x00000000                HEAP_SIZE = DEFINED (__heap_size__)?__heap_size__:0x0
                0x00000400                STACK_SIZE = DEFINED (__stack_size__)?__stack_size__:0x400

.interrupts     0x00000000       0xc0
                0x00000000                __VECTOR_TABLE = .
                0x00000000                . = ALIGN (0x4)
 *(.isr_vector)
 .isr_vector    0x00000000       0xc0 ./SDK/platform/devices/MKL25Z4/startup/gcc/startup_MKL25Z4.o
                0x00000000                __isr_vector
                0x000000c0                . = ALIGN (0x4)
                0x1ffff000                __VECTOR_RAM = ORIGIN (m_interrupts_ram)

.flash_config   0x00000400       0x10
                0x00000400                . = ALIGN (0x4)
 *(.FlashConfig)
 .FlashConfig   0x00000400       0x10 ./SDK/platform/devices/MKL25Z4/startup/gcc/startup_MKL25Z4.o
                0x00000410                . = ALIGN (0x4)

.text           0x00000410     0x4620
                0x00000410                . = ALIGN (0x4)
 *(.text)
 .text          0x00000410       0x60 c:/freescale/kds_v3/toolchain/bin/../lib/gcc/arm-none-eabi/4.8.4/armv6-m/crtbegin.o
 .text          0x00000470       0x78 c:/freescale/kds_v3/toolchain/bin/../lib/gcc/arm-none-eabi/4.8.4/../../../../arm-none-eabi/lib/armv6-m/crt0.o
                0x00000470                _start
                0x00000470                _mainCRTStartup
 .text          0x000004e8       0x18 ./SDK/platform/devices/MKL25Z4/startup/gcc/startup_MKL25Z4.o
                0x000004e8                Reset_Handler
                0x000004f8                HardFault_Handler
                0x000004f8                PendSV_Handler
                0x000004f8                NMI_Handler
                0x000004f8                UART1_IRQHandler
                0x000004f8                DMA2_IRQHandler
                0x000004f8                TPM0_IRQHandler
                0x000004f8                LLWU_IRQHandler
                0x000004f8                TSI0_IRQHandler
                0x000004f8                UART0_IRQHandler
                0x000004f8                ADC0_IRQHandler
                0x000004f8                Reserved39_IRQHandler
                0x000004f8                SPI1_IRQHandler
                0x000004f8                DefaultISR
                0x000004f8                PORTD_IRQHandler
                0x000004f8                TPM2_IRQHandler
                0x000004f8                RTC_IRQHandler
                0x000004f8                I2C0_IRQHandler
                0x000004f8                RTC_Seconds_IRQHandler
                0x000004f8                MCG_IRQHandler
                0x000004f8                UART2_IRQHandler
                0x000004f8                Reserved20_IRQHandler
                0x000004f8                USB0_IRQHandler
                0x000004f8                PIT_IRQHandler
                0x000004f8                SVC_Handler
                0x000004f8                DMA3_IRQHandler
                0x000004f8                DMA0_IRQHandler
                0x000004f8                DAC0_IRQHandler
                0x000004f8                Reserved45_IRQHandler
                0x000004f8                TPM1_IRQHandler
                0x000004f8                LVD_LVW_IRQHandler
                0x000004f8                SPI0_IRQHandler
                0x000004f8                PORTA_IRQHandler
                0x000004f8                FTFA_IRQHandler
                0x000004f8                LPTMR0_IRQHandler
                0x000004f8                CMP0_IRQHandler
                0x000004f8                DMA1_IRQHandler
 .text          0x00000500       0x9c c:/freescale/kds_v3/toolchain/bin/../lib/gcc/arm-none-eabi/4.8.4/armv6-m\libgcc.a(_udivsi3.o)
                0x00000500                __aeabi_uidiv
                0x00000500                __udivsi3
                0x00000588                __aeabi_uidivmod
 .text          0x0000059c        0x4 c:/freescale/kds_v3/toolchain/bin/../lib/gcc/arm-none-eabi/4.8.4/armv6-m\libgcc.a(_dvmd_tls.o)
                0x0000059c                __aeabi_idiv0
                0x0000059c                __aeabi_ldiv0
 .text          0x000005a0       0x40 c:/freescale/kds_v3/toolchain/bin/../lib/gcc/arm-none-eabi/4.8.4/armv6-m\libgcc.a(_aeabi_uldivmod.o)
                0x000005a0                __aeabi_uldivmod
 .text          0x000005e0       0x44 c:/freescale/kds_v3/toolchain/bin/../lib/gcc/arm-none-eabi/4.8.4/armv6-m\libgcc.a(_muldi3.o)
                0x000005e0                __muldi3
                0x000005e0                __aeabi_lmul
 .text          0x00000624       0x6c c:/freescale/kds_v3/toolchain/bin/../lib/gcc/arm-none-eabi/4.8.4/armv6-m\libgcc.a(bpabi.o)
                0x00000624                __gnu_ldivmod_helper
                0x0000065c                __gnu_uldivmod_helper
 .text          0x00000690      0x3b8 c:/freescale/kds_v3/toolchain/bin/../lib/gcc/arm-none-eabi/4.8.4/armv6-m\libgcc.a(_divdi3.o)
                0x00000690                __divdi3
 .text          0x00000a48      0x384 c:/freescale/kds_v3/toolchain/bin/../lib/gcc/arm-none-eabi/4.8.4/armv6-m\libgcc.a(_udivdi3.o)
                0x00000a48                __udivdi3
 .text          0x00000dcc       0x3c c:/freescale/kds_v3/toolchain/bin/../lib/gcc/arm-none-eabi/4.8.4/armv6-m\libgcc.a(_clzsi2.o)
                0x00000dcc                __clzsi2
 *(.text*)
 .text.PEX_components_init
                0x00000e08        0xc ./Static_Code/System/PE_low_level_init.o
                0x00000e08                PEX_components_init
 .text.PE_low_level_init
                0x00000e14       0x14 ./Static_Code/System/PE_low_level_init.o
                0x00000e14                PE_low_level_init
 .text.I2C1_IRQHandler
                0x00000e28       0x10 ./Sources/Events.o
                0x00000e28                I2C1_IRQHandler
 .text.main     0x00000e38       0x10 ./Sources/main.o
                0x00000e38                main
 .text._write   0x00000e48       0x5c ./SDK/platform/utilities/src/fsl_debug_console.o
                0x00000e48                _write
 .text._read    0x00000ea4       0x48 ./SDK/platform/utilities/src/fsl_debug_console.o
                0x00000ea4                _read
 .text._sbrk    0x00000eec       0x5c ./SDK/platform/utilities/src/fsl_misc_utilities.o
                0x00000eec                _sbrk
 .text.INT_SYS_EnableIRQGlobal
                0x00000f48       0x2c ./SDK/platform/system/src/interrupt/fsl_interrupt_manager.o
                0x00000f48                INT_SYS_EnableIRQGlobal
 .text.INT_SYS_DisableIRQGlobal
                0x00000f74       0x18 ./SDK/platform/system/src/interrupt/fsl_interrupt_manager.o
                0x00000f74                INT_SYS_DisableIRQGlobal
 .text.SIM_HAL_EnableClock
                0x00000f8c       0x58 ./SDK/platform/system/src/clock/MKL25Z4/fsl_clock_MKL25Z4.o
 .text.CLOCK_HAL_GetOutDiv1
                0x00000fe4       0x28 ./SDK/platform/system/src/clock/MKL25Z4/fsl_clock_MKL25Z4.o
 .text.CLOCK_HAL_GetOutDiv4
                0x0000100c       0x28 ./SDK/platform/system/src/clock/MKL25Z4/fsl_clock_MKL25Z4.o
 .text.CLOCK_SYS_GetCoreClockFreq
                0x00001034       0x34 ./SDK/platform/system/src/clock/MKL25Z4/fsl_clock_MKL25Z4.o
                0x00001034                CLOCK_SYS_GetCoreClockFreq
 .text.CLOCK_SYS_GetSystemClockFreq
                0x00001068       0x34 ./SDK/platform/system/src/clock/MKL25Z4/fsl_clock_MKL25Z4.o
                0x00001068                CLOCK_SYS_GetSystemClockFreq
 .text.CLOCK_SYS_GetBusClockFreq
                0x0000109c       0x2c ./SDK/platform/system/src/clock/MKL25Z4/fsl_clock_MKL25Z4.o
                0x0000109c                CLOCK_SYS_GetBusClockFreq
 .text.CLOCK_SYS_GetI2cFreq
                0x000010c8       0x28 ./SDK/platform/system/src/clock/MKL25Z4/fsl_clock_MKL25Z4.o
                0x000010c8                CLOCK_SYS_GetI2cFreq
 .text.CLOCK_SYS_EnablePortClock
                0x000010f0       0x4c ./SDK/platform/system/src/clock/MKL25Z4/fsl_clock_MKL25Z4.o
                0x000010f0                CLOCK_SYS_EnablePortClock
 .text.CLOCK_SYS_EnableI2cClock
                0x0000113c       0x4c ./SDK/platform/system/src/clock/MKL25Z4/fsl_clock_MKL25Z4.o
                0x0000113c                CLOCK_SYS_EnableI2cClock
 .text.CLOCK_SYS_GetSystickFreq
                0x00001188       0x28 ./SDK/platform/system/src/clock/fsl_clock_manager.o
                0x00001188                CLOCK_SYS_GetSystickFreq
 .text.OSA_SemaCreate
                0x000011b0       0x54 ./SDK/platform/osa/src/fsl_os_abstraction_bm.o
                0x000011b0                OSA_SemaCreate
 .text.OSA_SemaPost
                0x00001204       0x58 ./SDK/platform/osa/src/fsl_os_abstraction_bm.o
                0x00001204                OSA_SemaPost
 .text.OSA_EventSet
                0x0000125c       0x4c ./SDK/platform/osa/src/fsl_os_abstraction_bm.o
                0x0000125c                OSA_EventSet
 .text.task_init
                0x000012a8       0x60 ./SDK/platform/osa/src/fsl_os_abstraction_bm.o
                0x000012a8                task_init
 .text.OSA_Init
                0x00001308       0x14 ./SDK/platform/osa/src/fsl_os_abstraction_bm.o
                0x00001308                OSA_Init
 .text.OSA_Start
                0x0000131c       0x38 ./SDK/platform/osa/src/fsl_os_abstraction_bm.o
                0x0000131c                OSA_Start
 .text.CLOCK_HAL_GetClkOutStat
                0x00001354       0x20 ./SDK/platform/hal/src/mcg/fsl_mcg_hal.o
 .text.CLOCK_HAL_IsPllSelected
                0x00001374       0x24 ./SDK/platform/hal/src/mcg/fsl_mcg_hal.o
 .text.CLOCK_HAL_GetMcgExternalClkFreq
                0x00001398       0x18 ./SDK/platform/hal/src/mcg/fsl_mcg_hal.o
 .text.CLOCK_HAL_TestFllExternalRefFreq
                0x000013b0       0x7c ./SDK/platform/hal/src/mcg/fsl_mcg_hal.o
                0x000013b0                CLOCK_HAL_TestFllExternalRefFreq
 .text.CLOCK_HAL_GetFllRefClk
                0x0000142c       0x8c ./SDK/platform/hal/src/mcg/fsl_mcg_hal.o
                0x0000142c                CLOCK_HAL_GetFllRefClk
 .text.CLOCK_HAL_TestFllFreq
                0x000014b8       0x6c ./SDK/platform/hal/src/mcg/fsl_mcg_hal.o
                0x000014b8                CLOCK_HAL_TestFllFreq
 .text.CLOCK_HAL_GetFllClk
                0x00001524       0x7c ./SDK/platform/hal/src/mcg/fsl_mcg_hal.o
                0x00001524                CLOCK_HAL_GetFllClk
 .text.CLOCK_HAL_GetPll0RefFreq
                0x000015a0       0x1c ./SDK/platform/hal/src/mcg/fsl_mcg_hal.o
                0x000015a0                CLOCK_HAL_GetPll0RefFreq
 .text.CLOCK_HAL_GetPll0Clk
                0x000015bc       0x90 ./SDK/platform/hal/src/mcg/fsl_mcg_hal.o
                0x000015bc                CLOCK_HAL_GetPll0Clk
 .text.CLOCK_HAL_GetInternalRefClk
                0x0000164c       0x64 ./SDK/platform/hal/src/mcg/fsl_mcg_hal.o
                0x0000164c                CLOCK_HAL_GetInternalRefClk
 .text.CLOCK_HAL_GetOutClk
                0x000016b0       0x7c ./SDK/platform/hal/src/mcg/fsl_mcg_hal.o
                0x000016b0                CLOCK_HAL_GetOutClk
 .text.I2C_HAL_GetStatusFlag
                0x0000172c       0x34 ./SDK/platform/hal/src/i2c/fsl_i2c_hal.o
 .text.I2C_HAL_Init
                0x00001760       0x50 ./SDK/platform/hal/src/i2c/fsl_i2c_hal.o
                0x00001760                I2C_HAL_Init
 .text.I2C_HAL_SetBaudRate
                0x000017b0       0xe0 ./SDK/platform/hal/src/i2c/fsl_i2c_hal.o
                0x000017b0                I2C_HAL_SetBaudRate
 .text.I2C_HAL_SendStop
                0x00001890       0x78 ./SDK/platform/hal/src/i2c/fsl_i2c_hal.o
                0x00001890                I2C_HAL_SendStop
 .text.GPIO_HAL_SetPinDir
                0x00001908       0x6c ./SDK/platform/hal/src/gpio/fsl_gpio_hal.o
                0x00001908                GPIO_HAL_SetPinDir
 .text.GPIO_HAL_WritePinOutput
                0x00001974       0x50 ./SDK/platform/hal/src/gpio/fsl_gpio_hal.o
                0x00001974                GPIO_HAL_WritePinOutput
 .text.NVIC_EnableIRQ
                0x000019c4       0x2c ./SDK/platform/drivers/src/i2c/fsl_i2c_master_driver.o
 .text.I2C_HAL_Enable
                0x000019f0       0x1c ./SDK/platform/drivers/src/i2c/fsl_i2c_master_driver.o
 .text.I2C_HAL_SendAck
                0x00001a0c       0x1c ./SDK/platform/drivers/src/i2c/fsl_i2c_master_driver.o
 .text.I2C_HAL_SendNak
                0x00001a28       0x1c ./SDK/platform/drivers/src/i2c/fsl_i2c_master_driver.o
 .text.I2C_HAL_GetDirMode
                0x00001a44       0x20 ./SDK/platform/drivers/src/i2c/fsl_i2c_master_driver.o
 .text.I2C_HAL_ReadByte
                0x00001a64       0x18 ./SDK/platform/drivers/src/i2c/fsl_i2c_master_driver.o
 .text.I2C_HAL_WriteByte
                0x00001a7c       0x1c ./SDK/platform/drivers/src/i2c/fsl_i2c_master_driver.o
 .text.I2C_HAL_GetStatusFlag
                0x00001a98       0x34 ./SDK/platform/drivers/src/i2c/fsl_i2c_master_driver.o
 .text.I2C_HAL_IsMaster
                0x00001acc       0x24 ./SDK/platform/drivers/src/i2c/fsl_i2c_master_driver.o
 .text.I2C_HAL_ClearArbitrationLost
                0x00001af0       0x14 ./SDK/platform/drivers/src/i2c/fsl_i2c_master_driver.o
 .text.I2C_HAL_SetIntCmd
                0x00001b04       0x28 ./SDK/platform/drivers/src/i2c/fsl_i2c_master_driver.o
 .text.I2C_HAL_ClearInt
                0x00001b2c       0x14 ./SDK/platform/drivers/src/i2c/fsl_i2c_master_driver.o
 .text.INT_SYS_EnableIRQ
                0x00001b40       0x5c ./SDK/platform/drivers/src/i2c/fsl_i2c_master_driver.o
 .text.I2C_DRV_MasterInit
                0x00001b9c       0xc4 ./SDK/platform/drivers/src/i2c/fsl_i2c_master_driver.o
                0x00001b9c                I2C_DRV_MasterInit
 .text.I2C_DRV_MasterSetBaudRate
                0x00001c60       0x98 ./SDK/platform/drivers/src/i2c/fsl_i2c_master_driver.o
                0x00001c60                I2C_DRV_MasterSetBaudRate
 .text.I2C_DRV_MasterIRQHandler
                0x00001cf8      0x180 ./SDK/platform/drivers/src/i2c/fsl_i2c_master_driver.o
                0x00001cf8                I2C_DRV_MasterIRQHandler
 .text.I2C_DRV_CompleteTransfer
                0x00001e78       0x98 ./SDK/platform/drivers/src/i2c/fsl_i2c_master_driver.o
 .text.I2C_HAL_GetStatusFlag
                0x00001f10       0x34 ./SDK/platform/drivers/src/i2c/fsl_i2c_shared_function.o
 .text.I2C_HAL_IsMaster
                0x00001f44       0x24 ./SDK/platform/drivers/src/i2c/fsl_i2c_shared_function.o
 .text.I2C_DRV_IRQHandler
                0x00001f68       0x78 ./SDK/platform/drivers/src/i2c/fsl_i2c_shared_function.o
                0x00001f68                I2C_DRV_IRQHandler
 .text.I2C_HAL_SetDirMode
                0x00001fe0       0x28 ./SDK/platform/drivers/src/i2c/fsl_i2c_slave_driver.o
 .text.I2C_HAL_GetDirMode
                0x00002008       0x20 ./SDK/platform/drivers/src/i2c/fsl_i2c_slave_driver.o
 .text.I2C_HAL_ReadByte
                0x00002028       0x18 ./SDK/platform/drivers/src/i2c/fsl_i2c_slave_driver.o
 .text.I2C_HAL_WriteByte
                0x00002040       0x1c ./SDK/platform/drivers/src/i2c/fsl_i2c_slave_driver.o
 .text.I2C_HAL_GetStatusFlag
                0x0000205c       0x34 ./SDK/platform/drivers/src/i2c/fsl_i2c_slave_driver.o
 .text.I2C_HAL_SetIntCmd
                0x00002090       0x28 ./SDK/platform/drivers/src/i2c/fsl_i2c_slave_driver.o
 .text.I2C_HAL_ClearInt
                0x000020b8       0x14 ./SDK/platform/drivers/src/i2c/fsl_i2c_slave_driver.o
 .text.I2C_HAL_GetStopFlag
                0x000020cc       0x24 ./SDK/platform/drivers/src/i2c/fsl_i2c_slave_driver.o
 .text.I2C_HAL_ClearStopFlag
                0x000020f0       0x1c ./SDK/platform/drivers/src/i2c/fsl_i2c_slave_driver.o
 .text.I2C_HAL_GetStopIntCmd
                0x0000210c       0x24 ./SDK/platform/drivers/src/i2c/fsl_i2c_slave_driver.o
 .text.I2C_DRV_SlaveIRQHandler
                0x00002130      0x370 ./SDK/platform/drivers/src/i2c/fsl_i2c_slave_driver.o
                0x00002130                I2C_DRV_SlaveIRQHandler
 .text.NVIC_EnableIRQ
                0x000024a0       0x2c ./SDK/platform/drivers/src/gpio/fsl_gpio_driver.o
 .text.PORT_HAL_SetPullCmd
                0x000024cc       0x4c ./SDK/platform/drivers/src/gpio/fsl_gpio_driver.o
 .text.PORT_HAL_SetSlewRateMode
                0x00002518       0x4c ./SDK/platform/drivers/src/gpio/fsl_gpio_driver.o
 .text.PORT_HAL_SetPassiveFilterCmd
                0x00002564       0x4c ./SDK/platform/drivers/src/gpio/fsl_gpio_driver.o
 .text.PORT_HAL_SetDriveStrengthMode
                0x000025b0       0x4c ./SDK/platform/drivers/src/gpio/fsl_gpio_driver.o
 .text.PORT_HAL_SetMuxMode
                0x000025fc       0x4c ./SDK/platform/drivers/src/gpio/fsl_gpio_driver.o
 .text.PORT_HAL_SetPinIntMode
                0x00002648       0x4c ./SDK/platform/drivers/src/gpio/fsl_gpio_driver.o
 .text.INT_SYS_EnableIRQ
                0x00002694       0x5c ./SDK/platform/drivers/src/gpio/fsl_gpio_driver.o
 .text.GPIO_DRV_Init
                0x000026f0       0x4c ./SDK/platform/drivers/src/gpio/fsl_gpio_driver.o
                0x000026f0                GPIO_DRV_Init
 .text.GPIO_DRV_InputPinInit
                0x0000273c       0xc4 ./SDK/platform/drivers/src/gpio/fsl_gpio_driver.o
                0x0000273c                GPIO_DRV_InputPinInit
 .text.GPIO_DRV_OutputPinInit
                0x00002800       0x9c ./SDK/platform/drivers/src/gpio/fsl_gpio_driver.o
                0x00002800                GPIO_DRV_OutputPinInit
 .text.SystemInit
                0x0000289c      0x178 ./SDK/platform/devices/MKL25Z4/startup/system_MKL25Z4.o
                0x0000289c                SystemInit
 .text.init_data_bss
                0x00002a14       0xc8 ./SDK/platform/devices/startup.o
                0x00002a14                init_data_bss
 .text.Components_Init
                0x00002adc       0x38 ./Generated_Code/Cpu.o
                0x00002adc                Components_Init
 .text.SIM_HAL_EnableClock
                0x00002b14       0x58 ./Generated_Code/hardware_init.o
 .text.hardware_init
                0x00002b6c       0x4c ./Generated_Code/hardware_init.o
                0x00002b6c                hardware_init
 .text.NVIC_SetPriority
                0x00002bb8       0xe0 ./Generated_Code/osa1.o
 .text.CLOCK_SYS_SetSystickSrc
                0x00002c98       0x30 ./Generated_Code/osa1.o
 .text.SysTick_Handler
                0x00002cc8       0x1c ./Generated_Code/osa1.o
                0x00002cc8                SysTick_Handler
 *fill*         0x00002ce4        0x4 
 .text.OSA_TimeInit
                0x00002ce8       0xa0 ./Generated_Code/osa1.o
                0x00002ce8                OSA_TimeInit
 .text.PORT_HAL_SetPullCmd
                0x00002d88       0x4c ./Generated_Code/pin_init.o
 .text.PORT_HAL_SetMuxMode
                0x00002dd4       0x4c ./Generated_Code/pin_init.o
 .text.init_gpio_pins
                0x00002e20       0x40 ./Generated_Code/pin_init.o
                0x00002e20                init_gpio_pins
 .text.init_i2c_pins
                0x00002e60       0x34 ./Generated_Code/pin_init.o
                0x00002e60                init_i2c_pins
 .text.init_osc_pins
                0x00002e94       0x2c ./Generated_Code/pin_init.o
                0x00002e94                init_osc_pins
 .text.init_rcm_pins
                0x00002ec0       0x20 ./Generated_Code/pin_init.o
                0x00002ec0                init_rcm_pins
 .text.init_swd_pins
                0x00002ee0       0x2c ./Generated_Code/pin_init.o
                0x00002ee0                init_swd_pins
 .text.__assert_func
                0x00002f0c       0x3c c:/freescale/kds_v3/toolchain/bin/../lib/gcc/arm-none-eabi/4.8.4/../../../../arm-none-eabi/lib/armv6-m\libg_s.a(lib_a-assert.o)
                0x00002f0c                __assert_func
 .text.__errno  0x00002f48        0xc c:/freescale/kds_v3/toolchain/bin/../lib/gcc/arm-none-eabi/4.8.4/../../../../arm-none-eabi/lib/armv6-m\libg_s.a(lib_a-errno.o)
                0x00002f48                __errno
 .text.exit     0x00002f54       0x2c c:/freescale/kds_v3/toolchain/bin/../lib/gcc/arm-none-eabi/4.8.4/../../../../arm-none-eabi/lib/armv6-m\libg_s.a(lib_a-exit.o)
                0x00002f54                exit
 .text.fprintf  0x00002f80       0x24 c:/freescale/kds_v3/toolchain/bin/../lib/gcc/arm-none-eabi/4.8.4/../../../../arm-none-eabi/lib/armv6-m\libg_s.a(lib_a-fprintf.o)
                0x00002f80                fiprintf
                0x00002f80                fprintf
 .text.__libc_init_array
                0x00002fa4       0x4c c:/freescale/kds_v3/toolchain/bin/../lib/gcc/arm-none-eabi/4.8.4/../../../../arm-none-eabi/lib/armv6-m\libg_s.a(lib_a-init.o)
                0x00002fa4                __libc_init_array
 .text.memset   0x00002ff0       0x10 c:/freescale/kds_v3/toolchain/bin/../lib/gcc/arm-none-eabi/4.8.4/../../../../arm-none-eabi/lib/armv6-m\libg_s.a(lib_a-memset.o)
                0x00002ff0                memset
 .text._free_r  0x00003000       0x90 c:/freescale/kds_v3/toolchain/bin/../lib/gcc/arm-none-eabi/4.8.4/../../../../arm-none-eabi/lib/armv6-m\libg_s.a(lib_a-nano-freer.o)
                0x00003000                _free_r
 .text._malloc_r
                0x00003090       0xa8 c:/freescale/kds_v3/toolchain/bin/../lib/gcc/arm-none-eabi/4.8.4/../../../../arm-none-eabi/lib/armv6-m\libg_s.a(lib_a-nano-mallocr.o)
                0x00003090                _malloc_r
 .text._sbrk_r  0x00003138       0x24 c:/freescale/kds_v3/toolchain/bin/../lib/gcc/arm-none-eabi/4.8.4/../../../../arm-none-eabi/lib/armv6-m\libg_s.a(lib_a-sbrkr.o)
                0x00003138                _sbrk_r
 .text.strlen   0x0000315c        0xe c:/freescale/kds_v3/toolchain/bin/../lib/gcc/arm-none-eabi/4.8.4/../../../../arm-none-eabi/lib/armv6-m\libg_s.a(lib_a-strlen.o)
                0x0000315c                strlen
 .text.__sfputc_r
                0x0000316a       0x2a c:/freescale/kds_v3/toolchain/bin/../lib/gcc/arm-none-eabi/4.8.4/../../../../arm-none-eabi/lib/armv6-m\libg_s.a(lib_a-vfprintf.o)
 .text.__sfputs_r
                0x00003194       0x24 c:/freescale/kds_v3/toolchain/bin/../lib/gcc/arm-none-eabi/4.8.4/../../../../arm-none-eabi/lib/armv6-m\libg_s.a(lib_a-vfprintf.o)
                0x00003194                __sfputs_r
 .text._vfprintf_r
                0x000031b8      0x210 c:/freescale/kds_v3/toolchain/bin/../lib/gcc/arm-none-eabi/4.8.4/../../../../arm-none-eabi/lib/armv6-m\libg_s.a(lib_a-vfprintf.o)
                0x000031b8                _vfprintf_r
                0x000031b8                _vfiprintf_r
 .text._printf_common
                0x000033c8       0xe8 c:/freescale/kds_v3/toolchain/bin/../lib/gcc/arm-none-eabi/4.8.4/../../../../arm-none-eabi/lib/armv6-m\libg_s.a(lib_a-vfprintf_i.o)
                0x000033c8                _printf_common
 .text._printf_i
                0x000034b0      0x22c c:/freescale/kds_v3/toolchain/bin/../lib/gcc/arm-none-eabi/4.8.4/../../../../arm-none-eabi/lib/armv6-m\libg_s.a(lib_a-vfprintf_i.o)
                0x000034b0                _printf_i
 .text.__swbuf_r
                0x000036dc       0xb0 c:/freescale/kds_v3/toolchain/bin/../lib/gcc/arm-none-eabi/4.8.4/../../../../arm-none-eabi/lib/armv6-m\libg_s.a(lib_a-wbuf.o)
                0x000036dc                __swbuf_r
 .text.__swsetup_r
                0x0000378c       0xe4 c:/freescale/kds_v3/toolchain/bin/../lib/gcc/arm-none-eabi/4.8.4/../../../../arm-none-eabi/lib/armv6-m\libg_s.a(lib_a-wsetup.o)
                0x0000378c                __swsetup_r
 .text.abort    0x00003870        0xe c:/freescale/kds_v3/toolchain/bin/../lib/gcc/arm-none-eabi/4.8.4/../../../../arm-none-eabi/lib/armv6-m\libg_s.a(lib_a-abort.o)
                0x00003870                abort
 .text.__sflush_r
                0x0000387e      0x112 c:/freescale/kds_v3/toolchain/bin/../lib/gcc/arm-none-eabi/4.8.4/../../../../arm-none-eabi/lib/armv6-m\libg_s.a(lib_a-fflush.o)
                0x0000387e                __sflush_r
 .text._fflush_r
                0x00003990       0x58 c:/freescale/kds_v3/toolchain/bin/../lib/gcc/arm-none-eabi/4.8.4/../../../../arm-none-eabi/lib/armv6-m\libg_s.a(lib_a-fflush.o)
                0x00003990                _fflush_r
 .text._cleanup_r
                0x000039e8       0x34 c:/freescale/kds_v3/toolchain/bin/../lib/gcc/arm-none-eabi/4.8.4/../../../../arm-none-eabi/lib/armv6-m\libg_s.a(lib_a-findfp.o)
                0x000039e8                _cleanup_r
 .text.std.isra.0
                0x00003a1c       0x48 c:/freescale/kds_v3/toolchain/bin/../lib/gcc/arm-none-eabi/4.8.4/../../../../arm-none-eabi/lib/armv6-m\libg_s.a(lib_a-findfp.o)
 .text.__sfmoreglue
                0x00003a64       0x2c c:/freescale/kds_v3/toolchain/bin/../lib/gcc/arm-none-eabi/4.8.4/../../../../arm-none-eabi/lib/armv6-m\libg_s.a(lib_a-findfp.o)
                0x00003a64                __sfmoreglue
 .text.__sinit  0x00003a90       0x64 c:/freescale/kds_v3/toolchain/bin/../lib/gcc/arm-none-eabi/4.8.4/../../../../arm-none-eabi/lib/armv6-m\libg_s.a(lib_a-findfp.o)
                0x00003a90                __sinit
 .text.__sfp    0x00003af4       0x7c c:/freescale/kds_v3/toolchain/bin/../lib/gcc/arm-none-eabi/4.8.4/../../../../arm-none-eabi/lib/armv6-m\libg_s.a(lib_a-findfp.o)
                0x00003af4                __sfp
 .text.__smakebuf_r
                0x00003b70       0xa0 c:/freescale/kds_v3/toolchain/bin/../lib/gcc/arm-none-eabi/4.8.4/../../../../arm-none-eabi/lib/armv6-m\libg_s.a(lib_a-makebuf.o)
                0x00003b70                __smakebuf_r
 .text.memchr   0x00003c10       0x16 c:/freescale/kds_v3/toolchain/bin/../lib/gcc/arm-none-eabi/4.8.4/../../../../arm-none-eabi/lib/armv6-m\libg_s.a(lib_a-memchr-stub.o)
                0x00003c10                memchr
 .text._raise_r
                0x00003c26       0x56 c:/freescale/kds_v3/toolchain/bin/../lib/gcc/arm-none-eabi/4.8.4/../../../../arm-none-eabi/lib/armv6-m\libg_s.a(lib_a-signal.o)
                0x00003c26                _raise_r
 .text.raise    0x00003c7c       0x14 c:/freescale/kds_v3/toolchain/bin/../lib/gcc/arm-none-eabi/4.8.4/../../../../arm-none-eabi/lib/armv6-m\libg_s.a(lib_a-signal.o)
                0x00003c7c                raise
 .text._kill_r  0x00003c90       0x24 c:/freescale/kds_v3/toolchain/bin/../lib/gcc/arm-none-eabi/4.8.4/../../../../arm-none-eabi/lib/armv6-m\libg_s.a(lib_a-signalr.o)
                0x00003c90                _kill_r
 .text._getpid_r
                0x00003cb4        0x8 c:/freescale/kds_v3/toolchain/bin/../lib/gcc/arm-none-eabi/4.8.4/../../../../arm-none-eabi/lib/armv6-m\libg_s.a(lib_a-signalr.o)
                0x00003cb4                _getpid_r
 .text.__sread  0x00003cbc       0x28 c:/freescale/kds_v3/toolchain/bin/../lib/gcc/arm-none-eabi/4.8.4/../../../../arm-none-eabi/lib/armv6-m\libg_s.a(lib_a-stdio.o)
                0x00003cbc                __sread
 .text.__swrite
                0x00003ce4       0x38 c:/freescale/kds_v3/toolchain/bin/../lib/gcc/arm-none-eabi/4.8.4/../../../../arm-none-eabi/lib/armv6-m\libg_s.a(lib_a-stdio.o)
                0x00003ce4                __swrite
 .text.__sseek  0x00003d1c       0x2c c:/freescale/kds_v3/toolchain/bin/../lib/gcc/arm-none-eabi/4.8.4/../../../../arm-none-eabi/lib/armv6-m\libg_s.a(lib_a-stdio.o)
                0x00003d1c                __sseek
 .text.__sclose
                0x00003d48        0xc c:/freescale/kds_v3/toolchain/bin/../lib/gcc/arm-none-eabi/4.8.4/../../../../arm-none-eabi/lib/armv6-m\libg_s.a(lib_a-stdio.o)
                0x00003d48                __sclose
 .text._write_r
                0x00003d54       0x28 c:/freescale/kds_v3/toolchain/bin/../lib/gcc/arm-none-eabi/4.8.4/../../../../arm-none-eabi/lib/armv6-m\libg_s.a(lib_a-writer.o)
                0x00003d54                _write_r
 .text._close_r
                0x00003d7c       0x24 c:/freescale/kds_v3/toolchain/bin/../lib/gcc/arm-none-eabi/4.8.4/../../../../arm-none-eabi/lib/armv6-m\libg_s.a(lib_a-closer.o)
                0x00003d7c                _close_r
 .text._fstat_r
                0x00003da0       0x24 c:/freescale/kds_v3/toolchain/bin/../lib/gcc/arm-none-eabi/4.8.4/../../../../arm-none-eabi/lib/armv6-m\libg_s.a(lib_a-fstatr.o)
                0x00003da0                _fstat_r
 .text._isatty_r
                0x00003dc4       0x24 c:/freescale/kds_v3/toolchain/bin/../lib/gcc/arm-none-eabi/4.8.4/../../../../arm-none-eabi/lib/armv6-m\libg_s.a(lib_a-isattyr.o)
                0x00003dc4                _isatty_r
 .text._lseek_r
                0x00003de8       0x28 c:/freescale/kds_v3/toolchain/bin/../lib/gcc/arm-none-eabi/4.8.4/../../../../arm-none-eabi/lib/armv6-m\libg_s.a(lib_a-lseekr.o)
                0x00003de8                _lseek_r
 .text._read_r  0x00003e10       0x28 c:/freescale/kds_v3/toolchain/bin/../lib/gcc/arm-none-eabi/4.8.4/../../../../arm-none-eabi/lib/armv6-m\libg_s.a(lib_a-readr.o)
                0x00003e10                _read_r
 .text._close   0x00003e38       0x10 c:/freescale/kds_v3/toolchain/bin/../lib/gcc/arm-none-eabi/4.8.4/../../../../arm-none-eabi/lib/armv6-m\libnosys.a(close.o)
                0x00003e38                _close
 .text._fstat   0x00003e48       0x10 c:/freescale/kds_v3/toolchain/bin/../lib/gcc/arm-none-eabi/4.8.4/../../../../arm-none-eabi/lib/armv6-m\libnosys.a(fstat.o)
                0x00003e48                _fstat
 .text._getpid  0x00003e58       0x10 c:/freescale/kds_v3/toolchain/bin/../lib/gcc/arm-none-eabi/4.8.4/../../../../arm-none-eabi/lib/armv6-m\libnosys.a(getpid.o)
                0x00003e58                _getpid
 .text._isatty  0x00003e68       0x10 c:/freescale/kds_v3/toolchain/bin/../lib/gcc/arm-none-eabi/4.8.4/../../../../arm-none-eabi/lib/armv6-m\libnosys.a(isatty.o)
                0x00003e68                _isatty
 .text._kill    0x00003e78       0x10 c:/freescale/kds_v3/toolchain/bin/../lib/gcc/arm-none-eabi/4.8.4/../../../../arm-none-eabi/lib/armv6-m\libnosys.a(kill.o)
                0x00003e78                _kill
 .text._lseek   0x00003e88       0x10 c:/freescale/kds_v3/toolchain/bin/../lib/gcc/arm-none-eabi/4.8.4/../../../../arm-none-eabi/lib/armv6-m\libnosys.a(lseek.o)
                0x00003e88                _lseek
 .text._exit    0x00003e98        0x4 c:/freescale/kds_v3/toolchain/bin/../lib/gcc/arm-none-eabi/4.8.4/../../../../arm-none-eabi/lib/armv6-m\libnosys.a(_exit.o)
                0x00003e98                _exit
 *(.rodata)
 .rodata        0x00003e9c      0x21c ./SDK/platform/system/src/clock/MKL25Z4/fsl_clock_MKL25Z4.o
 .rodata        0x000040b8       0x64 ./SDK/platform/osa/src/fsl_os_abstraction_bm.o
 .rodata        0x0000411c       0x48 ./SDK/platform/hal/src/i2c/fsl_i2c_hal.o
 .rodata        0x00004164       0x38 ./SDK/platform/hal/src/gpio/fsl_gpio_hal.o
 .rodata        0x0000419c      0x108 ./SDK/platform/drivers/src/i2c/fsl_i2c_master_driver.o
 .rodata        0x000042a4       0x5c ./SDK/platform/drivers/src/i2c/fsl_i2c_shared_function.o
 .rodata        0x00004300      0x100 ./SDK/platform/drivers/src/i2c/fsl_i2c_slave_driver.o
 .rodata        0x00004400      0x138 ./SDK/platform/drivers/src/gpio/fsl_gpio_driver.o
 .rodata        0x00004538       0x2c ./Generated_Code/osa1.o
 .rodata        0x00004564       0x54 ./Generated_Code/pin_init.o
 *(.rodata*)
 .rodata.portGateTable
                0x000045b8        0x8 ./SDK/platform/system/src/clock/MKL25Z4/fsl_clock_MKL25Z4.o
 .rodata.i2cGateTable
                0x000045c0        0x4 ./SDK/platform/system/src/clock/MKL25Z4/fsl_clock_MKL25Z4.o
 .rodata.__func__.6572
                0x000045c4       0x1c ./SDK/platform/system/src/clock/MKL25Z4/fsl_clock_MKL25Z4.o
 .rodata.__func__.6624
                0x000045e0       0x1c ./SDK/platform/system/src/clock/MKL25Z4/fsl_clock_MKL25Z4.o
 .rodata.__func__.6468
                0x000045fc       0x10 ./SDK/platform/osa/src/fsl_os_abstraction_bm.o
 .rodata.__func__.6478
                0x0000460c       0x10 ./SDK/platform/osa/src/fsl_os_abstraction_bm.o
 .rodata.__func__.6524
                0x0000461c       0x10 ./SDK/platform/osa/src/fsl_os_abstraction_bm.o
 .rodata.fllFactorTable.5325
                0x0000462c       0x10 ./SDK/platform/hal/src/mcg/fsl_mcg_hal.o
 .rodata.kI2CDividerTable
                0x0000463c       0xc8 ./SDK/platform/hal/src/i2c/fsl_i2c_hal.o
                0x0000463c                kI2CDividerTable
 .rodata.__func__.5300
                0x00004704       0x14 ./SDK/platform/hal/src/i2c/fsl_i2c_hal.o
 .rodata.__func__.5175
                0x00004718       0x14 ./SDK/platform/hal/src/gpio/fsl_gpio_hal.o
 .rodata.__func__.5181
                0x0000472c       0x18 ./SDK/platform/hal/src/gpio/fsl_gpio_hal.o
 .rodata.g_i2cBase
                0x00004744        0x8 ./SDK/platform/drivers/src/i2c/fsl_i2c_common.o
                0x00004744                g_i2cBase
 .rodata.g_i2cIrqId
                0x0000474c        0x4 ./SDK/platform/drivers/src/i2c/fsl_i2c_common.o
                0x0000474c                g_i2cIrqId
 .rodata.__func__.6885
                0x00004750       0x14 ./SDK/platform/drivers/src/i2c/fsl_i2c_master_driver.o
 .rodata.__func__.6842
                0x00004764       0x14 ./SDK/platform/drivers/src/i2c/fsl_i2c_master_driver.o
 .rodata.__func__.6897
                0x00004778       0x1c ./SDK/platform/drivers/src/i2c/fsl_i2c_master_driver.o
 .rodata.__func__.6956
                0x00004794       0x1c ./SDK/platform/drivers/src/i2c/fsl_i2c_master_driver.o
 .rodata.__func__.6977
                0x000047b0       0x1c ./SDK/platform/drivers/src/i2c/fsl_i2c_master_driver.o
 .rodata.__func__.5280
                0x000047cc       0x14 ./SDK/platform/drivers/src/i2c/fsl_i2c_shared_function.o
 .rodata.__func__.6945
                0x000047e0       0x18 ./SDK/platform/drivers/src/i2c/fsl_i2c_slave_driver.o
 .rodata.g_gpioBase
                0x000047f8       0x14 ./SDK/platform/drivers/src/gpio/fsl_gpio_common.o
                0x000047f8                g_gpioBase
 .rodata.g_portBase
                0x0000480c       0x14 ./SDK/platform/drivers/src/gpio/fsl_gpio_common.o
                0x0000480c                g_portBase
 .rodata.g_portIrqId
                0x00004820        0x8 ./SDK/platform/drivers/src/gpio/fsl_gpio_common.o
                0x00004820                g_portIrqId
 .rodata.__func__.5094
                0x00004828       0x14 ./SDK/platform/drivers/src/gpio/fsl_gpio_driver.o
 .rodata.__func__.5070
                0x0000483c       0x14 ./SDK/platform/drivers/src/gpio/fsl_gpio_driver.o
 .rodata.__func__.5082
                0x00004850       0x20 ./SDK/platform/drivers/src/gpio/fsl_gpio_driver.o
 .rodata.__func__.5108
                0x00004870       0x18 ./SDK/platform/drivers/src/gpio/fsl_gpio_driver.o
 .rodata.__func__.6588
                0x00004888       0x14 ./SDK/platform/drivers/src/gpio/fsl_gpio_driver.o
 .rodata.__func__.5076
                0x0000489c       0x1c ./SDK/platform/drivers/src/gpio/fsl_gpio_driver.o
 .rodata.__func__.5088
                0x000048b8       0x20 ./SDK/platform/drivers/src/gpio/fsl_gpio_driver.o
 .rodata.gpio1_InpConfig0
                0x000048d8       0x10 ./Generated_Code/gpio1.o
                0x000048d8                gpio1_InpConfig0
 .rodata.gpio1_OutConfig0
                0x000048e8       0x18 ./Generated_Code/gpio1.o
                0x000048e8                gpio1_OutConfig0
 .rodata.i2cCom1_MasterConfig0
                0x00004900        0x8 ./Generated_Code/i2cCom1.o
                0x00004900                i2cCom1_MasterConfig0
 .rodata.__func__.7374
                0x00004908       0x10 ./Generated_Code/osa1.o
 .rodata.__func__.5070
                0x00004918       0x14 ./Generated_Code/pin_init.o
 .rodata.__func__.5094
                0x0000492c       0x14 ./Generated_Code/pin_init.o
 .rodata.str1.1
                0x00004940       0x3c c:/freescale/kds_v3/toolchain/bin/../lib/gcc/arm-none-eabi/4.8.4/../../../../arm-none-eabi/lib/armv6-m\libg_s.a(lib_a-assert.o)
                                 0x3d (size before relaxing)
 .rodata.str1.1
                0x0000497c        0x2 c:/freescale/kds_v3/toolchain/bin/../lib/gcc/arm-none-eabi/4.8.4/../../../../arm-none-eabi/lib/armv6-m\libg_s.a(lib_a-impure.o)
 *fill*         0x0000497e        0x2 
 .rodata._global_impure_ptr
                0x00004980        0x4 c:/freescale/kds_v3/toolchain/bin/../lib/gcc/arm-none-eabi/4.8.4/../../../../arm-none-eabi/lib/armv6-m\libg_s.a(lib_a-impure.o)
                0x00004980                _global_impure_ptr
 .rodata.str1.1
                0x00004984       0x11 c:/freescale/kds_v3/toolchain/bin/../lib/gcc/arm-none-eabi/4.8.4/../../../../arm-none-eabi/lib/armv6-m\libg_s.a(lib_a-vfprintf.o)
 .rodata.str1.1
                0x00004995       0x22 c:/freescale/kds_v3/toolchain/bin/../lib/gcc/arm-none-eabi/4.8.4/../../../../arm-none-eabi/lib/armv6-m\libg_s.a(lib_a-vfprintf_i.o)
 *fill*         0x000049b7        0x1 
 .rodata.__sf_fake_stdin
                0x000049b8       0x20 c:/freescale/kds_v3/toolchain/bin/../lib/gcc/arm-none-eabi/4.8.4/../../../../arm-none-eabi/lib/armv6-m\libg_s.a(lib_a-findfp.o)
                0x000049b8                __sf_fake_stdin
 .rodata.__sf_fake_stdout
                0x000049d8       0x20 c:/freescale/kds_v3/toolchain/bin/../lib/gcc/arm-none-eabi/4.8.4/../../../../arm-none-eabi/lib/armv6-m\libg_s.a(lib_a-findfp.o)
                0x000049d8                __sf_fake_stdout
 .rodata.__sf_fake_stderr
                0x000049f8       0x20 c:/freescale/kds_v3/toolchain/bin/../lib/gcc/arm-none-eabi/4.8.4/../../../../arm-none-eabi/lib/armv6-m\libg_s.a(lib_a-findfp.o)
                0x000049f8                __sf_fake_stderr
 *(.glue_7)
 .glue_7        0x00000000        0x0 linker stubs
 *(.glue_7t)
 .glue_7t       0x00000000        0x0 linker stubs
 *(.eh_frame)
 .eh_frame      0x00004a18        0x0 c:/freescale/kds_v3/toolchain/bin/../lib/gcc/arm-none-eabi/4.8.4/armv6-m/crtbegin.o
 *(.init)
 .init          0x00004a18        0x4 c:/freescale/kds_v3/toolchain/bin/../lib/gcc/arm-none-eabi/4.8.4/armv6-m/crti.o
                0x00004a18                _init
 .init          0x00004a1c        0x8 c:/freescale/kds_v3/toolchain/bin/../lib/gcc/arm-none-eabi/4.8.4/armv6-m/crtn.o
 *(.fini)
 .fini          0x00004a24        0x4 c:/freescale/kds_v3/toolchain/bin/../lib/gcc/arm-none-eabi/4.8.4/armv6-m/crti.o
                0x00004a24                _fini
 .fini          0x00004a28        0x8 c:/freescale/kds_v3/toolchain/bin/../lib/gcc/arm-none-eabi/4.8.4/armv6-m/crtn.o
                0x00004a30                . = ALIGN (0x4)

.vfp11_veneer   0x00004a30        0x0
 .vfp11_veneer  0x00000000        0x0 linker stubs

.v4_bx          0x00004a30        0x0
 .v4_bx         0x00000000        0x0 linker stubs

.iplt           0x00004a30        0x0
 .iplt          0x00000000        0x0 c:/freescale/kds_v3/toolchain/bin/../lib/gcc/arm-none-eabi/4.8.4/armv6-m/crtbegin.o

.ARM.extab
 *(.ARM.extab* .gnu.linkonce.armextab.*)

.ARM            0x00004a30        0x8
                0x00004a30                __exidx_start = .
 *(.ARM.exidx*)
 .ARM.exidx     0x00004a30        0x8 c:/freescale/kds_v3/toolchain/bin/../lib/gcc/arm-none-eabi/4.8.4/../../../../arm-none-eabi/lib/armv6-m/crt0.o
 .ARM.exidx     0x00004a38        0x0 c:/freescale/kds_v3/toolchain/bin/../lib/gcc/arm-none-eabi/4.8.4/armv6-m\libgcc.a(_divdi3.o)
                                  0x8 (size before relaxing)
 .ARM.exidx     0x00004a38        0x0 c:/freescale/kds_v3/toolchain/bin/../lib/gcc/arm-none-eabi/4.8.4/armv6-m\libgcc.a(_udivdi3.o)
                                  0x8 (size before relaxing)
                0x00004a38                __exidx_end = .

.rel.dyn        0x00004a38        0x0
 .rel.iplt      0x00000000        0x0 c:/freescale/kds_v3/toolchain/bin/../lib/gcc/arm-none-eabi/4.8.4/armv6-m/crtbegin.o

.ctors          0x00004a38        0x0
                0x00004a38                __CTOR_LIST__ = .
 *crtbegin.o(.ctors)
 *crtbegin?.o(.ctors)
 *(EXCLUDE_FILE(*crtend.o *crtend?.o) .ctors)
 *(SORT(.ctors.*))
 *(.ctors)
                0x00004a38                __CTOR_END__ = .

.dtors          0x00004a38        0x0
                0x00004a38                __DTOR_LIST__ = .
 *crtbegin.o(.dtors)
 *crtbegin?.o(.dtors)
 *(EXCLUDE_FILE(*crtend.o *crtend?.o) .dtors)
 *(SORT(.dtors.*))
 *(.dtors)
                0x00004a38                __DTOR_END__ = .

.preinit_array  0x00004a38        0x0
                0x00004a38                PROVIDE (__preinit_array_start, .)
 *(.preinit_array*)
                0x00004a38                PROVIDE (__preinit_array_end, .)

.init_array     0x00004a38        0x4
                0x00004a38                PROVIDE (__init_array_start, .)
 *(SORT(.init_array.*))
 *(.init_array*)
 .init_array    0x00004a38        0x4 c:/freescale/kds_v3/toolchain/bin/../lib/gcc/arm-none-eabi/4.8.4/armv6-m/crtbegin.o
                0x00004a3c                PROVIDE (__init_array_end, .)

.fini_array     0x00004a3c        0x4
                0x00004a3c                PROVIDE (__fini_array_start, .)
 *(SORT(.fini_array.*))
 *(.fini_array*)
 .fini_array    0x00004a3c        0x4 c:/freescale/kds_v3/toolchain/bin/../lib/gcc/arm-none-eabi/4.8.4/armv6-m/crtbegin.o
                0x00004a40                PROVIDE (__fini_array_end, .)
                0x00004a40                __etext = .
                0x00004a40                __DATA_ROM = .

.mtb            0x1ffff200        0x0
                0x1ffff200                . = ALIGN (0x8)
                0x1ffff200                _mtb_start = .
 *(.mtb_buf)
                0x1ffff200                . = ALIGN (0x8)
                0x1ffff200                _mtb_end = .

.data           0x1ffff200       0x70 load address 0x00004a40
                0x1ffff200                . = ALIGN (0x4)
                0x1ffff200                __DATA_RAM = .
                0x1ffff200                __data_start__ = .
 *(.data)
 *(.data*)
 .data.g_fastInternalRefClkFreq
                0x1ffff200        0x4 ./SDK/platform/hal/src/mcg/fsl_mcg_hal.o
                0x1ffff200                g_fastInternalRefClkFreq
 .data.g_slowInternalRefClkFreq
                0x1ffff204        0x4 ./SDK/platform/hal/src/mcg/fsl_mcg_hal.o
                0x1ffff204                g_slowInternalRefClkFreq
 .data.impure_data
                0x1ffff208       0x60 c:/freescale/kds_v3/toolchain/bin/../lib/gcc/arm-none-eabi/4.8.4/../../../../arm-none-eabi/lib/armv6-m\libg_s.a(lib_a-impure.o)
 .data._impure_ptr
                0x1ffff268        0x4 c:/freescale/kds_v3/toolchain/bin/../lib/gcc/arm-none-eabi/4.8.4/../../../../arm-none-eabi/lib/armv6-m\libg_s.a(lib_a-impure.o)
                0x1ffff268                _impure_ptr
 *(.jcr*)
 .jcr           0x1ffff26c        0x0 c:/freescale/kds_v3/toolchain/bin/../lib/gcc/arm-none-eabi/4.8.4/armv6-m/crtbegin.o
 .jcr           0x1ffff26c        0x4 c:/freescale/kds_v3/toolchain/bin/../lib/gcc/arm-none-eabi/4.8.4/armv6-m/crtend.o
                0x1ffff270                . = ALIGN (0x4)
                0x1ffff270                __data_end__ = .
                0x00004ab0                __DATA_END = (__DATA_ROM + (__data_end__ - __data_start__))

.igot.plt       0x1ffff270        0x0 load address 0x00004ab0
 .igot.plt      0x00000000        0x0 c:/freescale/kds_v3/toolchain/bin/../lib/gcc/arm-none-eabi/4.8.4/armv6-m/crtbegin.o

.m_interrupts_ram
                0x1ffff000      0x200
                0x1ffff000                . = ALIGN (0x4)
                0x1ffff000                __m_interrupts_ram_RAMStart = .
 *(.m_interrupts_ram)
                0x1ffff200                . = (. + 0x200)
 *fill*         0x1ffff000      0x200 
                0x1ffff200                __m_interrupts_ram_RAMEnd = .
                0x1ffff200                . = ALIGN (0x4)
                0x00000200                __m_interrupts_ram_ROMSize = (__m_interrupts_ram_RAMEnd - __m_interrupts_ram_RAMStart)
                0x00000200                __RAM_VECTOR_TABLE_SIZE_BYTES = (__m_interrupts_ram_RAMEnd - __m_interrupts_ram_RAMStart)
                0x00020000                text_end = (ORIGIN (m_text) + 0x1fbf0)
                0x00004ab0                data_init_end = (__DATA_ROM + SIZEOF (.data))
                0x00000001                ASSERT ((data_init_end <= text_end), region m_text overflowed with text and data)

.bss            0x1ffff270       0xe0 load address 0x00004ab0
                0x1ffff270                . = ALIGN (0x4)
                0x1ffff270                __START_BSS = .
                0x1ffff270                __bss_start__ = .
 *(.bss)
 .bss           0x1ffff270       0x1c c:/freescale/kds_v3/toolchain/bin/../lib/gcc/arm-none-eabi/4.8.4/armv6-m/crtbegin.o
 *(.bss*)
 .bss.s_debugConsole
                0x1ffff28c       0x10 ./SDK/platform/utilities/src/fsl_debug_console.o
 .bss.heap_end.5138
                0x1ffff29c        0x4 ./SDK/platform/utilities/src/fsl_misc_utilities.o
 .bss.g_interruptDisableCount
                0x1ffff2a0        0x4 ./SDK/platform/system/src/interrupt/fsl_interrupt_manager.o
                0x1ffff2a0                g_interruptDisableCount
 .bss.g_curTask
                0x1ffff2a4        0x4 ./SDK/platform/osa/src/fsl_os_abstraction_bm.o
 .bss.g_taskControlBlockPool
                0x1ffff2a8       0x50 ./SDK/platform/osa/src/fsl_os_abstraction_bm.o
 .bss.g_freeTaskControlBlock
                0x1ffff2f8        0x4 ./SDK/platform/osa/src/fsl_os_abstraction_bm.o
 .bss.g_taskListHead
                0x1ffff2fc       0x10 ./SDK/platform/osa/src/fsl_os_abstraction_bm.o
 .bss.g_i2cStatePtr
                0x1ffff30c        0x8 ./SDK/platform/drivers/src/i2c/fsl_i2c_common.o
                0x1ffff30c                g_i2cStatePtr
 .bss.SwTimerIsrCounter
                0x1ffff314        0x2 ./Generated_Code/osa1.o
 *fill*         0x1ffff316        0x2 
 .bss.__malloc_sbrk_start
                0x1ffff318        0x4 c:/freescale/kds_v3/toolchain/bin/../lib/gcc/arm-none-eabi/4.8.4/../../../../arm-none-eabi/lib/armv6-m\libg_s.a(lib_a-nano-mallocr.o)
                0x1ffff318                __malloc_sbrk_start
 .bss.__malloc_free_list
                0x1ffff31c        0x4 c:/freescale/kds_v3/toolchain/bin/../lib/gcc/arm-none-eabi/4.8.4/../../../../arm-none-eabi/lib/armv6-m\libg_s.a(lib_a-nano-mallocr.o)
                0x1ffff31c                __malloc_free_list
 *(COMMON)
 COMMON         0x1ffff320        0x8 ./SDK/platform/hal/src/mcg/fsl_mcg_hal.o
                0x1ffff320                g_xtal0ClkFreq
                0x1ffff324                g_xtalRtcClkFreq
 COMMON         0x1ffff328       0x24 ./Generated_Code/i2cCom1.o
                0x1ffff328                i2cCom1_MasterState
 COMMON         0x1ffff34c        0x4 c:/freescale/kds_v3/toolchain/bin/../lib/gcc/arm-none-eabi/4.8.4/../../../../arm-none-eabi/lib/armv6-m\libg_s.a(lib_a-reent.o)
                0x1ffff34c                errno
                0x1ffff350                . = ALIGN (0x4)
                0x1ffff350                __bss_end__ = .
                0x1ffff350                __END_BSS = .

.heap           0x1ffff350        0x0
                0x1ffff350                . = ALIGN (0x8)
                0x1ffff350                __end__ = .
                0x1ffff350                PROVIDE (end, .)
                0x1ffff350                __HeapBase = .
                0x1ffff350                . = (. + HEAP_SIZE)
                0x1ffff350                __HeapLimit = .

.stack          0x1ffff350      0x400 load address 0x00004b90
                0x1ffff350                . = ALIGN (0x8)
                0x1ffff750                . = (. + STACK_SIZE)
 *fill*         0x1ffff350      0x400 
                0x20003000                __StackTop = (ORIGIN (m_data) + 0x3e00)
                0x20002c00                __StackLimit = (__StackTop - STACK_SIZE)
                0x20003000                PROVIDE (__stack, __StackTop)

.ARM.attributes
                0x00000000       0x28
 *(.ARM.attributes)
 .ARM.attributes
                0x00000000       0x1e c:/freescale/kds_v3/toolchain/bin/../lib/gcc/arm-none-eabi/4.8.4/armv6-m/crti.o
 .ARM.attributes
                0x0000001e       0x2c c:/freescale/kds_v3/toolchain/bin/../lib/gcc/arm-none-eabi/4.8.4/armv6-m/crtbegin.o
 .ARM.attributes
                0x0000004a       0x1b c:/freescale/kds_v3/toolchain/bin/../lib/gcc/arm-none-eabi/4.8.4/../../../../arm-none-eabi/lib/armv6-m/crt0.o
 .ARM.attributes
                0x00000065       0x32 ./Static_Code/System/PE_low_level_init.o
 .ARM.attributes
                0x00000097       0x32 ./Sources/Events.o
 .ARM.attributes
                0x000000c9       0x32 ./Sources/main.o
 .ARM.attributes
                0x000000fb       0x32 ./SDK/platform/utilities/src/fsl_debug_console.o
 .ARM.attributes
                0x0000012d       0x32 ./SDK/platform/utilities/src/fsl_misc_utilities.o
 .ARM.attributes
                0x0000015f       0x32 ./SDK/platform/system/src/interrupt/fsl_interrupt_manager.o
 .ARM.attributes
                0x00000191       0x32 ./SDK/platform/system/src/clock/MKL25Z4/fsl_clock_MKL25Z4.o
 .ARM.attributes
                0x000001c3       0x32 ./SDK/platform/system/src/clock/fsl_clock_manager.o
 .ARM.attributes
                0x000001f5       0x32 ./SDK/platform/osa/src/fsl_os_abstraction_bm.o
 .ARM.attributes
                0x00000227       0x32 ./SDK/platform/hal/src/mcg/fsl_mcg_hal.o
 .ARM.attributes
                0x00000259       0x32 ./SDK/platform/hal/src/i2c/fsl_i2c_hal.o
 .ARM.attributes
                0x0000028b       0x32 ./SDK/platform/hal/src/gpio/fsl_gpio_hal.o
 .ARM.attributes
                0x000002bd       0x32 ./SDK/platform/drivers/src/i2c/fsl_i2c_common.o
 .ARM.attributes
                0x000002ef       0x32 ./SDK/platform/drivers/src/i2c/fsl_i2c_master_driver.o
 .ARM.attributes
                0x00000321       0x32 ./SDK/platform/drivers/src/i2c/fsl_i2c_shared_function.o
 .ARM.attributes
                0x00000353       0x32 ./SDK/platform/drivers/src/i2c/fsl_i2c_slave_driver.o
 .ARM.attributes
                0x00000385       0x32 ./SDK/platform/drivers/src/gpio/fsl_gpio_common.o
 .ARM.attributes
                0x000003b7       0x32 ./SDK/platform/drivers/src/gpio/fsl_gpio_driver.o
 .ARM.attributes
                0x000003e9       0x1b ./SDK/platform/devices/MKL25Z4/startup/gcc/startup_MKL25Z4.o
 .ARM.attributes
                0x00000404       0x32 ./SDK/platform/devices/MKL25Z4/startup/system_MKL25Z4.o
 .ARM.attributes
                0x00000436       0x32 ./SDK/platform/devices/startup.o
 .ARM.attributes
                0x00000468       0x32 ./Generated_Code/Cpu.o
 .ARM.attributes
                0x0000049a       0x32 ./Generated_Code/gpio1.o
 .ARM.attributes
                0x000004cc       0x32 ./Generated_Code/hardware_init.o
 .ARM.attributes
                0x000004fe       0x32 ./Generated_Code/i2cCom1.o
 .ARM.attributes
                0x00000530       0x32 ./Generated_Code/osa1.o
 .ARM.attributes
                0x00000562       0x32 ./Generated_Code/pin_init.o
 .ARM.attributes
                0x00000594       0x1e c:/freescale/kds_v3/toolchain/bin/../lib/gcc/arm-none-eabi/4.8.4/armv6-m\libgcc.a(_udivsi3.o)
 .ARM.attributes
                0x000005b2       0x1e c:/freescale/kds_v3/toolchain/bin/../lib/gcc/arm-none-eabi/4.8.4/armv6-m\libgcc.a(_dvmd_tls.o)
 .ARM.attributes
                0x000005d0       0x1e c:/freescale/kds_v3/toolchain/bin/../lib/gcc/arm-none-eabi/4.8.4/armv6-m\libgcc.a(_aeabi_uldivmod.o)
 .ARM.attributes
                0x000005ee       0x2c c:/freescale/kds_v3/toolchain/bin/../lib/gcc/arm-none-eabi/4.8.4/armv6-m\libgcc.a(_muldi3.o)
 .ARM.attributes
                0x0000061a       0x2c c:/freescale/kds_v3/toolchain/bin/../lib/gcc/arm-none-eabi/4.8.4/armv6-m\libgcc.a(bpabi.o)
 .ARM.attributes
                0x00000646       0x2c c:/freescale/kds_v3/toolchain/bin/../lib/gcc/arm-none-eabi/4.8.4/armv6-m\libgcc.a(_divdi3.o)
 .ARM.attributes
                0x00000672       0x2c c:/freescale/kds_v3/toolchain/bin/../lib/gcc/arm-none-eabi/4.8.4/armv6-m\libgcc.a(_udivdi3.o)
 .ARM.attributes
                0x0000069e       0x1e c:/freescale/kds_v3/toolchain/bin/../lib/gcc/arm-none-eabi/4.8.4/armv6-m\libgcc.a(_clzsi2.o)
 .ARM.attributes
                0x000006bc       0x2c c:/freescale/kds_v3/toolchain/bin/../lib/gcc/arm-none-eabi/4.8.4/../../../../arm-none-eabi/lib/armv6-m\libg_s.a(lib_a-assert.o)
 .ARM.attributes
                0x000006e8       0x2c c:/freescale/kds_v3/toolchain/bin/../lib/gcc/arm-none-eabi/4.8.4/../../../../arm-none-eabi/lib/armv6-m\libg_s.a(lib_a-errno.o)
 .ARM.attributes
                0x00000714       0x2c c:/freescale/kds_v3/toolchain/bin/../lib/gcc/arm-none-eabi/4.8.4/../../../../arm-none-eabi/lib/armv6-m\libg_s.a(lib_a-exit.o)
 .ARM.attributes
                0x00000740       0x2c c:/freescale/kds_v3/toolchain/bin/../lib/gcc/arm-none-eabi/4.8.4/../../../../arm-none-eabi/lib/armv6-m\libg_s.a(lib_a-fprintf.o)
 .ARM.attributes
                0x0000076c       0x2c c:/freescale/kds_v3/toolchain/bin/../lib/gcc/arm-none-eabi/4.8.4/../../../../arm-none-eabi/lib/armv6-m\libg_s.a(lib_a-impure.o)
 .ARM.attributes
                0x00000798       0x2c c:/freescale/kds_v3/toolchain/bin/../lib/gcc/arm-none-eabi/4.8.4/../../../../arm-none-eabi/lib/armv6-m\libg_s.a(lib_a-init.o)
 .ARM.attributes
                0x000007c4       0x2c c:/freescale/kds_v3/toolchain/bin/../lib/gcc/arm-none-eabi/4.8.4/../../../../arm-none-eabi/lib/armv6-m\libg_s.a(lib_a-memset.o)
 .ARM.attributes
                0x000007f0       0x2c c:/freescale/kds_v3/toolchain/bin/../lib/gcc/arm-none-eabi/4.8.4/../../../../arm-none-eabi/lib/armv6-m\libg_s.a(lib_a-nano-freer.o)
 .ARM.attributes
                0x0000081c       0x2c c:/freescale/kds_v3/toolchain/bin/../lib/gcc/arm-none-eabi/4.8.4/../../../../arm-none-eabi/lib/armv6-m\libg_s.a(lib_a-nano-mallocr.o)
 .ARM.attributes
                0x00000848       0x2c c:/freescale/kds_v3/toolchain/bin/../lib/gcc/arm-none-eabi/4.8.4/../../../../arm-none-eabi/lib/armv6-m\libg_s.a(lib_a-sbrkr.o)
 .ARM.attributes
                0x00000874       0x2c c:/freescale/kds_v3/toolchain/bin/../lib/gcc/arm-none-eabi/4.8.4/../../../../arm-none-eabi/lib/armv6-m\libg_s.a(lib_a-strlen.o)
 .ARM.attributes
                0x000008a0       0x2c c:/freescale/kds_v3/toolchain/bin/../lib/gcc/arm-none-eabi/4.8.4/../../../../arm-none-eabi/lib/armv6-m\libg_s.a(lib_a-vfprintf.o)
 .ARM.attributes
                0x000008cc       0x2c c:/freescale/kds_v3/toolchain/bin/../lib/gcc/arm-none-eabi/4.8.4/../../../../arm-none-eabi/lib/armv6-m\libg_s.a(lib_a-vfprintf_i.o)
 .ARM.attributes
                0x000008f8       0x2c c:/freescale/kds_v3/toolchain/bin/../lib/gcc/arm-none-eabi/4.8.4/../../../../arm-none-eabi/lib/armv6-m\libg_s.a(lib_a-wbuf.o)
 .ARM.attributes
                0x00000924       0x2c c:/freescale/kds_v3/toolchain/bin/../lib/gcc/arm-none-eabi/4.8.4/../../../../arm-none-eabi/lib/armv6-m\libg_s.a(lib_a-wsetup.o)
 .ARM.attributes
                0x00000950       0x2c c:/freescale/kds_v3/toolchain/bin/../lib/gcc/arm-none-eabi/4.8.4/../../../../arm-none-eabi/lib/armv6-m\libg_s.a(lib_a-abort.o)
 .ARM.attributes
                0x0000097c       0x2c c:/freescale/kds_v3/toolchain/bin/../lib/gcc/arm-none-eabi/4.8.4/../../../../arm-none-eabi/lib/armv6-m\libg_s.a(lib_a-fflush.o)
 .ARM.attributes
                0x000009a8       0x2c c:/freescale/kds_v3/toolchain/bin/../lib/gcc/arm-none-eabi/4.8.4/../../../../arm-none-eabi/lib/armv6-m\libg_s.a(lib_a-findfp.o)
 .ARM.attributes
                0x000009d4       0x2c c:/freescale/kds_v3/toolchain/bin/../lib/gcc/arm-none-eabi/4.8.4/../../../../arm-none-eabi/lib/armv6-m\libg_s.a(lib_a-makebuf.o)
 .ARM.attributes
                0x00000a00       0x2c c:/freescale/kds_v3/toolchain/bin/../lib/gcc/arm-none-eabi/4.8.4/../../../../arm-none-eabi/lib/armv6-m\libg_s.a(lib_a-memchr-stub.o)
 .ARM.attributes
                0x00000a2c       0x2c c:/freescale/kds_v3/toolchain/bin/../lib/gcc/arm-none-eabi/4.8.4/../../../../arm-none-eabi/lib/armv6-m\libg_s.a(lib_a-reent.o)
 .ARM.attributes
                0x00000a58       0x2c c:/freescale/kds_v3/toolchain/bin/../lib/gcc/arm-none-eabi/4.8.4/../../../../arm-none-eabi/lib/armv6-m\libg_s.a(lib_a-signal.o)
 .ARM.attributes
                0x00000a84       0x2c c:/freescale/kds_v3/toolchain/bin/../lib/gcc/arm-none-eabi/4.8.4/../../../../arm-none-eabi/lib/armv6-m\libg_s.a(lib_a-signalr.o)
 .ARM.attributes
                0x00000ab0       0x2c c:/freescale/kds_v3/toolchain/bin/../lib/gcc/arm-none-eabi/4.8.4/../../../../arm-none-eabi/lib/armv6-m\libg_s.a(lib_a-stdio.o)
 .ARM.attributes
                0x00000adc       0x2c c:/freescale/kds_v3/toolchain/bin/../lib/gcc/arm-none-eabi/4.8.4/../../../../arm-none-eabi/lib/armv6-m\libg_s.a(lib_a-writer.o)
 .ARM.attributes
                0x00000b08       0x2c c:/freescale/kds_v3/toolchain/bin/../lib/gcc/arm-none-eabi/4.8.4/../../../../arm-none-eabi/lib/armv6-m\libg_s.a(lib_a-closer.o)
 .ARM.attributes
                0x00000b34       0x2c c:/freescale/kds_v3/toolchain/bin/../lib/gcc/arm-none-eabi/4.8.4/../../../../arm-none-eabi/lib/armv6-m\libg_s.a(lib_a-fstatr.o)
 .ARM.attributes
                0x00000b60       0x2c c:/freescale/kds_v3/toolchain/bin/../lib/gcc/arm-none-eabi/4.8.4/../../../../arm-none-eabi/lib/armv6-m\libg_s.a(lib_a-isattyr.o)
 .ARM.attributes
                0x00000b8c       0x2c c:/freescale/kds_v3/toolchain/bin/../lib/gcc/arm-none-eabi/4.8.4/../../../../arm-none-eabi/lib/armv6-m\libg_s.a(lib_a-lseekr.o)
 .ARM.attributes
                0x00000bb8       0x2c c:/freescale/kds_v3/toolchain/bin/../lib/gcc/arm-none-eabi/4.8.4/../../../../arm-none-eabi/lib/armv6-m\libg_s.a(lib_a-readr.o)
 .ARM.attributes
                0x00000be4       0x2c c:/freescale/kds_v3/toolchain/bin/../lib/gcc/arm-none-eabi/4.8.4/../../../../arm-none-eabi/lib/armv6-m\libnosys.a(close.o)
 .ARM.attributes
                0x00000c10       0x2c c:/freescale/kds_v3/toolchain/bin/../lib/gcc/arm-none-eabi/4.8.4/../../../../arm-none-eabi/lib/armv6-m\libnosys.a(fstat.o)
 .ARM.attributes
                0x00000c3c       0x2c c:/freescale/kds_v3/toolchain/bin/../lib/gcc/arm-none-eabi/4.8.4/../../../../arm-none-eabi/lib/armv6-m\libnosys.a(getpid.o)
 .ARM.attributes
                0x00000c68       0x2c c:/freescale/kds_v3/toolchain/bin/../lib/gcc/arm-none-eabi/4.8.4/../../../../arm-none-eabi/lib/armv6-m\libnosys.a(isatty.o)
 .ARM.attributes
                0x00000c94       0x2c c:/freescale/kds_v3/toolchain/bin/../lib/gcc/arm-none-eabi/4.8.4/../../../../arm-none-eabi/lib/armv6-m\libnosys.a(kill.o)
 .ARM.attributes
                0x00000cc0       0x2c c:/freescale/kds_v3/toolchain/bin/../lib/gcc/arm-none-eabi/4.8.4/../../../../arm-none-eabi/lib/armv6-m\libnosys.a(lseek.o)
 .ARM.attributes
                0x00000cec       0x2c c:/freescale/kds_v3/toolchain/bin/../lib/gcc/arm-none-eabi/4.8.4/../../../../arm-none-eabi/lib/armv6-m\libnosys.a(_exit.o)
 .ARM.attributes
                0x00000d18       0x2c c:/freescale/kds_v3/toolchain/bin/../lib/gcc/arm-none-eabi/4.8.4/armv6-m/crtend.o
 .ARM.attributes
                0x00000d44       0x1e c:/freescale/kds_v3/toolchain/bin/../lib/gcc/arm-none-eabi/4.8.4/armv6-m/crtn.o
OUTPUT(us114.elf elf32-littlearm)

.debug_info     0x00000000     0xc6b0
 .debug_info    0x00000000      0x1db ./Static_Code/System/PE_low_level_init.o
 .debug_info    0x000001db      0x1ca ./Sources/Events.o
 .debug_info    0x000003a5      0x1ce ./Sources/main.o
 .debug_info    0x00000573      0xa71 ./SDK/platform/utilities/src/fsl_debug_console.o
 .debug_info    0x00000fe4      0x172 ./SDK/platform/utilities/src/fsl_misc_utilities.o
 .debug_info    0x00001156      0x290 ./SDK/platform/system/src/interrupt/fsl_interrupt_manager.o
 .debug_info    0x000013e6     0x17c9 ./SDK/platform/system/src/clock/MKL25Z4/fsl_clock_MKL25Z4.o
 .debug_info    0x00002baf     0x16a7 ./SDK/platform/system/src/clock/fsl_clock_manager.o
 .debug_info    0x00004256      0xf18 ./SDK/platform/osa/src/fsl_os_abstraction_bm.o
 .debug_info    0x0000516e      0xc53 ./SDK/platform/hal/src/mcg/fsl_mcg_hal.o
 .debug_info    0x00005dc1      0x966 ./SDK/platform/hal/src/i2c/fsl_i2c_hal.o
 .debug_info    0x00006727      0x2f0 ./SDK/platform/hal/src/gpio/fsl_gpio_hal.o
 .debug_info    0x00006a17      0x2aa ./SDK/platform/drivers/src/i2c/fsl_i2c_common.o
 .debug_info    0x00006cc1     0x11a4 ./SDK/platform/drivers/src/i2c/fsl_i2c_master_driver.o
 .debug_info    0x00007e65      0x29a ./SDK/platform/drivers/src/i2c/fsl_i2c_shared_function.o
 .debug_info    0x000080ff     0x1045 ./SDK/platform/drivers/src/i2c/fsl_i2c_slave_driver.o
 .debug_info    0x00009144      0x397 ./SDK/platform/drivers/src/gpio/fsl_gpio_common.o
 .debug_info    0x000094db      0xe80 ./SDK/platform/drivers/src/gpio/fsl_gpio_driver.o
 .debug_info    0x0000a35b       0x8f ./SDK/platform/devices/MKL25Z4/startup/gcc/startup_MKL25Z4.o
 .debug_info    0x0000a3ea      0x672 ./SDK/platform/devices/MKL25Z4/startup/system_MKL25Z4.o
 .debug_info    0x0000aa5c      0x296 ./SDK/platform/devices/startup.o
 .debug_info    0x0000acf2      0x52d ./Generated_Code/Cpu.o
 .debug_info    0x0000b21f      0x386 ./Generated_Code/gpio1.o
 .debug_info    0x0000b5a5      0x3cf ./Generated_Code/hardware_init.o
 .debug_info    0x0000b974      0x37c ./Generated_Code/i2cCom1.o
 .debug_info    0x0000bcf0      0x5fa ./Generated_Code/osa1.o
 .debug_info    0x0000c2ea      0x3c6 ./Generated_Code/pin_init.o

.debug_abbrev   0x00000000     0x26e3
 .debug_abbrev  0x00000000       0xc4 ./Static_Code/System/PE_low_level_init.o
 .debug_abbrev  0x000000c4       0xc4 ./Sources/Events.o
 .debug_abbrev  0x00000188       0xc6 ./Sources/main.o
 .debug_abbrev  0x0000024e      0x23a ./SDK/platform/utilities/src/fsl_debug_console.o
 .debug_abbrev  0x00000488       0xc4 ./SDK/platform/utilities/src/fsl_misc_utilities.o
 .debug_abbrev  0x0000054c      0x128 ./SDK/platform/system/src/interrupt/fsl_interrupt_manager.o
 .debug_abbrev  0x00000674      0x2f2 ./SDK/platform/system/src/clock/MKL25Z4/fsl_clock_MKL25Z4.o
 .debug_abbrev  0x00000966      0x2ac ./SDK/platform/system/src/clock/fsl_clock_manager.o
 .debug_abbrev  0x00000c12      0x21f ./SDK/platform/osa/src/fsl_os_abstraction_bm.o
 .debug_abbrev  0x00000e31      0x237 ./SDK/platform/hal/src/mcg/fsl_mcg_hal.o
 .debug_abbrev  0x00001068      0x244 ./SDK/platform/hal/src/i2c/fsl_i2c_hal.o
 .debug_abbrev  0x000012ac      0x11b ./SDK/platform/hal/src/gpio/fsl_gpio_hal.o
 .debug_abbrev  0x000013c7       0xc7 ./SDK/platform/drivers/src/i2c/fsl_i2c_common.o
 .debug_abbrev  0x0000148e      0x295 ./SDK/platform/drivers/src/i2c/fsl_i2c_master_driver.o
 .debug_abbrev  0x00001723      0x132 ./SDK/platform/drivers/src/i2c/fsl_i2c_shared_function.o
 .debug_abbrev  0x00001855      0x246 ./SDK/platform/drivers/src/i2c/fsl_i2c_slave_driver.o
 .debug_abbrev  0x00001a9b       0xc0 ./SDK/platform/drivers/src/gpio/fsl_gpio_common.o
 .debug_abbrev  0x00001b5b      0x27a ./SDK/platform/drivers/src/gpio/fsl_gpio_driver.o
 .debug_abbrev  0x00001dd5       0x14 ./SDK/platform/devices/MKL25Z4/startup/gcc/startup_MKL25Z4.o
 .debug_abbrev  0x00001de9      0x121 ./SDK/platform/devices/MKL25Z4/startup/system_MKL25Z4.o
 .debug_abbrev  0x00001f0a       0xe9 ./SDK/platform/devices/startup.o
 .debug_abbrev  0x00001ff3       0xff ./Generated_Code/Cpu.o
 .debug_abbrev  0x000020f2       0xef ./Generated_Code/gpio1.o
 .debug_abbrev  0x000021e1      0x10c ./Generated_Code/hardware_init.o
 .debug_abbrev  0x000022ed       0xef ./Generated_Code/i2cCom1.o
 .debug_abbrev  0x000023dc      0x1d0 ./Generated_Code/osa1.o
 .debug_abbrev  0x000025ac      0x137 ./Generated_Code/pin_init.o

.debug_aranges  0x00000000      0xd10
 .debug_aranges
                0x00000000       0x28 ./Static_Code/System/PE_low_level_init.o
 .debug_aranges
                0x00000028       0x20 ./Sources/Events.o
 .debug_aranges
                0x00000048       0x20 ./Sources/main.o
 .debug_aranges
                0x00000068       0xa0 ./SDK/platform/utilities/src/fsl_debug_console.o
 .debug_aranges
                0x00000108       0x28 ./SDK/platform/utilities/src/fsl_misc_utilities.o
 .debug_aranges
                0x00000130       0x30 ./SDK/platform/system/src/interrupt/fsl_interrupt_manager.o
 .debug_aranges
                0x00000160      0x210 ./SDK/platform/system/src/clock/MKL25Z4/fsl_clock_MKL25Z4.o
 .debug_aranges
                0x00000370      0x150 ./SDK/platform/system/src/clock/fsl_clock_manager.o
 .debug_aranges
                0x000004c0      0x148 ./SDK/platform/osa/src/fsl_os_abstraction_bm.o
 .debug_aranges
                0x00000608       0xf0 ./SDK/platform/hal/src/mcg/fsl_mcg_hal.o
 .debug_aranges
                0x000006f8       0xd0 ./SDK/platform/hal/src/i2c/fsl_i2c_hal.o
 .debug_aranges
                0x000007c8       0x38 ./SDK/platform/hal/src/gpio/fsl_gpio_hal.o
 .debug_aranges
                0x00000800       0x18 ./SDK/platform/drivers/src/i2c/fsl_i2c_common.o
 .debug_aranges
                0x00000818      0x120 ./SDK/platform/drivers/src/i2c/fsl_i2c_master_driver.o
 .debug_aranges
                0x00000938       0x30 ./SDK/platform/drivers/src/i2c/fsl_i2c_shared_function.o
 .debug_aranges
                0x00000968      0x100 ./SDK/platform/drivers/src/i2c/fsl_i2c_slave_driver.o
 .debug_aranges
                0x00000a68       0x18 ./SDK/platform/drivers/src/gpio/fsl_gpio_common.o
 .debug_aranges
                0x00000a80       0xf0 ./SDK/platform/drivers/src/gpio/fsl_gpio_driver.o
 .debug_aranges
                0x00000b70       0x20 ./SDK/platform/devices/MKL25Z4/startup/gcc/startup_MKL25Z4.o
 .debug_aranges
                0x00000b90       0x28 ./SDK/platform/devices/MKL25Z4/startup/system_MKL25Z4.o
 .debug_aranges
                0x00000bb8       0x20 ./SDK/platform/devices/startup.o
 .debug_aranges
                0x00000bd8       0x20 ./Generated_Code/Cpu.o
 .debug_aranges
                0x00000bf8       0x18 ./Generated_Code/gpio1.o
 .debug_aranges
                0x00000c10       0x28 ./Generated_Code/hardware_init.o
 .debug_aranges
                0x00000c38       0x18 ./Generated_Code/i2cCom1.o
 .debug_aranges
                0x00000c50       0x48 ./Generated_Code/osa1.o
 .debug_aranges
                0x00000c98       0x78 ./Generated_Code/pin_init.o

.debug_ranges   0x00000000      0xb30
 .debug_ranges  0x00000000       0x18 ./Static_Code/System/PE_low_level_init.o
 .debug_ranges  0x00000018       0x10 ./Sources/Events.o
 .debug_ranges  0x00000028       0x10 ./Sources/main.o
 .debug_ranges  0x00000038       0x90 ./SDK/platform/utilities/src/fsl_debug_console.o
 .debug_ranges  0x000000c8       0x18 ./SDK/platform/utilities/src/fsl_misc_utilities.o
 .debug_ranges  0x000000e0       0x20 ./SDK/platform/system/src/interrupt/fsl_interrupt_manager.o
 .debug_ranges  0x00000100      0x200 ./SDK/platform/system/src/clock/MKL25Z4/fsl_clock_MKL25Z4.o
 .debug_ranges  0x00000300      0x140 ./SDK/platform/system/src/clock/fsl_clock_manager.o
 .debug_ranges  0x00000440      0x138 ./SDK/platform/osa/src/fsl_os_abstraction_bm.o
 .debug_ranges  0x00000578       0xe0 ./SDK/platform/hal/src/mcg/fsl_mcg_hal.o
 .debug_ranges  0x00000658       0xc0 ./SDK/platform/hal/src/i2c/fsl_i2c_hal.o
 .debug_ranges  0x00000718       0x28 ./SDK/platform/hal/src/gpio/fsl_gpio_hal.o
 .debug_ranges  0x00000740      0x110 ./SDK/platform/drivers/src/i2c/fsl_i2c_master_driver.o
 .debug_ranges  0x00000850       0x20 ./SDK/platform/drivers/src/i2c/fsl_i2c_shared_function.o
 .debug_ranges  0x00000870       0xf0 ./SDK/platform/drivers/src/i2c/fsl_i2c_slave_driver.o
 .debug_ranges  0x00000960       0xe0 ./SDK/platform/drivers/src/gpio/fsl_gpio_driver.o
 .debug_ranges  0x00000a40       0x18 ./SDK/platform/devices/MKL25Z4/startup/system_MKL25Z4.o
 .debug_ranges  0x00000a58       0x10 ./SDK/platform/devices/startup.o
 .debug_ranges  0x00000a68       0x10 ./Generated_Code/Cpu.o
 .debug_ranges  0x00000a78       0x18 ./Generated_Code/hardware_init.o
 .debug_ranges  0x00000a90       0x38 ./Generated_Code/osa1.o
 .debug_ranges  0x00000ac8       0x68 ./Generated_Code/pin_init.o

.debug_macro    0x00000000    0x166d4
 .debug_macro   0x00000000      0x312 ./Static_Code/System/PE_low_level_init.o
 .debug_macro   0x00000312      0x80e ./Static_Code/System/PE_low_level_init.o
 .debug_macro   0x00000b20       0x11 ./Static_Code/System/PE_low_level_init.o
 .debug_macro   0x00000b31       0x16 ./Static_Code/System/PE_low_level_init.o
 .debug_macro   0x00000b47       0x16 ./Static_Code/System/PE_low_level_init.o
 .debug_macro   0x00000b5d       0x44 ./Static_Code/System/PE_low_level_init.o
 .debug_macro   0x00000ba1      0x209 ./Static_Code/System/PE_low_level_init.o
 .debug_macro   0x00000daa       0x3a ./Static_Code/System/PE_low_level_init.o
 .debug_macro   0x00000de4       0x3a ./Static_Code/System/PE_low_level_init.o
 .debug_macro   0x00000e1e       0x26 ./Static_Code/System/PE_low_level_init.o
 .debug_macro   0x00000e44      0x306 ./Static_Code/System/PE_low_level_init.o
 .debug_macro   0x0000114a       0xc6 ./Static_Code/System/PE_low_level_init.o
 .debug_macro   0x00001210     0x8439 ./Static_Code/System/PE_low_level_init.o
 .debug_macro   0x00009649       0x58 ./Static_Code/System/PE_low_level_init.o
 .debug_macro   0x000096a1       0x35 ./Static_Code/System/PE_low_level_init.o
 .debug_macro   0x000096d6       0xa3 ./Static_Code/System/PE_low_level_init.o
 .debug_macro   0x00009779       0x16 ./Static_Code/System/PE_low_level_init.o
 .debug_macro   0x0000978f      0x10e ./Static_Code/System/PE_low_level_init.o
 .debug_macro   0x0000989d       0x7f ./Static_Code/System/PE_low_level_init.o
 .debug_macro   0x0000991c       0x52 ./Static_Code/System/PE_low_level_init.o
 .debug_macro   0x0000996e       0x16 ./Static_Code/System/PE_low_level_init.o
 .debug_macro   0x00009984       0x43 ./Static_Code/System/PE_low_level_init.o
 .debug_macro   0x000099c7      0x180 ./Static_Code/System/PE_low_level_init.o
 .debug_macro   0x00009b47       0x22 ./Static_Code/System/PE_low_level_init.o
 .debug_macro   0x00009b69       0x7c ./Static_Code/System/PE_low_level_init.o
 .debug_macro   0x00009be5     0x7658 ./Static_Code/System/PE_low_level_init.o
 .debug_macro   0x0001123d     0x1108 ./Static_Code/System/PE_low_level_init.o
 .debug_macro   0x00012345       0x22 ./Static_Code/System/PE_low_level_init.o
 .debug_macro   0x00012367       0x16 ./Static_Code/System/PE_low_level_init.o
 .debug_macro   0x0001237d       0x10 ./Static_Code/System/PE_low_level_init.o
 .debug_macro   0x0001238d       0x11 ./Static_Code/System/PE_low_level_init.o
 .debug_macro   0x0001239e       0x10 ./Static_Code/System/PE_low_level_init.o
 .debug_macro   0x000123ae       0x10 ./Static_Code/System/PE_low_level_init.o
 .debug_macro   0x000123be       0x3e ./Static_Code/System/PE_low_level_init.o
 .debug_macro   0x000123fc       0x19 ./Static_Code/System/PE_low_level_init.o
 .debug_macro   0x00012415       0x10 ./Static_Code/System/PE_low_level_init.o
 .debug_macro   0x00012425       0x28 ./Static_Code/System/PE_low_level_init.o
 .debug_macro   0x0001244d       0x28 ./Static_Code/System/PE_low_level_init.o
 .debug_macro   0x00012475       0x16 ./Static_Code/System/PE_low_level_init.o
 .debug_macro   0x0001248b      0x2f8 ./Sources/Events.o
 .debug_macro   0x00012783      0x2f8 ./Sources/main.o
 .debug_macro   0x00012a7b      0x2c7 ./SDK/platform/utilities/src/fsl_debug_console.o
 .debug_macro   0x00012d42       0x58 ./SDK/platform/utilities/src/fsl_debug_console.o
 .debug_macro   0x00012d9a       0x16 ./SDK/platform/utilities/src/fsl_debug_console.o
 .debug_macro   0x00012db0       0x97 ./SDK/platform/utilities/src/fsl_debug_console.o
 .debug_macro   0x00012e47       0xef ./SDK/platform/utilities/src/fsl_debug_console.o
 .debug_macro   0x00012f36       0x4a ./SDK/platform/utilities/src/fsl_debug_console.o
 .debug_macro   0x00012f80       0x10 ./SDK/platform/utilities/src/fsl_debug_console.o
 .debug_macro   0x00012f90       0x22 ./SDK/platform/utilities/src/fsl_debug_console.o
 .debug_macro   0x00012fb2       0xbd ./SDK/platform/utilities/src/fsl_debug_console.o
 .debug_macro   0x0001306f       0x16 ./SDK/platform/utilities/src/fsl_debug_console.o
 .debug_macro   0x00013085      0x14a ./SDK/platform/utilities/src/fsl_debug_console.o
 .debug_macro   0x000131cf       0x35 ./SDK/platform/utilities/src/fsl_debug_console.o
 .debug_macro   0x00013204      0x20f ./SDK/platform/utilities/src/fsl_debug_console.o
 .debug_macro   0x00013413       0x82 ./SDK/platform/utilities/src/fsl_debug_console.o
 .debug_macro   0x00013495       0x22 ./SDK/platform/utilities/src/fsl_debug_console.o
 .debug_macro   0x000134b7      0x2a6 ./SDK/platform/utilities/src/fsl_debug_console.o
 .debug_macro   0x0001375d       0x10 ./SDK/platform/utilities/src/fsl_debug_console.o
 .debug_macro   0x0001376d      0x17b ./SDK/platform/utilities/src/fsl_misc_utilities.o
 .debug_macro   0x000138e8       0x2e ./SDK/platform/utilities/src/fsl_misc_utilities.o
 .debug_macro   0x00013916       0x10 ./SDK/platform/utilities/src/fsl_misc_utilities.o
 .debug_macro   0x00013926      0x241 ./SDK/platform/utilities/src/fsl_misc_utilities.o
 .debug_macro   0x00013b67      0x177 ./SDK/platform/system/src/interrupt/fsl_interrupt_manager.o
 .debug_macro   0x00013cde       0x4c ./SDK/platform/system/src/interrupt/fsl_interrupt_manager.o
 .debug_macro   0x00013d2a      0x1ff ./SDK/platform/system/src/clock/MKL25Z4/fsl_clock_MKL25Z4.o
 .debug_macro   0x00013f29      0x27b ./SDK/platform/system/src/clock/fsl_clock_manager.o
 .debug_macro   0x000141a4      0x219 ./SDK/platform/osa/src/fsl_os_abstraction_bm.o
 .debug_macro   0x000143bd      0x174 ./SDK/platform/hal/src/mcg/fsl_mcg_hal.o
 .debug_macro   0x00014531      0x17c ./SDK/platform/hal/src/i2c/fsl_i2c_hal.o
 .debug_macro   0x000146ad       0x34 ./SDK/platform/hal/src/i2c/fsl_i2c_hal.o
 .debug_macro   0x000146e1      0x16e ./SDK/platform/hal/src/gpio/fsl_gpio_hal.o
 .debug_macro   0x0001484f      0x15d ./SDK/platform/drivers/src/i2c/fsl_i2c_common.o
 .debug_macro   0x000149ac      0x268 ./SDK/platform/drivers/src/i2c/fsl_i2c_master_driver.o
 .debug_macro   0x00014c14      0x166 ./SDK/platform/drivers/src/i2c/fsl_i2c_master_driver.o
 .debug_macro   0x00014d7a      0x186 ./SDK/platform/drivers/src/i2c/fsl_i2c_shared_function.o
 .debug_macro   0x00014f00      0x268 ./SDK/platform/drivers/src/i2c/fsl_i2c_slave_driver.o
 .debug_macro   0x00015168      0x15d ./SDK/platform/drivers/src/gpio/fsl_gpio_common.o
 .debug_macro   0x000152c5      0x22c ./SDK/platform/drivers/src/gpio/fsl_gpio_driver.o
 .debug_macro   0x000154f1       0x22 ./SDK/platform/drivers/src/gpio/fsl_gpio_driver.o
 .debug_macro   0x00015513      0x158 ./SDK/platform/devices/MKL25Z4/startup/system_MKL25Z4.o
 .debug_macro   0x0001566b      0x167 ./SDK/platform/devices/startup.o
 .debug_macro   0x000157d2      0x30a ./Generated_Code/Cpu.o
 .debug_macro   0x00015adc       0x10 ./Generated_Code/Cpu.o
 .debug_macro   0x00015aec      0x2d1 ./Generated_Code/gpio1.o
 .debug_macro   0x00015dbd      0x1b1 ./Generated_Code/hardware_init.o
 .debug_macro   0x00015f6e      0x2f7 ./Generated_Code/i2cCom1.o
 .debug_macro   0x00016265      0x2ca ./Generated_Code/osa1.o
 .debug_macro   0x0001652f      0x1a5 ./Generated_Code/pin_init.o

.debug_line     0x00000000     0xb63c
 .debug_line    0x00000000      0x7c7 ./Static_Code/System/PE_low_level_init.o
 .debug_line    0x000007c7      0x74d ./Sources/Events.o
 .debug_line    0x00000f14      0x752 ./Sources/main.o
 .debug_line    0x00001666      0x8cd ./SDK/platform/utilities/src/fsl_debug_console.o
 .debug_line    0x00001f33      0x358 ./SDK/platform/utilities/src/fsl_misc_utilities.o
 .debug_line    0x0000228b      0x497 ./SDK/platform/system/src/interrupt/fsl_interrupt_manager.o
 .debug_line    0x00002722      0xbff ./SDK/platform/system/src/clock/MKL25Z4/fsl_clock_MKL25Z4.o
 .debug_line    0x00003321      0xaad ./SDK/platform/system/src/clock/fsl_clock_manager.o
 .debug_line    0x00003dce      0xa1d ./SDK/platform/osa/src/fsl_os_abstraction_bm.o
 .debug_line    0x000047eb      0x74f ./SDK/platform/hal/src/mcg/fsl_mcg_hal.o
 .debug_line    0x00004f3a      0x770 ./SDK/platform/hal/src/i2c/fsl_i2c_hal.o
 .debug_line    0x000056aa      0x477 ./SDK/platform/hal/src/gpio/fsl_gpio_hal.o
 .debug_line    0x00005b21      0x3ba ./SDK/platform/drivers/src/i2c/fsl_i2c_common.o
 .debug_line    0x00005edb      0xb1e ./SDK/platform/drivers/src/i2c/fsl_i2c_master_driver.o
 .debug_line    0x000069f9      0x4c3 ./SDK/platform/drivers/src/i2c/fsl_i2c_shared_function.o
 .debug_line    0x00006ebc      0xab4 ./SDK/platform/drivers/src/i2c/fsl_i2c_slave_driver.o
 .debug_line    0x00007970      0x3bc ./SDK/platform/drivers/src/gpio/fsl_gpio_common.o
 .debug_line    0x00007d2c      0x8c3 ./SDK/platform/drivers/src/gpio/fsl_gpio_driver.o
 .debug_line    0x000085ef       0x77 ./SDK/platform/devices/MKL25Z4/startup/gcc/startup_MKL25Z4.o
 .debug_line    0x00008666      0x465 ./SDK/platform/devices/MKL25Z4/startup/system_MKL25Z4.o
 .debug_line    0x00008acb      0x3a1 ./SDK/platform/devices/startup.o
 .debug_line    0x00008e6c      0x7a1 ./Generated_Code/Cpu.o
 .debug_line    0x0000960d      0x6e9 ./Generated_Code/gpio1.o
 .debug_line    0x00009cf6      0x4c2 ./Generated_Code/hardware_init.o
 .debug_line    0x0000a1b8      0x77c ./Generated_Code/i2cCom1.o
 .debug_line    0x0000a934      0x76e ./Generated_Code/osa1.o
 .debug_line    0x0000b0a2      0x59a ./Generated_Code/pin_init.o

.debug_str      0x00000000    0xa32b8
 .debug_str     0x00000000    0x9bfbf ./Static_Code/System/PE_low_level_init.o
                              0x9c4b9 (size before relaxing)
 .debug_str     0x0009bfbf       0x24 ./Sources/Events.o
                              0x9c467 (size before relaxing)
 .debug_str     0x0009bfe3       0x17 ./Sources/main.o
                              0x9c45a (size before relaxing)
 .debug_str     0x0009bffa     0x242a ./SDK/platform/utilities/src/fsl_debug_console.o
                              0x9e5ca (size before relaxing)
 .debug_str     0x0009e424      0x6b8 ./SDK/platform/utilities/src/fsl_misc_utilities.o
                               0x58ae (size before relaxing)
 .debug_str     0x0009eadc      0x280 ./SDK/platform/system/src/interrupt/fsl_interrupt_manager.o
                              0x9c050 (size before relaxing)
 .debug_str     0x0009ed5c     0x12b4 ./SDK/platform/system/src/clock/MKL25Z4/fsl_clock_MKL25Z4.o
                              0x9d404 (size before relaxing)
 .debug_str     0x000a0010      0xddf ./SDK/platform/system/src/clock/fsl_clock_manager.o
                              0x9d73d (size before relaxing)
 .debug_str     0x000a0def      0x5bf ./SDK/platform/osa/src/fsl_os_abstraction_bm.o
                              0x9c993 (size before relaxing)
 .debug_str     0x000a13ae      0x5c0 ./SDK/platform/hal/src/mcg/fsl_mcg_hal.o
                              0x9c740 (size before relaxing)
 .debug_str     0x000a196e      0x5ff ./SDK/platform/hal/src/i2c/fsl_i2c_hal.o
                              0x9c5fd (size before relaxing)
 .debug_str     0x000a1f6d       0xd7 ./SDK/platform/hal/src/gpio/fsl_gpio_hal.o
                              0x9bed5 (size before relaxing)
 .debug_str     0x000a2044       0x4a ./SDK/platform/drivers/src/i2c/fsl_i2c_common.o
                              0x9bef5 (size before relaxing)
 .debug_str     0x000a208e      0x3e8 ./SDK/platform/drivers/src/i2c/fsl_i2c_master_driver.o
                              0x9da7b (size before relaxing)
 .debug_str     0x000a2476       0x4d ./SDK/platform/drivers/src/i2c/fsl_i2c_shared_function.o
                              0x9bf4d (size before relaxing)
 .debug_str     0x000a24c3      0x390 ./SDK/platform/drivers/src/i2c/fsl_i2c_slave_driver.o
                              0x9db31 (size before relaxing)
 .debug_str     0x000a2853       0x7c ./SDK/platform/drivers/src/gpio/fsl_gpio_common.o
                              0x9bf5c (size before relaxing)
 .debug_str     0x000a28cf      0x5c4 ./SDK/platform/drivers/src/gpio/fsl_gpio_driver.o
                              0x9c923 (size before relaxing)
 .debug_str     0x000a2e93       0xc7 ./SDK/platform/devices/MKL25Z4/startup/system_MKL25Z4.o
                              0x9c09a (size before relaxing)
 .debug_str     0x000a2f5a      0x119 ./SDK/platform/devices/startup.o
                              0x9be03 (size before relaxing)
 .debug_str     0x000a3073       0x74 ./Generated_Code/Cpu.o
                              0x9c97e (size before relaxing)
 .debug_str     0x000a30e7       0x3a ./Generated_Code/gpio1.o
                              0x9c6c8 (size before relaxing)
 .debug_str     0x000a3121       0x30 ./Generated_Code/hardware_init.o
                              0x9c17c (size before relaxing)
 .debug_str     0x000a3151       0x1c ./Generated_Code/i2cCom1.o
                              0x9c6d4 (size before relaxing)
 .debug_str     0x000a316d       0xdd ./Generated_Code/osa1.o
                              0x9c7a9 (size before relaxing)
 .debug_str     0x000a324a       0x6e ./Generated_Code/pin_init.o
                              0x9bfdf (size before relaxing)

.comment        0x00000000       0x70
 .comment       0x00000000       0x70 ./Static_Code/System/PE_low_level_init.o
                                 0x71 (size before relaxing)
 .comment       0x00000000       0x71 ./Sources/Events.o
 .comment       0x00000000       0x71 ./Sources/main.o
 .comment       0x00000000       0x71 ./SDK/platform/utilities/src/fsl_debug_console.o
 .comment       0x00000000       0x71 ./SDK/platform/utilities/src/fsl_misc_utilities.o
 .comment       0x00000000       0x71 ./SDK/platform/system/src/interrupt/fsl_interrupt_manager.o
 .comment       0x00000000       0x71 ./SDK/platform/system/src/clock/MKL25Z4/fsl_clock_MKL25Z4.o
 .comment       0x00000000       0x71 ./SDK/platform/system/src/clock/fsl_clock_manager.o
 .comment       0x00000000       0x71 ./SDK/platform/osa/src/fsl_os_abstraction_bm.o
 .comment       0x00000000       0x71 ./SDK/platform/hal/src/mcg/fsl_mcg_hal.o
 .comment       0x00000000       0x71 ./SDK/platform/hal/src/i2c/fsl_i2c_hal.o
 .comment       0x00000000       0x71 ./SDK/platform/hal/src/gpio/fsl_gpio_hal.o
 .comment       0x00000000       0x71 ./SDK/platform/drivers/src/i2c/fsl_i2c_common.o
 .comment       0x00000000       0x71 ./SDK/platform/drivers/src/i2c/fsl_i2c_master_driver.o
 .comment       0x00000000       0x71 ./SDK/platform/drivers/src/i2c/fsl_i2c_shared_function.o
 .comment       0x00000000       0x71 ./SDK/platform/drivers/src/i2c/fsl_i2c_slave_driver.o
 .comment       0x00000000       0x71 ./SDK/platform/drivers/src/gpio/fsl_gpio_common.o
 .comment       0x00000000       0x71 ./SDK/platform/drivers/src/gpio/fsl_gpio_driver.o
 .comment       0x00000000       0x71 ./SDK/platform/devices/MKL25Z4/startup/system_MKL25Z4.o
 .comment       0x00000000       0x71 ./SDK/platform/devices/startup.o
 .comment       0x00000000       0x71 ./Generated_Code/Cpu.o
 .comment       0x00000000       0x71 ./Generated_Code/gpio1.o
 .comment       0x00000000       0x71 ./Generated_Code/hardware_init.o
 .comment       0x00000000       0x71 ./Generated_Code/i2cCom1.o
 .comment       0x00000000       0x71 ./Generated_Code/osa1.o
 .comment       0x00000000       0x71 ./Generated_Code/pin_init.o

.debug_frame    0x00000000     0x3564
 .debug_frame   0x00000000       0x48 ./Static_Code/System/PE_low_level_init.o
 .debug_frame   0x00000048       0x2c ./Sources/Events.o
 .debug_frame   0x00000074       0x2c ./Sources/main.o
 .debug_frame   0x000000a0      0x230 ./SDK/platform/utilities/src/fsl_debug_console.o
 .debug_frame   0x000002d0       0x50 ./SDK/platform/utilities/src/fsl_misc_utilities.o
 .debug_frame   0x00000320       0x68 ./SDK/platform/system/src/interrupt/fsl_interrupt_manager.o
 .debug_frame   0x00000388      0x7dc ./SDK/platform/system/src/clock/MKL25Z4/fsl_clock_MKL25Z4.o
 .debug_frame   0x00000b64      0x4ec ./SDK/platform/system/src/clock/fsl_clock_manager.o
 .debug_frame   0x00001050      0x4b8 ./SDK/platform/osa/src/fsl_os_abstraction_bm.o
 .debug_frame   0x00001508      0x370 ./SDK/platform/hal/src/mcg/fsl_mcg_hal.o
 .debug_frame   0x00001878      0x2f0 ./SDK/platform/hal/src/i2c/fsl_i2c_hal.o
 .debug_frame   0x00001b68       0x90 ./SDK/platform/hal/src/gpio/fsl_gpio_hal.o
 .debug_frame   0x00001bf8      0x430 ./SDK/platform/drivers/src/i2c/fsl_i2c_master_driver.o
 .debug_frame   0x00002028       0x70 ./SDK/platform/drivers/src/i2c/fsl_i2c_shared_function.o
 .debug_frame   0x00002098      0x3b0 ./SDK/platform/drivers/src/i2c/fsl_i2c_slave_driver.o
 .debug_frame   0x00002448      0x370 ./SDK/platform/drivers/src/gpio/fsl_gpio_driver.o
 .debug_frame   0x000027b8       0x4c ./SDK/platform/devices/MKL25Z4/startup/system_MKL25Z4.o
 .debug_frame   0x00002804       0x30 ./SDK/platform/devices/startup.o
 .debug_frame   0x00002834       0x2c ./Generated_Code/Cpu.o
 .debug_frame   0x00002860       0x4c ./Generated_Code/hardware_init.o
 .debug_frame   0x000028ac       0xd0 ./Generated_Code/osa1.o
 .debug_frame   0x0000297c      0x190 ./Generated_Code/pin_init.o
 .debug_frame   0x00002b0c       0x20 c:/freescale/kds_v3/toolchain/bin/../lib/gcc/arm-none-eabi/4.8.4/armv6-m\libgcc.a(_udivsi3.o)
 .debug_frame   0x00002b2c       0x30 c:/freescale/kds_v3/toolchain/bin/../lib/gcc/arm-none-eabi/4.8.4/armv6-m\libgcc.a(_muldi3.o)
 .debug_frame   0x00002b5c       0x50 c:/freescale/kds_v3/toolchain/bin/../lib/gcc/arm-none-eabi/4.8.4/armv6-m\libgcc.a(bpabi.o)
 .debug_frame   0x00002bac       0x3c c:/freescale/kds_v3/toolchain/bin/../lib/gcc/arm-none-eabi/4.8.4/armv6-m\libgcc.a(_divdi3.o)
 .debug_frame   0x00002be8       0x3c c:/freescale/kds_v3/toolchain/bin/../lib/gcc/arm-none-eabi/4.8.4/armv6-m\libgcc.a(_udivdi3.o)
 .debug_frame   0x00002c24       0x4c c:/freescale/kds_v3/toolchain/bin/../lib/gcc/arm-none-eabi/4.8.4/../../../../arm-none-eabi/lib/armv6-m\libg_s.a(lib_a-assert.o)
 .debug_frame   0x00002c70       0x20 c:/freescale/kds_v3/toolchain/bin/../lib/gcc/arm-none-eabi/4.8.4/../../../../arm-none-eabi/lib/armv6-m\libg_s.a(lib_a-errno.o)
 .debug_frame   0x00002c90       0x28 c:/freescale/kds_v3/toolchain/bin/../lib/gcc/arm-none-eabi/4.8.4/../../../../arm-none-eabi/lib/armv6-m\libg_s.a(lib_a-exit.o)
 .debug_frame   0x00002cb8       0x4c c:/freescale/kds_v3/toolchain/bin/../lib/gcc/arm-none-eabi/4.8.4/../../../../arm-none-eabi/lib/armv6-m\libg_s.a(lib_a-fprintf.o)
 .debug_frame   0x00002d04       0x2c c:/freescale/kds_v3/toolchain/bin/../lib/gcc/arm-none-eabi/4.8.4/../../../../arm-none-eabi/lib/armv6-m\libg_s.a(lib_a-init.o)
 .debug_frame   0x00002d30       0x20 c:/freescale/kds_v3/toolchain/bin/../lib/gcc/arm-none-eabi/4.8.4/../../../../arm-none-eabi/lib/armv6-m\libg_s.a(lib_a-memset.o)
 .debug_frame   0x00002d50       0x2c c:/freescale/kds_v3/toolchain/bin/../lib/gcc/arm-none-eabi/4.8.4/../../../../arm-none-eabi/lib/armv6-m\libg_s.a(lib_a-nano-freer.o)
 .debug_frame   0x00002d7c       0x2c c:/freescale/kds_v3/toolchain/bin/../lib/gcc/arm-none-eabi/4.8.4/../../../../arm-none-eabi/lib/armv6-m\libg_s.a(lib_a-nano-mallocr.o)
 .debug_frame   0x00002da8       0x2c c:/freescale/kds_v3/toolchain/bin/../lib/gcc/arm-none-eabi/4.8.4/../../../../arm-none-eabi/lib/armv6-m\libg_s.a(lib_a-sbrkr.o)
 .debug_frame   0x00002dd4       0x20 c:/freescale/kds_v3/toolchain/bin/../lib/gcc/arm-none-eabi/4.8.4/../../../../arm-none-eabi/lib/armv6-m\libg_s.a(lib_a-strlen.o)
 .debug_frame   0x00002df4       0xa0 c:/freescale/kds_v3/toolchain/bin/../lib/gcc/arm-none-eabi/4.8.4/../../../../arm-none-eabi/lib/armv6-m\libg_s.a(lib_a-vfprintf.o)
 .debug_frame   0x00002e94       0x54 c:/freescale/kds_v3/toolchain/bin/../lib/gcc/arm-none-eabi/4.8.4/../../../../arm-none-eabi/lib/armv6-m\libg_s.a(lib_a-vfprintf_i.o)
 .debug_frame   0x00002ee8       0x44 c:/freescale/kds_v3/toolchain/bin/../lib/gcc/arm-none-eabi/4.8.4/../../../../arm-none-eabi/lib/armv6-m\libg_s.a(lib_a-wbuf.o)
 .debug_frame   0x00002f2c       0x2c c:/freescale/kds_v3/toolchain/bin/../lib/gcc/arm-none-eabi/4.8.4/../../../../arm-none-eabi/lib/armv6-m\libg_s.a(lib_a-wsetup.o)
 .debug_frame   0x00002f58       0x28 c:/freescale/kds_v3/toolchain/bin/../lib/gcc/arm-none-eabi/4.8.4/../../../../arm-none-eabi/lib/armv6-m\libg_s.a(lib_a-abort.o)
 .debug_frame   0x00002f80       0x68 c:/freescale/kds_v3/toolchain/bin/../lib/gcc/arm-none-eabi/4.8.4/../../../../arm-none-eabi/lib/armv6-m\libg_s.a(lib_a-fflush.o)
 .debug_frame   0x00002fe8      0x148 c:/freescale/kds_v3/toolchain/bin/../lib/gcc/arm-none-eabi/4.8.4/../../../../arm-none-eabi/lib/armv6-m\libg_s.a(lib_a-findfp.o)
 .debug_frame   0x00003130       0x30 c:/freescale/kds_v3/toolchain/bin/../lib/gcc/arm-none-eabi/4.8.4/../../../../arm-none-eabi/lib/armv6-m\libg_s.a(lib_a-makebuf.o)
 .debug_frame   0x00003160       0x20 c:/freescale/kds_v3/toolchain/bin/../lib/gcc/arm-none-eabi/4.8.4/../../../../arm-none-eabi/lib/armv6-m\libg_s.a(lib_a-memchr-stub.o)
 .debug_frame   0x00003180       0x48 c:/freescale/kds_v3/toolchain/bin/../lib/gcc/arm-none-eabi/4.8.4/../../../../arm-none-eabi/lib/armv6-m\libg_s.a(lib_a-reent.o)
 .debug_frame   0x000031c8       0xe0 c:/freescale/kds_v3/toolchain/bin/../lib/gcc/arm-none-eabi/4.8.4/../../../../arm-none-eabi/lib/armv6-m\libg_s.a(lib_a-signal.o)
 .debug_frame   0x000032a8       0x44 c:/freescale/kds_v3/toolchain/bin/../lib/gcc/arm-none-eabi/4.8.4/../../../../arm-none-eabi/lib/armv6-m\libg_s.a(lib_a-signalr.o)
 .debug_frame   0x000032ec       0x90 c:/freescale/kds_v3/toolchain/bin/../lib/gcc/arm-none-eabi/4.8.4/../../../../arm-none-eabi/lib/armv6-m\libg_s.a(lib_a-stdio.o)
 .debug_frame   0x0000337c       0x2c c:/freescale/kds_v3/toolchain/bin/../lib/gcc/arm-none-eabi/4.8.4/../../../../arm-none-eabi/lib/armv6-m\libg_s.a(lib_a-writer.o)
 .debug_frame   0x000033a8       0x2c c:/freescale/kds_v3/toolchain/bin/../lib/gcc/arm-none-eabi/4.8.4/../../../../arm-none-eabi/lib/armv6-m\libg_s.a(lib_a-closer.o)
 .debug_frame   0x000033d4       0x2c c:/freescale/kds_v3/toolchain/bin/../lib/gcc/arm-none-eabi/4.8.4/../../../../arm-none-eabi/lib/armv6-m\libg_s.a(lib_a-fstatr.o)
 .debug_frame   0x00003400       0x2c c:/freescale/kds_v3/toolchain/bin/../lib/gcc/arm-none-eabi/4.8.4/../../../../arm-none-eabi/lib/armv6-m\libg_s.a(lib_a-isattyr.o)
 .debug_frame   0x0000342c       0x2c c:/freescale/kds_v3/toolchain/bin/../lib/gcc/arm-none-eabi/4.8.4/../../../../arm-none-eabi/lib/armv6-m\libg_s.a(lib_a-lseekr.o)