Archive member included because of file (symbol)

c:/freescale/kds_v3/toolchain/bin/../lib/gcc/arm-none-eabi/4.8.4/armv6-m\libgcc.a(_udivsi3.o)
                              ./Sources/Utility.o (__aeabi_uidiv)
c:/freescale/kds_v3/toolchain/bin/../lib/gcc/arm-none-eabi/4.8.4/armv6-m\libgcc.a(_divsi3.o)
                              ./Sources/Utility.o (__aeabi_idiv)
c:/freescale/kds_v3/toolchain/bin/../lib/gcc/arm-none-eabi/4.8.4/armv6-m\libgcc.a(_dvmd_tls.o)
                              c:/freescale/kds_v3/toolchain/bin/../lib/gcc/arm-none-eabi/4.8.4/armv6-m\libgcc.a(_udivsi3.o) (__aeabi_idiv0)
c:/freescale/kds_v3/toolchain/bin/../lib/gcc/arm-none-eabi/4.8.4/../../../../arm-none-eabi/lib/armv6-m\libg_s.a(lib_a-assert.o)
                              ./Sources/ledrgb_hal.o (__assert_func)
c:/freescale/kds_v3/toolchain/bin/../lib/gcc/arm-none-eabi/4.8.4/../../../../arm-none-eabi/lib/armv6-m\libg_s.a(lib_a-errno.o)
                              ./SDK/platform/utilities/src/fsl_misc_utilities.o (__errno)
c:/freescale/kds_v3/toolchain/bin/../lib/gcc/arm-none-eabi/4.8.4/../../../../arm-none-eabi/lib/armv6-m\libg_s.a(lib_a-exit.o)
                              c:/freescale/kds_v3/toolchain/bin/../lib/gcc/arm-none-eabi/4.8.4/../../../../arm-none-eabi/lib/armv6-m/crt0.o (exit)
c:/freescale/kds_v3/toolchain/bin/../lib/gcc/arm-none-eabi/4.8.4/../../../../arm-none-eabi/lib/armv6-m\libg_s.a(lib_a-fprintf.o)
                              c:/freescale/kds_v3/toolchain/bin/../lib/gcc/arm-none-eabi/4.8.4/../../../../arm-none-eabi/lib/armv6-m\libg_s.a(lib_a-assert.o) (fiprintf)
c:/freescale/kds_v3/toolchain/bin/../lib/gcc/arm-none-eabi/4.8.4/../../../../arm-none-eabi/lib/armv6-m\libg_s.a(lib_a-impure.o)
                              c:/freescale/kds_v3/toolchain/bin/../lib/gcc/arm-none-eabi/4.8.4/../../../../arm-none-eabi/lib/armv6-m\libg_s.a(lib_a-exit.o) (_global_impure_ptr)
c:/freescale/kds_v3/toolchain/bin/../lib/gcc/arm-none-eabi/4.8.4/../../../../arm-none-eabi/lib/armv6-m\libg_s.a(lib_a-init.o)
                              c:/freescale/kds_v3/toolchain/bin/../lib/gcc/arm-none-eabi/4.8.4/../../../../arm-none-eabi/lib/armv6-m/crt0.o (__libc_init_array)
c:/freescale/kds_v3/toolchain/bin/../lib/gcc/arm-none-eabi/4.8.4/../../../../arm-none-eabi/lib/armv6-m\libg_s.a(lib_a-memcpy-stub.o)
                              ./SDK/rtos/FreeRTOS/src/queue.o (memcpy)
c:/freescale/kds_v3/toolchain/bin/../lib/gcc/arm-none-eabi/4.8.4/../../../../arm-none-eabi/lib/armv6-m\libg_s.a(lib_a-memset.o)
                              c:/freescale/kds_v3/toolchain/bin/../lib/gcc/arm-none-eabi/4.8.4/../../../../arm-none-eabi/lib/armv6-m/crt0.o (memset)
c:/freescale/kds_v3/toolchain/bin/../lib/gcc/arm-none-eabi/4.8.4/../../../../arm-none-eabi/lib/armv6-m\libg_s.a(lib_a-setjmp.o)
                              ./SDK/rtos/FreeRTOS/port/gcc/port.o (setjmp)
c:/freescale/kds_v3/toolchain/bin/../lib/gcc/arm-none-eabi/4.8.4/../../../../arm-none-eabi/lib/armv6-m\libg_s.a(lib_a-strchr.o)
                              ./Sources/Utility.o (strchr)
c:/freescale/kds_v3/toolchain/bin/../lib/gcc/arm-none-eabi/4.8.4/../../../../arm-none-eabi/lib/armv6-m\libg_s.a(lib_a-strcpy.o)
                              ./SDK/rtos/FreeRTOS/src/tasks.o (strcpy)
c:/freescale/kds_v3/toolchain/bin/../lib/gcc/arm-none-eabi/4.8.4/../../../../arm-none-eabi/lib/armv6-m\libg_s.a(lib_a-strlen.o)
                              ./Sources/Utility.o (strlen)
c:/freescale/kds_v3/toolchain/bin/../lib/gcc/arm-none-eabi/4.8.4/../../../../arm-none-eabi/lib/armv6-m\libg_s.a(lib_a-strncmp.o)
                              ./Sources/Utility.o (strncmp)
c:/freescale/kds_v3/toolchain/bin/../lib/gcc/arm-none-eabi/4.8.4/../../../../arm-none-eabi/lib/armv6-m\libg_s.a(lib_a-vfprintf.o)
                              c:/freescale/kds_v3/toolchain/bin/../lib/gcc/arm-none-eabi/4.8.4/../../../../arm-none-eabi/lib/armv6-m\libg_s.a(lib_a-fprintf.o) (_vfprintf_r)
c:/freescale/kds_v3/toolchain/bin/../lib/gcc/arm-none-eabi/4.8.4/../../../../arm-none-eabi/lib/armv6-m\libg_s.a(lib_a-vfprintf_i.o)
                              c:/freescale/kds_v3/toolchain/bin/../lib/gcc/arm-none-eabi/4.8.4/../../../../arm-none-eabi/lib/armv6-m\libg_s.a(lib_a-vfprintf.o) (_printf_i)
c:/freescale/kds_v3/toolchain/bin/../lib/gcc/arm-none-eabi/4.8.4/../../../../arm-none-eabi/lib/armv6-m\libg_s.a(lib_a-wbuf.o)
                              c:/freescale/kds_v3/toolchain/bin/../lib/gcc/arm-none-eabi/4.8.4/../../../../arm-none-eabi/lib/armv6-m\libg_s.a(lib_a-vfprintf.o) (__swbuf_r)
c:/freescale/kds_v3/toolchain/bin/../lib/gcc/arm-none-eabi/4.8.4/../../../../arm-none-eabi/lib/armv6-m\libg_s.a(lib_a-wsetup.o)
                              c:/freescale/kds_v3/toolchain/bin/../lib/gcc/arm-none-eabi/4.8.4/../../../../arm-none-eabi/lib/armv6-m\libg_s.a(lib_a-vfprintf.o) (__swsetup_r)
c:/freescale/kds_v3/toolchain/bin/../lib/gcc/arm-none-eabi/4.8.4/../../../../arm-none-eabi/lib/armv6-m\libg_s.a(lib_a-abort.o)
[...]
Memory Configuration

Name             Origin             Length             Attributes
m_interrupts     0x00000000         0x00000200         xr
m_flash_config   0x00000400         0x00000010         xr
m_interrupts_ram 0x1ffff000         0x00000200         rw
m_text           0x00000410         0x0001fbf0         xr
m_data           0x1ffff200         0x00003e00         rw
*default*        0x00000000         0xffffffff

Linker script and memory map

LOAD c:/freescale/kds_v3/toolchain/bin/../lib/gcc/arm-none-eabi/4.8.4/armv6-m/crti.o
LOAD c:/freescale/kds_v3/toolchain/bin/../lib/gcc/arm-none-eabi/4.8.4/armv6-m/crtbegin.o
LOAD c:/freescale/kds_v3/toolchain/bin/../lib/gcc/arm-none-eabi/4.8.4/../../../../arm-none-eabi/lib/armv6-m/crt0.o
LOAD ./Static_Code/System/PE_low_level_init.o
LOAD ./Sources/Events.o
LOAD ./Sources/Utility.o
LOAD ./Sources/ledrgb_hal.o
LOAD ./Sources/main.o
LOAD ./Sources/os_tasks.o
LOAD ./Sources/rtos_main_task.o
LOAD ./SDK/rtos/FreeRTOS/src/croutine.o
LOAD ./SDK/rtos/FreeRTOS/src/event_groups.o
LOAD ./SDK/rtos/FreeRTOS/src/heap_1.o
LOAD ./SDK/rtos/FreeRTOS/src/heap_2.o
LOAD ./SDK/rtos/FreeRTOS/src/heap_3.o
LOAD ./SDK/rtos/FreeRTOS/src/heap_4.o
LOAD ./SDK/rtos/FreeRTOS/src/heap_5.o
LOAD ./SDK/rtos/FreeRTOS/src/list.o
LOAD ./SDK/rtos/FreeRTOS/src/queue.o
LOAD ./SDK/rtos/FreeRTOS/src/tasks.o
LOAD ./SDK/rtos/FreeRTOS/src/timers.o
LOAD ./SDK/rtos/FreeRTOS/port/gcc/port.o
LOAD ./SDK/rtos/FreeRTOS/port/gcc/portasm.o
LOAD ./SDK/platform/utilities/src/fsl_debug_console.o
LOAD ./SDK/platform/utilities/src/fsl_misc_utilities.o
LOAD ./SDK/platform/utilities/src/print_scan.o
LOAD ./SDK/platform/system/src/interrupt/fsl_interrupt_manager.o
LOAD ./SDK/platform/system/src/clock/MKL25Z4/fsl_clock_MKL25Z4.o
LOAD ./SDK/platform/system/src/clock/fsl_clock_manager.o
LOAD ./SDK/platform/system/src/clock/fsl_clock_manager_common.o
LOAD ./SDK/platform/osa/src/fsl_os_abstraction_free_rtos.o
LOAD ./SDK/platform/hal/src/uart/fsl_uart_hal.o
LOAD ./SDK/platform/hal/src/sim/MKL25Z4/fsl_sim_hal_MKL25Z4.o
LOAD ./SDK/platform/hal/src/rtc/fsl_rtc_hal.o
LOAD ./SDK/platform/hal/src/port/fsl_port_hal.o
LOAD ./SDK/platform/hal/src/osc/fsl_osc_hal.o
LOAD ./SDK/platform/hal/src/mcg/fsl_mcg_hal.o
LOAD ./SDK/platform/hal/src/mcg/fsl_mcg_hal_modes.o
LOAD ./SDK/platform/hal/src/lpsci/fsl_lpsci_hal.o
LOAD ./SDK/platform/hal/src/gpio/fsl_gpio_hal.o
LOAD ./SDK/platform/drivers/src/rtc/fsl_rtc_common.o
LOAD ./SDK/platform/drivers/src/gpio/fsl_gpio_common.o
LOAD ./SDK/platform/drivers/src/gpio/fsl_gpio_driver.o
LOAD ./SDK/platform/devices/MKL25Z4/startup/gcc/startup_MKL25Z4.o
LOAD ./SDK/platform/devices/MKL25Z4/startup/system_MKL25Z4.o
LOAD ./SDK/platform/devices/startup.o
LOAD ./Generated_Code/Cpu.o
LOAD ./Generated_Code/DbgCs1.o
LOAD ./Generated_Code/MainTask.o
LOAD ./Generated_Code/Task1.o
LOAD ./Generated_Code/Task2.o
LOAD ./Generated_Code/Task3.o
LOAD ./Generated_Code/Task4.o
LOAD ./Generated_Code/Task5.o
LOAD ./Generated_Code/clockMan1.o
LOAD ./Generated_Code/free_rtos.o
LOAD ./Generated_Code/gpio1.o
LOAD ./Generated_Code/hardware_init.o
LOAD ./Generated_Code/osa1.o
LOAD ./Generated_Code/pin_init.o
LOAD c:/freescale/kds_v3/toolchain/bin/../lib/gcc/arm-none-eabi/4.8.4/../../../../arm-none-eabi/lib/armv6-m\libstdc++_s.a
LOAD c:/freescale/kds_v3/toolchain/bin/../lib/gcc/arm-none-eabi/4.8.4/../../../../arm-none-eabi/lib/armv6-m\libm.a
START GROUP
LOAD c:/freescale/kds_v3/toolchain/bin/../lib/gcc/arm-none-eabi/4.8.4/armv6-m\libgcc.a
LOAD c:/freescale/kds_v3/toolchain/bin/../lib/gcc/arm-none-eabi/4.8.4/../../../../arm-none-eabi/lib/armv6-m\libg_s.a
LOAD c:/freescale/kds_v3/toolchain/bin/../lib/gcc/arm-none-eabi/4.8.4/../../../../arm-none-eabi/lib/armv6-m\libc_s.a
END GROUP
START GROUP
LOAD c:/freescale/kds_v3/toolchain/bin/../lib/gcc/arm-none-eabi/4.8.4/armv6-m\libgcc.a
LOAD c:/freescale/kds_v3/toolchain/bin/../lib/gcc/arm-none-eabi/4.8.4/../../../../arm-none-eabi/lib/armv6-m\libc_s.a
LOAD c:/freescale/kds_v3/toolchain/bin/../lib/gcc/arm-none-eabi/4.8.4/../../../../arm-none-eabi/lib/armv6-m\libnosys.a
END GROUP
START GROUP
LOAD c:/freescale/kds_v3/toolchain/bin/../lib/gcc/arm-none-eabi/4.8.4/armv6-m\libgcc.a
LOAD c:/freescale/kds_v3/toolchain/bin/../lib/gcc/arm-none-eabi/4.8.4/../../../../arm-none-eabi/lib/armv6-m\libc_s.a
LOAD c:/freescale/kds_v3/toolchain/bin/../lib/gcc/arm-none-eabi/4.8.4/../../../../arm-none-eabi/lib/armv6-m\libnosys.a
END GROUP
LOAD c:/freescale/kds_v3/toolchain/bin/../lib/gcc/arm-none-eabi/4.8.4/armv6-m/crtend.o
LOAD c:/freescale/kds_v3/toolchain/bin/../lib/gcc/arm-none-eabi/4.8.4/armv6-m/crtn.o
                0x00000000                HEAP_SIZE = DEFINED (__heap_size__)?__heap_size__:0x0
                0x00000400                STACK_SIZE = DEFINED (__stack_size__)?__stack_size__:0x400

.interrupts     0x00000000       0xc0
                0x00000000                __VECTOR_TABLE = .
                0x00000000                . = ALIGN (0x4)
 *(.isr_vector)
 .isr_vector    0x00000000       0xc0 ./SDK/platform/devices/MKL25Z4/startup/gcc/startup_MKL25Z4.o
                0x00000000                __isr_vector
                0x000000c0                . = ALIGN (0x4)
                0x1ffff000                __VECTOR_RAM = ORIGIN (m_interrupts_ram)

.flash_config   0x00000400       0x10
                0x00000400                . = ALIGN (0x4)
 *(.FlashConfig)
 .FlashConfig   0x00000400       0x10 ./SDK/platform/devices/MKL25Z4/startup/gcc/startup_MKL25Z4.o
                0x00000410                . = ALIGN (0x4)

.text           0x00000410     0x671c
                0x00000410                . = ALIGN (0x4)
 *(.text)
 .text          0x00000410       0x60 c:/freescale/kds_v3/toolchain/bin/../lib/gcc/arm-none-eabi/4.8.4/armv6-m/crtbegin.o
 .text          0x00000470       0x78 c:/freescale/kds_v3/toolchain/bin/../lib/gcc/arm-none-eabi/4.8.4/../../../../arm-none-eabi/lib/armv6-m/crt0.o
                0x00000470                _start
                0x00000470                _mainCRTStartup
 .text          0x000004e8       0x18 ./SDK/platform/devices/MKL25Z4/startup/gcc/startup_MKL25Z4.o
                0x000004e8                Reset_Handler
                0x000004f8                HardFault_Handler
                0x000004f8                NMI_Handler
                0x000004f8                I2C1_IRQHandler
                0x000004f8                UART1_IRQHandler
                0x000004f8                DMA2_IRQHandler
                0x000004f8                TPM0_IRQHandler
                0x000004f8                LLWU_IRQHandler
                0x000004f8                TSI0_IRQHandler
                0x000004f8                UART0_IRQHandler
                0x000004f8                ADC0_IRQHandler
                0x000004f8                Reserved39_IRQHandler
                0x000004f8                SPI1_IRQHandler
                0x000004f8                DefaultISR
                0x000004f8                PORTD_IRQHandler
                0x000004f8                TPM2_IRQHandler
                0x000004f8                RTC_IRQHandler
                0x000004f8                I2C0_IRQHandler
                0x000004f8                RTC_Seconds_IRQHandler
                0x000004f8                MCG_IRQHandler
                0x000004f8                UART2_IRQHandler
                0x000004f8                Reserved20_IRQHandler
                0x000004f8                USB0_IRQHandler
                0x000004f8                PIT_IRQHandler
                0x000004f8                DMA3_IRQHandler
                0x000004f8                DMA0_IRQHandler
                0x000004f8                DAC0_IRQHandler
                0x000004f8                Reserved45_IRQHandler
                0x000004f8                TPM1_IRQHandler
                0x000004f8                LVD_LVW_IRQHandler
                0x000004f8                SPI0_IRQHandler
                0x000004f8                PORTA_IRQHandler
                0x000004f8                FTFA_IRQHandler
                0x000004f8                LPTMR0_IRQHandler
                0x000004f8                CMP0_IRQHandler
                0x000004f8                DMA1_IRQHandler
 .text          0x00000500       0x9c c:/freescale/kds_v3/toolchain/bin/../lib/gcc/arm-none-eabi/4.8.4/armv6-m\libgcc.a(_udivsi3.o)
                0x00000500                __aeabi_uidiv
                0x00000500                __udivsi3
                0x00000588                __aeabi_uidivmod
 .text          0x0000059c       0xc0 c:/freescale/kds_v3/toolchain/bin/../lib/gcc/arm-none-eabi/4.8.4/armv6-m\libgcc.a(_divsi3.o)
                0x0000059c                __divsi3
                0x0000059c                __aeabi_idiv
                0x00000648                __aeabi_idivmod
 .text          0x0000065c        0x4 c:/freescale/kds_v3/toolchain/bin/../lib/gcc/arm-none-eabi/4.8.4/armv6-m\libgcc.a(_dvmd_tls.o)
                0x0000065c                __aeabi_idiv0
                0x0000065c                __aeabi_ldiv0
 .text          0x00000660       0x34 c:/freescale/kds_v3/toolchain/bin/../lib/gcc/arm-none-eabi/4.8.4/../../../../arm-none-eabi/lib/armv6-m\libg_s.a(lib_a-setjmp.o)
                0x00000660                setjmp
                0x00000678                longjmp
 *(.text*)
 .text.PEX_components_init
                0x00000694        0xc ./Static_Code/System/PE_low_level_init.o
                0x00000694                PEX_components_init
 .text.PE_low_level_init
                0x000006a0       0x10 ./Static_Code/System/PE_low_level_init.o
                0x000006a0                PE_low_level_init
 .text.PORT_HAL_SetMuxMode
                0x000006b0       0x4c ./Sources/ledrgb_hal.o
 .text.GPIO_HAL_SetPinOutput
                0x000006fc       0x3c ./Sources/ledrgb_hal.o
 .text.GPIO_HAL_ClearPinOutput
                0x00000738       0x3c ./Sources/ledrgb_hal.o
 .text.ledrgb_init
                0x00000774       0x78 ./Sources/ledrgb_hal.o
                0x00000774                ledrgb_init
 .text.ledrgb_clearRedLed
                0x000007ec       0x18 ./Sources/ledrgb_hal.o
                0x000007ec                ledrgb_clearRedLed
 .text.ledrgb_setRedLed
                0x00000804       0x18 ./Sources/ledrgb_hal.o
                0x00000804                ledrgb_setRedLed
 .text.ledrgb_clearGreenLed
                0x0000081c       0x18 ./Sources/ledrgb_hal.o
                0x0000081c                ledrgb_clearGreenLed
 .text.ledrgb_clearBlueLed
                0x00000834       0x18 ./Sources/ledrgb_hal.o
                0x00000834                ledrgb_clearBlueLed
 .text.ledrgb_setBlueLed
                0x0000084c       0x18 ./Sources/ledrgb_hal.o
                0x0000084c                ledrgb_setBlueLed
 .text.main     0x00000864       0x14 ./Sources/main.o
                0x00000864                main
 .text.Task1_task
                0x00000878       0x14 ./Sources/os_tasks.o
                0x00000878                Task1_task
 .text.Task2_task
                0x0000088c       0x28 ./Sources/os_tasks.o
                0x0000088c                Task2_task
 .text.Task3_task
                0x000008b4       0x28 ./Sources/os_tasks.o
                0x000008b4                Task3_task
 .text.Task4_task
                0x000008dc       0x14 ./Sources/os_tasks.o
                0x000008dc                Task4_task
 .text.Task5_task
                0x000008f0      0x1b4 ./Sources/os_tasks.o
                0x000008f0                Task5_task
 .text.main_task
                0x00000aa4       0x2c ./Sources/rtos_main_task.o
                0x00000aa4                main_task
 .text.pvPortMalloc
                0x00000ad0      0x118 ./SDK/rtos/FreeRTOS/src/heap_2.o
                0x00000ad0                pvPortMalloc
 .text.vPortFree
                0x00000be8       0x70 ./SDK/rtos/FreeRTOS/src/heap_2.o
                0x00000be8                vPortFree
 .text.prvHeapInit
                0x00000c58       0x4c ./SDK/rtos/FreeRTOS/src/heap_2.o
 .text.vListInitialise
                0x00000ca4       0x3c ./SDK/rtos/FreeRTOS/src/list.o
                0x00000ca4                vListInitialise
 .text.vListInitialiseItem
                0x00000ce0       0x14 ./SDK/rtos/FreeRTOS/src/list.o
                0x00000ce0                vListInitialiseItem
 .text.vListInsertEnd
                0x00000cf4       0x44 ./SDK/rtos/FreeRTOS/src/list.o
                0x00000cf4                vListInsertEnd
 .text.vListInsert
                0x00000d38       0x6c ./SDK/rtos/FreeRTOS/src/list.o
                0x00000d38                vListInsert
 .text.uxListRemove
                0x00000da4       0x50 ./SDK/rtos/FreeRTOS/src/list.o
                0x00000da4                uxListRemove
 .text.xQueueGenericReset
                0x00000df4       0xac ./SDK/rtos/FreeRTOS/src/queue.o
                0x00000df4                xQueueGenericReset
 .text.xQueueGenericCreate
                0x00000ea0       0xa0 ./SDK/rtos/FreeRTOS/src/queue.o
                0x00000ea0                xQueueGenericCreate
 .text.xQueueGenericSend
                0x00000f40      0x198 ./SDK/rtos/FreeRTOS/src/queue.o
                0x00000f40                xQueueGenericSend
 .text.xQueueGenericSendFromISR
                0x000010d8       0xd8 ./SDK/rtos/FreeRTOS/src/queue.o
                0x000010d8                xQueueGenericSendFromISR
 .text.xQueueGenericReceive
                0x000011b0      0x1c4 ./SDK/rtos/FreeRTOS/src/queue.o
                0x000011b0                xQueueGenericReceive
 .text.prvCopyDataToQueue
                0x00001374       0xe0 ./SDK/rtos/FreeRTOS/src/queue.o
 .text.prvCopyDataFromQueue
                0x00001454       0x50 ./SDK/rtos/FreeRTOS/src/queue.o
 .text.prvUnlockQueue
                0x000014a4       0x98 ./SDK/rtos/FreeRTOS/src/queue.o
 .text.prvIsQueueEmpty
                0x0000153c       0x2c ./SDK/rtos/FreeRTOS/src/queue.o
 .text.prvIsQueueFull
                0x00001568       0x30 ./SDK/rtos/FreeRTOS/src/queue.o
 .text.vQueueWaitForMessageRestricted
                0x00001598       0x58 ./SDK/rtos/FreeRTOS/src/queue.o
                0x00001598                vQueueWaitForMessageRestricted
 .text.xTaskGenericCreate
                0x000015f0      0x178 ./SDK/rtos/FreeRTOS/src/tasks.o
                0x000015f0                xTaskGenericCreate
 .text.vTaskDelay
                0x00001768       0x68 ./SDK/rtos/FreeRTOS/src/tasks.o
                0x00001768                vTaskDelay
 .text.vTaskStartScheduler
                0x000017d0       0x78 ./SDK/rtos/FreeRTOS/src/tasks.o
                0x000017d0                vTaskStartScheduler
 .text.vTaskSuspendAll
                0x00001848       0x18 ./SDK/rtos/FreeRTOS/src/tasks.o
                0x00001848                vTaskSuspendAll
 .text.xTaskResumeAll
                0x00001860      0x10c ./SDK/rtos/FreeRTOS/src/tasks.o
                0x00001860                xTaskResumeAll
 .text.xTaskGetTickCount
                0x0000196c       0x24 ./SDK/rtos/FreeRTOS/src/tasks.o
                0x0000196c                xTaskGetTickCount
 .text.uxTaskGetNumberOfTasks
                0x00001990       0x14 ./SDK/rtos/FreeRTOS/src/tasks.o
                0x00001990                uxTaskGetNumberOfTasks
 .text.uxTaskGetSystemState
                0x000019a4      0x100 ./SDK/rtos/FreeRTOS/src/tasks.o
                0x000019a4                uxTaskGetSystemState
 .text.xTaskIncrementTick
                0x00001aa4      0x16c ./SDK/rtos/FreeRTOS/src/tasks.o
                0x00001aa4                xTaskIncrementTick
 .text.vTaskSwitchContext
                0x00001c10       0xdc ./SDK/rtos/FreeRTOS/src/tasks.o
                0x00001c10                vTaskSwitchContext
 .text.vTaskPlaceOnEventList
                0x00001cec       0x70 ./SDK/rtos/FreeRTOS/src/tasks.o
                0x00001cec                vTaskPlaceOnEventList
 .text.vTaskPlaceOnEventListRestricted
                0x00001d5c       0x54 ./SDK/rtos/FreeRTOS/src/tasks.o
                0x00001d5c                vTaskPlaceOnEventListRestricted
 .text.xTaskRemoveFromEventList
                0x00001db0       0xb8 ./SDK/rtos/FreeRTOS/src/tasks.o
                0x00001db0                xTaskRemoveFromEventList
 .text.vTaskSetTimeOutState
                0x00001e68       0x34 ./SDK/rtos/FreeRTOS/src/tasks.o
                0x00001e68                vTaskSetTimeOutState
 .text.xTaskCheckForTimeOut
                0x00001e9c       0xa0 ./SDK/rtos/FreeRTOS/src/tasks.o
                0x00001e9c                xTaskCheckForTimeOut
 .text.vTaskMissedYield
                0x00001f3c       0x14 ./SDK/rtos/FreeRTOS/src/tasks.o
                0x00001f3c                vTaskMissedYield
 .text.prvIdleTask
                0x00001f50       0x20 ./SDK/rtos/FreeRTOS/src/tasks.o
 .text.prvInitialiseTCBVariables
                0x00001f70       0xac ./SDK/rtos/FreeRTOS/src/tasks.o
 .text.prvInitialiseTaskLists
                0x0000201c       0x88 ./SDK/rtos/FreeRTOS/src/tasks.o
 .text.prvCheckTasksWaitingTermination
                0x000020a4       0x74 ./SDK/rtos/FreeRTOS/src/tasks.o
 .text.prvAddCurrentTaskToDelayedList
                0x00002118       0x6c ./SDK/rtos/FreeRTOS/src/tasks.o
 .text.prvAllocateTCBAndStack
                0x00002184       0x78 ./SDK/rtos/FreeRTOS/src/tasks.o
 .text.prvListTaskWithinSingleList
                0x000021fc      0x120 ./SDK/rtos/FreeRTOS/src/tasks.o
 .text.prvTaskCheckFreeStackSpace
                0x0000231c       0x34 ./SDK/rtos/FreeRTOS/src/tasks.o
 .text.prvDeleteTCB
                0x00002350       0x20 ./SDK/rtos/FreeRTOS/src/tasks.o
 .text.prvResetNextTaskUnblockTime
                0x00002370       0x44 ./SDK/rtos/FreeRTOS/src/tasks.o
 .text.xTaskGetSchedulerState
                0x000023b4       0x38 ./SDK/rtos/FreeRTOS/src/tasks.o
                0x000023b4                xTaskGetSchedulerState
 .text.vTaskPriorityInherit
                0x000023ec       0xbc ./SDK/rtos/FreeRTOS/src/tasks.o
                0x000023ec                vTaskPriorityInherit
 .text.xTaskPriorityDisinherit
                0x000024a8       0xa8 ./SDK/rtos/FreeRTOS/src/tasks.o
                0x000024a8                xTaskPriorityDisinherit
 .text.pvTaskIncrementMutexHeldCount
                0x00002550       0x24 ./SDK/rtos/FreeRTOS/src/tasks.o
                0x00002550                pvTaskIncrementMutexHeldCount
 .text.xTimerCreateTimerTask
                0x00002574       0x5c ./SDK/rtos/FreeRTOS/src/timers.o
                0x00002574                xTimerCreateTimerTask
 .text.xTimerGenericCommand
                0x000025d0       0xa0 ./SDK/rtos/FreeRTOS/src/timers.o
                0x000025d0                xTimerGenericCommand
 .text.prvProcessExpiredTimer
                0x00002670       0x78 ./SDK/rtos/FreeRTOS/src/timers.o
 .text.prvTimerTask
                0x000026e8       0x28 ./SDK/rtos/FreeRTOS/src/timers.o
 .text.prvProcessTimerOrBlockTask
                0x00002710       0x74 ./SDK/rtos/FreeRTOS/src/timers.o
 .text.prvGetNextExpireTime
                0x00002784       0x40 ./SDK/rtos/FreeRTOS/src/timers.o
 .text.prvSampleTimeNow
                0x000027c4       0x40 ./SDK/rtos/FreeRTOS/src/timers.o
 .text.prvInsertTimerInActiveList
                0x00002804       0x84 ./SDK/rtos/FreeRTOS/src/timers.o
 .text.prvProcessReceivedCommands
                0x00002888      0x144 ./SDK/rtos/FreeRTOS/src/timers.o
 .text.prvSwitchTimerLists
                0x000029cc       0xb8 ./SDK/rtos/FreeRTOS/src/timers.o
 .text.prvCheckForValidListAndQueue
                0x00002a84       0x68 ./SDK/rtos/FreeRTOS/src/timers.o
 .text.prvTaskExitError
                0x00002aec       0x1c ./SDK/rtos/FreeRTOS/port/gcc/port.o
                0x00002aec                prvTaskExitError
 .text.pxPortInitialiseStack
                0x00002b08       0x54 ./SDK/rtos/FreeRTOS/port/gcc/port.o
                0x00002b08                pxPortInitialiseStack
 .text.vPortInitTickTimer
                0x00002b5c       0x3c ./SDK/rtos/FreeRTOS/port/gcc/port.o
                0x00002b5c                vPortInitTickTimer
 .text.vPortStartTickTimer
                0x00002b98       0x14 ./SDK/rtos/FreeRTOS/port/gcc/port.o
                0x00002b98                vPortStartTickTimer
 .text.xPortStartScheduler
                0x00002bac       0x4c ./SDK/rtos/FreeRTOS/port/gcc/port.o
                0x00002bac                xPortStartScheduler
 .text.vPortEnterCritical
                0x00002bf8       0x24 ./SDK/rtos/FreeRTOS/port/gcc/port.o
                0x00002bf8                vPortEnterCritical
 .text.vPortExitCritical
                0x00002c1c       0x24 ./SDK/rtos/FreeRTOS/port/gcc/port.o
                0x00002c1c                vPortExitCritical
 .text.vPortYieldFromISR
                0x00002c40       0x1c ./SDK/rtos/FreeRTOS/port/gcc/port.o
                0x00002c40                vPortYieldFromISR
 .text.SysTick_Handler
                0x00002c5c       0x20 ./SDK/rtos/FreeRTOS/port/gcc/port.o
                0x00002c5c                SysTick_Handler
 .text.vPortStartFirstTask
                0x00002c7c       0x1c ./SDK/rtos/FreeRTOS/port/gcc/port.o
                0x00002c7c                vPortStartFirstTask
 .text.SVC_Handler
                0x00002c98       0x28 ./SDK/rtos/FreeRTOS/port/gcc/port.o
                0x00002c98                SVC_Handler
 .text.PendSV_Handler
                0x00002cc0       0x44 ./SDK/rtos/FreeRTOS/port/gcc/port.o
                0x00002cc0                PendSV_Handler
 .text.ulPortSetInterruptMask
                0x00002d04        0xc ./SDK/rtos/FreeRTOS/port/gcc/port.o
                0x00002d04                ulPortSetInterruptMask
 .text.vPortClearInterruptMask
                0x00002d10        0x8 ./SDK/rtos/FreeRTOS/port/gcc/port.o
                0x00002d10                vPortClearInterruptMask
 .text.UART_HAL_EnableTransmitter
                0x00002d18       0x1c ./SDK/platform/utilities/src/fsl_debug_console.o
 .text.UART_HAL_EnableReceiver
                0x00002d34       0x1c ./SDK/platform/utilities/src/fsl_debug_console.o
 .text.UART_HAL_SetBitCountPerChar
                0x00002d50       0x28 ./SDK/platform/utilities/src/fsl_debug_console.o
 .text.UART_HAL_SetStopBitCount
                0x00002d78       0x28 ./SDK/platform/utilities/src/fsl_debug_console.o
 .text.LPSCI_HAL_EnableTransmitter
                0x00002da0       0x1c ./SDK/platform/utilities/src/fsl_debug_console.o
 .text.LPSCI_HAL_EnableReceiver
                0x00002dbc       0x1c ./SDK/platform/utilities/src/fsl_debug_console.o
 .text.LPSCI_HAL_SetBitCountPerChar
                0x00002dd8       0x28 ./SDK/platform/utilities/src/fsl_debug_console.o
 .text.LPSCI_HAL_SetStopBitCount
                0x00002e00       0x28 ./SDK/platform/utilities/src/fsl_debug_console.o
 .text.DbgConsole_Init
                0x00002e28      0x160 ./SDK/platform/utilities/src/fsl_debug_console.o
                0x00002e28                DbgConsole_Init
 .text._write   0x00002f88       0x5c ./SDK/platform/utilities/src/fsl_debug_console.o
                0x00002f88                _write
 .text._read    0x00002fe4       0x48 ./SDK/platform/utilities/src/fsl_debug_console.o
                0x00002fe4                _read
 .text.debug_printf
                0x0000302c       0x4c ./SDK/platform/utilities/src/fsl_debug_console.o
                0x0000302c                debug_printf
 .text.debug_putc
                0x00003078       0x44 ./SDK/platform/utilities/src/fsl_debug_console.o
 .text.debug_getchar
                0x000030bc       0x38 ./SDK/platform/utilities/src/fsl_debug_console.o
                0x000030bc                debug_getchar
 .text._sbrk    0x000030f4       0x5c ./SDK/platform/utilities/src/fsl_misc_utilities.o
                0x000030f4                _sbrk
 .text._doprint
                0x00003150      0x6e4 ./SDK/platform/utilities/src/print_scan.o
                0x00003150                _doprint
 .text.mknumstr
                0x00003834      0x110 ./SDK/platform/utilities/src/print_scan.o
 .text.fput_pad
                0x00003944       0x44 ./SDK/platform/utilities/src/print_scan.o
 .text.SIM_HAL_EnableClock
                0x00003988       0x58 ./SDK/platform/system/src/clock/MKL25Z4/fsl_clock_MKL25Z4.o
 .text.CLOCK_HAL_GetLpsciSrc
                0x000039e0       0x28 ./SDK/platform/system/src/clock/MKL25Z4/fsl_clock_MKL25Z4.o
 .text.CLOCK_HAL_GetPllfllSel
                0x00003a08       0x24 ./SDK/platform/system/src/clock/MKL25Z4/fsl_clock_MKL25Z4.o
 .text.CLOCK_HAL_GetOutDiv1
                0x00003a2c       0x28 ./SDK/platform/system/src/clock/MKL25Z4/fsl_clock_MKL25Z4.o
 .text.CLOCK_HAL_GetOutDiv4
                0x00003a54       0x28 ./SDK/platform/system/src/clock/MKL25Z4/fsl_clock_MKL25Z4.o
 .text.OSC_HAL_GetExternalRefClkCmd
                0x00003a7c       0x24 ./SDK/platform/system/src/clock/MKL25Z4/fsl_clock_MKL25Z4.o
 .text.CLOCK_SYS_GetSystemClockFreq
                0x00003aa0       0x34 ./SDK/platform/system/src/clock/MKL25Z4/fsl_clock_MKL25Z4.o
                0x00003aa0                CLOCK_SYS_GetSystemClockFreq
 .text.CLOCK_SYS_GetBusClockFreq
                0x00003ad4       0x2c ./SDK/platform/system/src/clock/MKL25Z4/fsl_clock_MKL25Z4.o
                0x00003ad4                CLOCK_SYS_GetBusClockFreq
 .text.CLOCK_SYS_GetPllFllClockFreq
                0x00003b00       0x5c ./SDK/platform/system/src/clock/MKL25Z4/fsl_clock_MKL25Z4.o
                0x00003b00                CLOCK_SYS_GetPllFllClockFreq
 .text.CLOCK_SYS_GetOsc0ExternalRefClockFreq
                0x00003b5c       0x2c ./SDK/platform/system/src/clock/MKL25Z4/fsl_clock_MKL25Z4.o
                0x00003b5c                CLOCK_SYS_GetOsc0ExternalRefClockFreq
 .text.CLOCK_SYS_GetLpsciFreq
                0x00003b88       0x68 ./SDK/platform/system/src/clock/MKL25Z4/fsl_clock_MKL25Z4.o
                0x00003b88                CLOCK_SYS_GetLpsciFreq
 .text.CLOCK_SYS_GetUartFreq
                0x00003bf0       0x2c ./SDK/platform/system/src/clock/MKL25Z4/fsl_clock_MKL25Z4.o
                0x00003bf0                CLOCK_SYS_GetUartFreq
 .text.CLOCK_SYS_EnablePortClock
                0x00003c1c       0x4c ./SDK/platform/system/src/clock/MKL25Z4/fsl_clock_MKL25Z4.o
                0x00003c1c                CLOCK_SYS_EnablePortClock
 .text.CLOCK_SYS_EnableLpsciClock
                0x00003c68       0x40 ./SDK/platform/system/src/clock/MKL25Z4/fsl_clock_MKL25Z4.o
                0x00003c68                CLOCK_SYS_EnableLpsciClock
 .text.CLOCK_SYS_EnableUartClock
                0x00003ca8       0x4c ./SDK/platform/system/src/clock/MKL25Z4/fsl_clock_MKL25Z4.o
                0x00003ca8                CLOCK_SYS_EnableUartClock
 .text.OSA_TaskCreate
                0x00003cf4       0x50 ./SDK/platform/osa/src/fsl_os_abstraction_free_rtos.o
                0x00003cf4                OSA_TaskCreate
 .text.OSA_TimeDelay
                0x00003d44       0x2c ./SDK/platform/osa/src/fsl_os_abstraction_free_rtos.o
                0x00003d44                OSA_TimeDelay
 .text.OSA_Init
                0x00003d70        0xc ./SDK/platform/osa/src/fsl_os_abstraction_free_rtos.o
                0x00003d70                OSA_Init
 .text.OSA_Start
                0x00003d7c       0x10 ./SDK/platform/osa/src/fsl_os_abstraction_free_rtos.o
                0x00003d7c                OSA_Start
 .text.UART_HAL_SetBaudRate
                0x00003d8c       0x6c ./SDK/platform/hal/src/uart/fsl_uart_hal.o
                0x00003d8c                UART_HAL_SetBaudRate
 .text.UART_HAL_SetParityMode
                0x00003df8       0x40 ./SDK/platform/hal/src/uart/fsl_uart_hal.o
                0x00003df8                UART_HAL_SetParityMode
 .text.UART_HAL_Putchar
                0x00003e38       0x34 ./SDK/platform/hal/src/uart/fsl_uart_hal.o
                0x00003e38                UART_HAL_Putchar
 .text.UART_HAL_Getchar
                0x00003e6c       0x34 ./SDK/platform/hal/src/uart/fsl_uart_hal.o
                0x00003e6c                UART_HAL_Getchar
 .text.UART_HAL_SendDataPolling
                0x00003ea0       0x44 ./SDK/platform/hal/src/uart/fsl_uart_hal.o
                0x00003ea0                UART_HAL_SendDataPolling
 .text.UART_HAL_ReceiveDataPolling
                0x00003ee4       0xa4 ./SDK/platform/hal/src/uart/fsl_uart_hal.o
                0x00003ee4                UART_HAL_ReceiveDataPolling
 .text.CLOCK_HAL_GetClkOutStat
                0x00003f88       0x20 ./SDK/platform/hal/src/mcg/fsl_mcg_hal.o
 .text.CLOCK_HAL_IsPllSelected
                0x00003fa8       0x24 ./SDK/platform/hal/src/mcg/fsl_mcg_hal.o
 .text.CLOCK_HAL_GetMcgExternalClkFreq
                0x00003fcc       0x18 ./SDK/platform/hal/src/mcg/fsl_mcg_hal.o
 .text.CLOCK_HAL_TestFllExternalRefFreq
                0x00003fe4       0x7c ./SDK/platform/hal/src/mcg/fsl_mcg_hal.o
                0x00003fe4                CLOCK_HAL_TestFllExternalRefFreq
 .text.CLOCK_HAL_GetFllRefClk
                0x00004060       0x8c ./SDK/platform/hal/src/mcg/fsl_mcg_hal.o
                0x00004060                CLOCK_HAL_GetFllRefClk
 .text.CLOCK_HAL_TestFllFreq
                0x000040ec       0x6c ./SDK/platform/hal/src/mcg/fsl_mcg_hal.o
                0x000040ec                CLOCK_HAL_TestFllFreq
 .text.CLOCK_HAL_GetFllClk
                0x00004158       0x7c ./SDK/platform/hal/src/mcg/fsl_mcg_hal.o
                0x00004158                CLOCK_HAL_GetFllClk
 .text.CLOCK_HAL_GetPll0RefFreq
                0x000041d4       0x1c ./SDK/platform/hal/src/mcg/fsl_mcg_hal.o
                0x000041d4                CLOCK_HAL_GetPll0RefFreq
 .text.CLOCK_HAL_GetPll0Clk
                0x000041f0       0x90 ./SDK/platform/hal/src/mcg/fsl_mcg_hal.o
                0x000041f0                CLOCK_HAL_GetPll0Clk
 .text.CLOCK_HAL_GetInternalRefClk
                0x00004280       0x64 ./SDK/platform/hal/src/mcg/fsl_mcg_hal.o
                0x00004280                CLOCK_HAL_GetInternalRefClk
 .text.CLOCK_HAL_GetOutClk
                0x000042e4       0x7c ./SDK/platform/hal/src/mcg/fsl_mcg_hal.o
                0x000042e4                CLOCK_HAL_GetOutClk
 .text.LPSCI_HAL_Putchar
                0x00004360       0x1c ./SDK/platform/hal/src/lpsci/fsl_lpsci_hal.o
 .text.LPSCI_HAL_Getchar
                0x0000437c       0x1c ./SDK/platform/hal/src/lpsci/fsl_lpsci_hal.o
 .text.LPSCI_HAL_SetBaudRate
                0x00004398      0x14c ./SDK/platform/hal/src/lpsci/fsl_lpsci_hal.o
                0x00004398                LPSCI_HAL_SetBaudRate
 .text.LPSCI_HAL_SetParityMode
                0x000044e4       0x40 ./SDK/platform/hal/src/lpsci/fsl_lpsci_hal.o
                0x000044e4                LPSCI_HAL_SetParityMode
 .text.LPSCI_HAL_SendDataPolling
                0x00004524       0x44 ./SDK/platform/hal/src/lpsci/fsl_lpsci_hal.o
                0x00004524                LPSCI_HAL_SendDataPolling
 .text.LPSCI_HAL_ReceiveDataPolling
                0x00004568       0x88 ./SDK/platform/hal/src/lpsci/fsl_lpsci_hal.o
                0x00004568                LPSCI_HAL_ReceiveDataPolling
 .text.GPIO_HAL_SetPinDir
                0x000045f0       0x6c ./SDK/platform/hal/src/gpio/fsl_gpio_hal.o
                0x000045f0                GPIO_HAL_SetPinDir
 .text.GPIO_HAL_WritePinOutput
                0x0000465c       0x50 ./SDK/platform/hal/src/gpio/fsl_gpio_hal.o
                0x0000465c                GPIO_HAL_WritePinOutput
 .text.NVIC_EnableIRQ
                0x000046ac       0x2c ./SDK/platform/drivers/src/gpio/fsl_gpio_driver.o
 .text.PORT_HAL_SetPullCmd
                0x000046d8       0x4c ./SDK/platform/drivers/src/gpio/fsl_gpio_driver.o
 .text.PORT_HAL_SetSlewRateMode
                0x00004724       0x4c ./SDK/platform/drivers/src/gpio/fsl_gpio_driver.o
 .text.PORT_HAL_SetPassiveFilterCmd
                0x00004770       0x4c ./SDK/platform/drivers/src/gpio/fsl_gpio_driver.o
 .text.PORT_HAL_SetDriveStrengthMode
                0x000047bc       0x4c ./SDK/platform/drivers/src/gpio/fsl_gpio_driver.o
 .text.PORT_HAL_SetMuxMode
                0x00004808       0x4c ./SDK/platform/drivers/src/gpio/fsl_gpio_driver.o
 .text.PORT_HAL_SetPinIntMode
                0x00004854       0x4c ./SDK/platform/drivers/src/gpio/fsl_gpio_driver.o
 .text.INT_SYS_EnableIRQ
                0x000048a0       0x5c ./SDK/platform/drivers/src/gpio/fsl_gpio_driver.o
 .text.GPIO_DRV_Init
                0x000048fc       0x4c ./SDK/platform/drivers/src/gpio/fsl_gpio_driver.o
                0x000048fc                GPIO_DRV_Init
 .text.GPIO_DRV_InputPinInit
                0x00004948       0xc4 ./SDK/platform/drivers/src/gpio/fsl_gpio_driver.o
                0x00004948                GPIO_DRV_InputPinInit
 .text.GPIO_DRV_OutputPinInit
                0x00004a0c       0x9c ./SDK/platform/drivers/src/gpio/fsl_gpio_driver.o
                0x00004a0c                GPIO_DRV_OutputPinInit
 .text.SystemInit
                0x00004aa8      0x178 ./SDK/platform/devices/MKL25Z4/startup/system_MKL25Z4.o
                0x00004aa8                SystemInit
 .text.init_data_bss
                0x00004c20       0xc8 ./SDK/platform/devices/startup.o
                0x00004c20                init_data_bss
 .text.CLOCK_HAL_SetLpsciSrc
                0x00004ce8       0x30 ./Generated_Code/Cpu.o
 .text.CLOCK_SYS_SetLpsciSrc
                0x00004d18       0x2c ./Generated_Code/Cpu.o
 .text.Components_Init
                0x00004d44       0x48 ./Generated_Code/Cpu.o
                0x00004d44                Components_Init
 .text.MainTask_Init
                0x00004d8c       0x4c ./Generated_Code/MainTask.o
                0x00004d8c                MainTask_Init
 .text.Task1_Init
                0x00004dd8       0x4c ./Generated_Code/Task1.o
                0x00004dd8                Task1_Init
 .text.Task2_Init
                0x00004e24       0x4c ./Generated_Code/Task2.o
                0x00004e24                Task2_Init
 .text.Task3_Init
                0x00004e70       0x4c ./Generated_Code/Task3.o
                0x00004e70                Task3_Init
 .text.Task4_Init
                0x00004ebc       0x4c ./Generated_Code/Task4.o
                0x00004ebc                Task4_Init
 .text.Task5_Init
                0x00004f08       0x4c ./Generated_Code/Task5.o
                0x00004f08                Task5_Init
 .text.SIM_HAL_EnableClock
                0x00004f54       0x58 ./Generated_Code/hardware_init.o
 .text.hardware_init
                0x00004fac       0x4c ./Generated_Code/hardware_init.o
                0x00004fac                hardware_init
 .text.PORT_HAL_SetPullCmd
                0x00004ff8       0x4c ./Generated_Code/pin_init.o
 .text.PORT_HAL_SetMuxMode
                0x00005044       0x4c ./Generated_Code/pin_init.o
 .text.SIM_HAL_SetLpsciRxSrcMode
                0x00005090       0x2c ./Generated_Code/pin_init.o
 .text.init_gpio_pins
                0x000050bc       0x40 ./Generated_Code/pin_init.o
                0x000050bc                init_gpio_pins
 .text.init_osc_pins
                0x000050fc       0x2c ./Generated_Code/pin_init.o
                0x000050fc                init_osc_pins
 .text.init_rcm_pins
                0x00005128       0x20 ./Generated_Code/pin_init.o
                0x00005128                init_rcm_pins
 .text.init_swd_pins
                0x00005148       0x2c ./Generated_Code/pin_init.o
                0x00005148                init_swd_pins
 .text.init_uart0_pins
                0x00005174       0x3c ./Generated_Code/pin_init.o
                0x00005174                init_uart0_pins
 .text.__assert_func
                0x000051b0       0x3c c:/freescale/kds_v3/toolchain/bin/../lib/gcc/arm-none-eabi/4.8.4/../../../../arm-none-eabi/lib/armv6-m\libg_s.a(lib_a-assert.o)
                0x000051b0                __assert_func
 .text.__errno  0x000051ec        0xc c:/freescale/kds_v3/toolchain/bin/../lib/gcc/arm-none-eabi/4.8.4/../../../../arm-none-eabi/lib/armv6-m\libg_s.a(lib_a-errno.o)
                0x000051ec                __errno
 .text.exit     0x000051f8       0x2c c:/freescale/kds_v3/toolchain/bin/../lib/gcc/arm-none-eabi/4.8.4/../../../../arm-none-eabi/lib/armv6-m\libg_s.a(lib_a-exit.o)
                0x000051f8                exit
 .text.fprintf  0x00005224       0x24 c:/freescale/kds_v3/toolchain/bin/../lib/gcc/arm-none-eabi/4.8.4/../../../../arm-none-eabi/lib/armv6-m\libg_s.a(lib_a-fprintf.o)
                0x00005224                fiprintf
                0x00005224                fprintf
 .text.__libc_init_array
                0x00005248       0x4c c:/freescale/kds_v3/toolchain/bin/../lib/gcc/arm-none-eabi/4.8.4/../../../../arm-none-eabi/lib/armv6-m\libg_s.a(lib_a-init.o)
                0x00005248                __libc_init_array
 .text.memcpy   0x00005294       0x12 c:/freescale/kds_v3/toolchain/bin/../lib/gcc/arm-none-eabi/4.8.4/../../../../arm-none-eabi/lib/armv6-m\libg_s.a(lib_a-memcpy-stub.o)
                0x00005294                memcpy
 .text.memset   0x000052a6       0x10 c:/freescale/kds_v3/toolchain/bin/../lib/gcc/arm-none-eabi/4.8.4/../../../../arm-none-eabi/lib/armv6-m\libg_s.a(lib_a-memset.o)
                0x000052a6                memset
 .text.strlen   0x000052b6        0xe c:/freescale/kds_v3/toolchain/bin/../lib/gcc/arm-none-eabi/4.8.4/../../../../arm-none-eabi/lib/armv6-m\libg_s.a(lib_a-strlen.o)
                0x000052b6                strlen
 .text.__sfputc_r
                0x000052c4       0x2a c:/freescale/kds_v3/toolchain/bin/../lib/gcc/arm-none-eabi/4.8.4/../../../../arm-none-eabi/lib/armv6-m\libg_s.a(lib_a-vfprintf.o)
 .text.__sfputs_r
                0x000052ee       0x24 c:/freescale/kds_v3/toolchain/bin/../lib/gcc/arm-none-eabi/4.8.4/../../../../arm-none-eabi/lib/armv6-m\libg_s.a(lib_a-vfprintf.o)
                0x000052ee                __sfputs_r
 *fill*         0x00005312        0x2 
 .text._vfprintf_r
                0x00005314      0x210 c:/freescale/kds_v3/toolchain/bin/../lib/gcc/arm-none-eabi/4.8.4/../../../../arm-none-eabi/lib/armv6-m\libg_s.a(lib_a-vfprintf.o)
                0x00005314                _vfprintf_r
                0x00005314                _vfiprintf_r
 .text._printf_common
                0x00005524       0xe8 c:/freescale/kds_v3/toolchain/bin/../lib/gcc/arm-none-eabi/4.8.4/../../../../arm-none-eabi/lib/armv6-m\libg_s.a(lib_a-vfprintf_i.o)
                0x00005524                _printf_common
 .text._printf_i
                0x0000560c      0x22c c:/freescale/kds_v3/toolchain/bin/../lib/gcc/arm-none-eabi/4.8.4/../../../../arm-none-eabi/lib/armv6-m\libg_s.a(lib_a-vfprintf_i.o)
                0x0000560c                _printf_i
 .text.__swbuf_r
                0x00005838       0xb0 c:/freescale/kds_v3/toolchain/bin/../lib/gcc/arm-none-eabi/4.8.4/../../../../arm-none-eabi/lib/armv6-m\libg_s.a(lib_a-wbuf.o)
                0x00005838                __swbuf_r
 .text.__swsetup_r
                0x000058e8       0xe4 c:/freescale/kds_v3/toolchain/bin/../lib/gcc/arm-none-eabi/4.8.4/../../../../arm-none-eabi/lib/armv6-m\libg_s.a(lib_a-wsetup.o)
                0x000058e8                __swsetup_r
 .text.abort    0x000059cc        0xe c:/freescale/kds_v3/toolchain/bin/../lib/gcc/arm-none-eabi/4.8.4/../../../../arm-none-eabi/lib/armv6-m\libg_s.a(lib_a-abort.o)
                0x000059cc                abort
 .text.__sflush_r
                0x000059da      0x112 c:/freescale/kds_v3/toolchain/bin/../lib/gcc/arm-none-eabi/4.8.4/../../../../arm-none-eabi/lib/armv6-m\libg_s.a(lib_a-fflush.o)
                0x000059da                __sflush_r
 .text._fflush_r
                0x00005aec       0x58 c:/freescale/kds_v3/toolchain/bin/../lib/gcc/arm-none-eabi/4.8.4/../../../../arm-none-eabi/lib/armv6-m\libg_s.a(lib_a-fflush.o)
                0x00005aec                _fflush_r
 .text._cleanup_r
                0x00005b44       0x34 c:/freescale/kds_v3/toolchain/bin/../lib/gcc/arm-none-eabi/4.8.4/../../../../arm-none-eabi/lib/armv6-m\libg_s.a(lib_a-findfp.o)
                0x00005b44                _cleanup_r
 .text.std.isra.0
                0x00005b78       0x48 c:/freescale/kds_v3/toolchain/bin/../lib/gcc/arm-none-eabi/4.8.4/../../../../arm-none-eabi/lib/armv6-m\libg_s.a(lib_a-findfp.o)
 .text.__sfmoreglue
                0x00005bc0       0x2c c:/freescale/kds_v3/toolchain/bin/../lib/gcc/arm-none-eabi/4.8.4/../../../../arm-none-eabi/lib/armv6-m\libg_s.a(lib_a-findfp.o)
                0x00005bc0                __sfmoreglue
 .text.__sinit  0x00005bec       0x64 c:/freescale/kds_v3/toolchain/bin/../lib/gcc/arm-none-eabi/4.8.4/../../../../arm-none-eabi/lib/armv6-m\libg_s.a(lib_a-findfp.o)
                0x00005bec                __sinit
 .text.__sfp    0x00005c50       0x7c c:/freescale/kds_v3/toolchain/bin/../lib/gcc/arm-none-eabi/4.8.4/../../../../arm-none-eabi/lib/armv6-m\libg_s.a(lib_a-findfp.o)
                0x00005c50                __sfp
 .text.__smakebuf_r
                0x00005ccc       0xa0 c:/freescale/kds_v3/toolchain/bin/../lib/gcc/arm-none-eabi/4.8.4/../../../../arm-none-eabi/lib/armv6-m\libg_s.a(lib_a-makebuf.o)
                0x00005ccc                __smakebuf_r
 .text.memchr   0x00005d6c       0x16 c:/freescale/kds_v3/toolchain/bin/../lib/gcc/arm-none-eabi/4.8.4/../../../../arm-none-eabi/lib/armv6-m\libg_s.a(lib_a-memchr-stub.o)
                0x00005d6c                memchr
 *fill*         0x00005d82        0x2 
 .text._free_r  0x00005d84       0x90 c:/freescale/kds_v3/toolchain/bin/../lib/gcc/arm-none-eabi/4.8.4/../../../../arm-none-eabi/lib/armv6-m\libg_s.a(lib_a-nano-freer.o)
                0x00005d84                _free_r
 .text._malloc_r
                0x00005e14       0xa8 c:/freescale/kds_v3/toolchain/bin/../lib/gcc/arm-none-eabi/4.8.4/../../../../arm-none-eabi/lib/armv6-m\libg_s.a(lib_a-nano-mallocr.o)
                0x00005e14                _malloc_r
 .text._sbrk_r  0x00005ebc       0x24 c:/freescale/kds_v3/toolchain/bin/../lib/gcc/arm-none-eabi/4.8.4/../../../../arm-none-eabi/lib/armv6-m\libg_s.a(lib_a-sbrkr.o)
                0x00005ebc                _sbrk_r
 .text._raise_r
                0x00005ee0       0x56 c:/freescale/kds_v3/toolchain/bin/../lib/gcc/arm-none-eabi/4.8.4/../../../../arm-none-eabi/lib/armv6-m\libg_s.a(lib_a-signal.o)
                0x00005ee0                _raise_r
 *fill*         0x00005f36        0x2 
 .text.raise    0x00005f38       0x14 c:/freescale/kds_v3/toolchain/bin/../lib/gcc/arm-none-eabi/4.8.4/../../../../arm-none-eabi/lib/armv6-m\libg_s.a(lib_a-signal.o)
                0x00005f38                raise
 .text._kill_r  0x00005f4c       0x24 c:/freescale/kds_v3/toolchain/bin/../lib/gcc/arm-none-eabi/4.8.4/../../../../arm-none-eabi/lib/armv6-m\libg_s.a(lib_a-signalr.o)
                0x00005f4c                _kill_r
 .text._getpid_r
                0x00005f70        0x8 c:/freescale/kds_v3/toolchain/bin/../lib/gcc/arm-none-eabi/4.8.4/../../../../arm-none-eabi/lib/armv6-m\libg_s.a(lib_a-signalr.o)
                0x00005f70                _getpid_r
 .text.__sread  0x00005f78       0x28 c:/freescale/kds_v3/toolchain/bin/../lib/gcc/arm-none-eabi/4.8.4/../../../../arm-none-eabi/lib/armv6-m\libg_s.a(lib_a-stdio.o)
                0x00005f78                __sread
 .text.__swrite
                0x00005fa0       0x38 c:/freescale/kds_v3/toolchain/bin/../lib/gcc/arm-none-eabi/4.8.4/../../../../arm-none-eabi/lib/armv6-m\libg_s.a(lib_a-stdio.o)
                0x00005fa0                __swrite
 .text.__sseek  0x00005fd8       0x2c c:/freescale/kds_v3/toolchain/bin/../lib/gcc/arm-none-eabi/4.8.4/../../../../arm-none-eabi/lib/armv6-m\libg_s.a(lib_a-stdio.o)
                0x00005fd8                __sseek
 .text.__sclose
                0x00006004        0xc c:/freescale/kds_v3/toolchain/bin/../lib/gcc/arm-none-eabi/4.8.4/../../../../arm-none-eabi/lib/armv6-m\libg_s.a(lib_a-stdio.o)
                0x00006004                __sclose
 .text._write_r
                0x00006010       0x28 c:/freescale/kds_v3/toolchain/bin/../lib/gcc/arm-none-eabi/4.8.4/../../../../arm-none-eabi/lib/armv6-m\libg_s.a(lib_a-writer.o)
                0x00006010                _write_r
 .text._close_r
                0x00006038       0x24 c:/freescale/kds_v3/toolchain/bin/../lib/gcc/arm-none-eabi/4.8.4/../../../../arm-none-eabi/lib/armv6-m\libg_s.a(lib_a-closer.o)
                0x00006038                _close_r
 .text._fstat_r
                0x0000605c       0x24 c:/freescale/kds_v3/toolchain/bin/../lib/gcc/arm-none-eabi/4.8.4/../../../../arm-none-eabi/lib/armv6-m\libg_s.a(lib_a-fstatr.o)
                0x0000605c                _fstat_r
 .text._isatty_r
                0x00006080       0x24 c:/freescale/kds_v3/toolchain/bin/../lib/gcc/arm-none-eabi/4.8.4/../../../../arm-none-eabi/lib/armv6-m\libg_s.a(lib_a-isattyr.o)
                0x00006080                _isatty_r
 .text._lseek_r
                0x000060a4       0x28 c:/freescale/kds_v3/toolchain/bin/../lib/gcc/arm-none-eabi/4.8.4/../../../../arm-none-eabi/lib/armv6-m\libg_s.a(lib_a-lseekr.o)
                0x000060a4                _lseek_r
 .text._read_r  0x000060cc       0x28 c:/freescale/kds_v3/toolchain/bin/../lib/gcc/arm-none-eabi/4.8.4/../../../../arm-none-eabi/lib/armv6-m\libg_s.a(lib_a-readr.o)
                0x000060cc                _read_r
 .text._close   0x000060f4       0x10 c:/freescale/kds_v3/toolchain/bin/../lib/gcc/arm-none-eabi/4.8.4/../../../../arm-none-eabi/lib/armv6-m\libnosys.a(close.o)
                0x000060f4                _close
 .text._fstat   0x00006104       0x10 c:/freescale/kds_v3/toolchain/bin/../lib/gcc/arm-none-eabi/4.8.4/../../../../arm-none-eabi/lib/armv6-m\libnosys.a(fstat.o)
                0x00006104                _fstat
 .text._getpid  0x00006114       0x10 c:/freescale/kds_v3/toolchain/bin/../lib/gcc/arm-none-eabi/4.8.4/../../../../arm-none-eabi/lib/armv6-m\libnosys.a(getpid.o)
                0x00006114                _getpid
 .text._isatty  0x00006124       0x10 c:/freescale/kds_v3/toolchain/bin/../lib/gcc/arm-none-eabi/4.8.4/../../../../arm-none-eabi/lib/armv6-m\libnosys.a(isatty.o)
                0x00006124                _isatty
 .text._kill    0x00006134       0x10 c:/freescale/kds_v3/toolchain/bin/../lib/gcc/arm-none-eabi/4.8.4/../../../../arm-none-eabi/lib/armv6-m\libnosys.a(kill.o)
                0x00006134                _kill
 .text._lseek   0x00006144       0x10 c:/freescale/kds_v3/toolchain/bin/../lib/gcc/arm-none-eabi/4.8.4/../../../../arm-none-eabi/lib/armv6-m\libnosys.a(lseek.o)
                0x00006144                _lseek
 .text._exit    0x00006154        0x4 c:/freescale/kds_v3/toolchain/bin/../lib/gcc/arm-none-eabi/4.8.4/../../../../arm-none-eabi/lib/armv6-m\libnosys.a(_exit.o)
                0x00006154                _exit
 *(.rodata)
 .rodata        0x00006158       0xb0 ./Sources/ledrgb_hal.o
 .rodata        0x00006208       0xb0 ./Sources/os_tasks.o
 .rodata        0x000062b8       0x1c ./SDK/rtos/FreeRTOS/src/tasks.o
 .rodata        0x000062d4        0x8 ./SDK/rtos/FreeRTOS/src/timers.o
 .rodata        0x000062dc        0xc ./SDK/platform/utilities/src/fsl_debug_console.o
 .rodata        0x000062e8      0x21c ./SDK/platform/system/src/clock/MKL25Z4/fsl_clock_MKL25Z4.o
 .rodata        0x00006504       0x38 ./SDK/platform/hal/src/gpio/fsl_gpio_hal.o
 .rodata        0x0000653c      0x144 ./SDK/platform/drivers/src/gpio/fsl_gpio_driver.o
 .rodata        0x00006680        0xc ./Generated_Code/MainTask.o
 .rodata        0x0000668c        0x8 ./Generated_Code/Task1.o
 .rodata        0x00006694        0x8 ./Generated_Code/Task2.o
 .rodata        0x0000669c        0x8 ./Generated_Code/Task3.o
 .rodata        0x000066a4        0x8 ./Generated_Code/Task4.o
 .rodata        0x000066ac        0x8 ./Generated_Code/Task5.o
 .rodata        0x000066b4       0x58 ./Generated_Code/pin_init.o
 *(.rodata*)
 .rodata.__func__.6351
                0x0000670c       0x14 ./Sources/ledrgb_hal.o
 .rodata.__func__.6429
                0x00006720       0x18 ./Sources/ledrgb_hal.o
 .rodata.__func__.6434
                0x00006738       0x18 ./Sources/ledrgb_hal.o
 .rodata.Task5_task
                0x00006750       0x2c ./Sources/os_tasks.o
 .rodata.prvProcessReceivedCommands
                0x0000677c       0x28 ./SDK/rtos/FreeRTOS/src/timers.o
 .rodata._doprint
                0x000067a4       0xc8 ./SDK/platform/utilities/src/print_scan.o
 .rodata.portGateTable
                0x0000686c        0x8 ./SDK/platform/system/src/clock/MKL25Z4/fsl_clock_MKL25Z4.o
 .rodata.uartGateTable
                0x00006874        0x4 ./SDK/platform/system/src/clock/MKL25Z4/fsl_clock_MKL25Z4.o
 .rodata.__func__.7004
                0x00006878       0x1c ./SDK/platform/system/src/clock/MKL25Z4/fsl_clock_MKL25Z4.o
 .rodata.__func__.7077
                0x00006894       0x1c ./SDK/platform/system/src/clock/MKL25Z4/fsl_clock_MKL25Z4.o
 .rodata.__func__.7082
                0x000068b0       0x1c ./SDK/platform/system/src/clock/MKL25Z4/fsl_clock_MKL25Z4.o
 .rodata.g_oscBase
                0x000068cc        0x4 ./SDK/platform/system/src/clock/fsl_clock_manager_common.o
                0x000068cc                g_oscBase
 .rodata.fllFactorTable.5325
                0x000068d0       0x10 ./SDK/platform/hal/src/mcg/fsl_mcg_hal.o
 .rodata.__func__.5175
                0x000068e0       0x14 ./SDK/platform/hal/src/gpio/fsl_gpio_hal.o
 .rodata.__func__.5181
                0x000068f4       0x18 ./SDK/platform/hal/src/gpio/fsl_gpio_hal.o
 .rodata.g_gpioBase
                0x0000690c       0x14 ./SDK/platform/drivers/src/gpio/fsl_gpio_common.o
                0x0000690c                g_gpioBase
 .rodata.g_portBase
                0x00006920       0x14 ./SDK/platform/drivers/src/gpio/fsl_gpio_common.o
                0x00006920                g_portBase
 .rodata.g_portIrqId
                0x00006934        0x8 ./SDK/platform/drivers/src/gpio/fsl_gpio_common.o
                0x00006934                g_portIrqId
 .rodata.__func__.5094
                0x0000693c       0x14 ./SDK/platform/drivers/src/gpio/fsl_gpio_driver.o
 .rodata.__func__.5070
                0x00006950       0x14 ./SDK/platform/drivers/src/gpio/fsl_gpio_driver.o
 .rodata.__func__.5082
                0x00006964       0x20 ./SDK/platform/drivers/src/gpio/fsl_gpio_driver.o
 .rodata.__func__.5108
                0x00006984       0x18 ./SDK/platform/drivers/src/gpio/fsl_gpio_driver.o
 .rodata.__func__.6588
                0x0000699c       0x14 ./SDK/platform/drivers/src/gpio/fsl_gpio_driver.o
 .rodata.__func__.5076
                0x000069b0       0x1c ./SDK/platform/drivers/src/gpio/fsl_gpio_driver.o
 .rodata.__func__.5088
                0x000069cc       0x20 ./SDK/platform/drivers/src/gpio/fsl_gpio_driver.o
 .rodata.gpio1_InpConfig0
                0x000069ec       0x10 ./Generated_Code/gpio1.o
                0x000069ec                gpio1_InpConfig0
 .rodata.gpio1_OutConfig0
                0x000069fc       0x18 ./Generated_Code/gpio1.o
                0x000069fc                gpio1_OutConfig0
 .rodata.__func__.5070
                0x00006a14       0x14 ./Generated_Code/pin_init.o
 .rodata.__func__.5094
                0x00006a28       0x14 ./Generated_Code/pin_init.o
 .rodata.str1.1
                0x00006a3c       0x3c c:/freescale/kds_v3/toolchain/bin/../lib/gcc/arm-none-eabi/4.8.4/../../../../arm-none-eabi/lib/armv6-m\libg_s.a(lib_a-assert.o)
                                 0x3d (size before relaxing)
 .rodata.str1.1
                0x00006a78        0x2 c:/freescale/kds_v3/toolchain/bin/../lib/gcc/arm-none-eabi/4.8.4/../../../../arm-none-eabi/lib/armv6-m\libg_s.a(lib_a-impure.o)
 *fill*         0x00006a7a        0x2 
 .rodata._global_impure_ptr
                0x00006a7c        0x4 c:/freescale/kds_v3/toolchain/bin/../lib/gcc/arm-none-eabi/4.8.4/../../../../arm-none-eabi/lib/armv6-m\libg_s.a(lib_a-impure.o)
                0x00006a7c                _global_impure_ptr
 .rodata.str1.1
                0x00006a80       0x11 c:/freescale/kds_v3/toolchain/bin/../lib/gcc/arm-none-eabi/4.8.4/../../../../arm-none-eabi/lib/armv6-m\libg_s.a(lib_a-vfprintf.o)
 .rodata.str1.1
                0x00006a91       0x22 c:/freescale/kds_v3/toolchain/bin/../lib/gcc/arm-none-eabi/4.8.4/../../../../arm-none-eabi/lib/armv6-m\libg_s.a(lib_a-vfprintf_i.o)
 *fill*         0x00006ab3        0x1 
 .rodata.__sf_fake_stdin
                0x00006ab4       0x20 c:/freescale/kds_v3/toolchain/bin/../lib/gcc/arm-none-eabi/4.8.4/../../../../arm-none-eabi/lib/armv6-m\libg_s.a(lib_a-findfp.o)
                0x00006ab4                __sf_fake_stdin
 .rodata.__sf_fake_stdout
                0x00006ad4       0x20 c:/freescale/kds_v3/toolchain/bin/../lib/gcc/arm-none-eabi/4.8.4/../../../../arm-none-eabi/lib/armv6-m\libg_s.a(lib_a-findfp.o)
                0x00006ad4                __sf_fake_stdout
 .rodata.__sf_fake_stderr
                0x00006af4       0x20 c:/freescale/kds_v3/toolchain/bin/../lib/gcc/arm-none-eabi/4.8.4/../../../../arm-none-eabi/lib/armv6-m\libg_s.a(lib_a-findfp.o)
                0x00006af4                __sf_fake_stderr
 *(.glue_7)
 .glue_7        0x00000000        0x0 linker stubs
 *(.glue_7t)
 .glue_7t       0x00000000        0x0 linker stubs
 *(.eh_frame)
 .eh_frame      0x00006b14        0x0 c:/freescale/kds_v3/toolchain/bin/../lib/gcc/arm-none-eabi/4.8.4/armv6-m/crtbegin.o
 *(.init)
 .init          0x00006b14        0x4 c:/freescale/kds_v3/toolchain/bin/../lib/gcc/arm-none-eabi/4.8.4/armv6-m/crti.o
                0x00006b14                _init
 .init          0x00006b18        0x8 c:/freescale/kds_v3/toolchain/bin/../lib/gcc/arm-none-eabi/4.8.4/armv6-m/crtn.o
 *(.fini)
 .fini          0x00006b20        0x4 c:/freescale/kds_v3/toolchain/bin/../lib/gcc/arm-none-eabi/4.8.4/armv6-m/crti.o
                0x00006b20                _fini
 .fini          0x00006b24        0x8 c:/freescale/kds_v3/toolchain/bin/../lib/gcc/arm-none-eabi/4.8.4/armv6-m/crtn.o
                0x00006b2c                . = ALIGN (0x4)

.vfp11_veneer   0x00006b2c        0x0
 .vfp11_veneer  0x00000000        0x0 linker stubs

.v4_bx          0x00006b2c        0x0
 .v4_bx         0x00000000        0x0 linker stubs

.iplt           0x00006b2c        0x0
 .iplt          0x00000000        0x0 c:/freescale/kds_v3/toolchain/bin/../lib/gcc/arm-none-eabi/4.8.4/armv6-m/crtbegin.o

.ARM.extab
 *(.ARM.extab* .gnu.linkonce.armextab.*)

.ARM            0x00006b2c        0x8
                0x00006b2c                __exidx_start = .
 *(.ARM.exidx*)
 .ARM.exidx     0x00006b2c        0x8 c:/freescale/kds_v3/toolchain/bin/../lib/gcc/arm-none-eabi/4.8.4/../../../../arm-none-eabi/lib/armv6-m/crt0.o
                0x00006b34                __exidx_end = .

.rel.dyn        0x00006b34        0x0
 .rel.iplt      0x00000000        0x0 c:/freescale/kds_v3/toolchain/bin/../lib/gcc/arm-none-eabi/4.8.4/armv6-m/crtbegin.o

.ctors          0x00006b34        0x0
                0x00006b34                __CTOR_LIST__ = .
 *crtbegin.o(.ctors)
 *crtbegin?.o(.ctors)
 *(EXCLUDE_FILE(*crtend.o *crtend?.o) .ctors)
 *(SORT(.ctors.*))
 *(.ctors)
                0x00006b34                __CTOR_END__ = .

.dtors          0x00006b34        0x0
                0x00006b34                __DTOR_LIST__ = .
 *crtbegin.o(.dtors)
 *crtbegin?.o(.dtors)
 *(EXCLUDE_FILE(*crtend.o *crtend?.o) .dtors)
 *(SORT(.dtors.*))
 *(.dtors)
                0x00006b34                __DTOR_END__ = .

.preinit_array  0x00006b34        0x0
                0x00006b34                PROVIDE (__preinit_array_start, .)
 *(.preinit_array*)
                0x00006b34                PROVIDE (__preinit_array_end, .)

.init_array     0x00006b34        0x4
                0x00006b34                PROVIDE (__init_array_start, .)
 *(SORT(.init_array.*))
 *(.init_array*)
 .init_array    0x00006b34        0x4 c:/freescale/kds_v3/toolchain/bin/../lib/gcc/arm-none-eabi/4.8.4/armv6-m/crtbegin.o
                0x00006b38                PROVIDE (__init_array_end, .)

.fini_array     0x00006b38        0x4
                0x00006b38                PROVIDE (__fini_array_start, .)
 *(SORT(.fini_array.*))
 *(.fini_array*)
 .fini_array    0x00006b38        0x4 c:/freescale/kds_v3/toolchain/bin/../lib/gcc/arm-none-eabi/4.8.4/armv6-m/crtbegin.o
                0x00006b3c                PROVIDE (__fini_array_end, .)
                0x00006b3c                __etext = .
                0x00006b3c                __DATA_ROM = .

.mtb            0x1ffff200        0x0
                0x1ffff200                . = ALIGN (0x8)
                0x1ffff200                _mtb_start = .
 *(.mtb_buf)
                0x1ffff200                . = ALIGN (0x8)
                0x1ffff200                _mtb_end = .

.data           0x1ffff200       0xd4 load address 0x00006b3c
                0x1ffff200                . = ALIGN (0x4)
                0x1ffff200                __DATA_RAM = .
                0x1ffff200                __data_start__ = .
 *(.data)
 *(.data*)
 .data.menuComandos
                0x1ffff200       0x58 ./Sources/os_tasks.o
                0x1ffff200                menuComandos
 .data.xFreeBytesRemaining
                0x1ffff258        0x4 ./SDK/rtos/FreeRTOS/src/heap_2.o
 .data.xNextTaskUnblockTime
                0x1ffff25c        0x4 ./SDK/rtos/FreeRTOS/src/tasks.o
 .data.uxCriticalNesting
                0x1ffff260        0x4 ./SDK/rtos/FreeRTOS/port/gcc/port.o
 .data.g_fastInternalRefClkFreq
                0x1ffff264        0x4 ./SDK/platform/hal/src/mcg/fsl_mcg_hal.o
                0x1ffff264                g_fastInternalRefClkFreq
 .data.g_slowInternalRefClkFreq
                0x1ffff268        0x4 ./SDK/platform/hal/src/mcg/fsl_mcg_hal.o
                0x1ffff268                g_slowInternalRefClkFreq
 .data.impure_data
                0x1ffff26c       0x60 c:/freescale/kds_v3/toolchain/bin/../lib/gcc/arm-none-eabi/4.8.4/../../../../arm-none-eabi/lib/armv6-m\libg_s.a(lib_a-impure.o)
 .data._impure_ptr
                0x1ffff2cc        0x4 c:/freescale/kds_v3/toolchain/bin/../lib/gcc/arm-none-eabi/4.8.4/../../../../arm-none-eabi/lib/armv6-m\libg_s.a(lib_a-impure.o)
                0x1ffff2cc                _impure_ptr
 *(.jcr*)
 .jcr           0x1ffff2d0        0x0 c:/freescale/kds_v3/toolchain/bin/../lib/gcc/arm-none-eabi/4.8.4/armv6-m/crtbegin.o
 .jcr           0x1ffff2d0        0x4 c:/freescale/kds_v3/toolchain/bin/../lib/gcc/arm-none-eabi/4.8.4/armv6-m/crtend.o
                0x1ffff2d4                . = ALIGN (0x4)
                0x1ffff2d4                __data_end__ = .
                0x00006c10                __DATA_END = (__DATA_ROM + (__data_end__ - __data_start__))

.igot.plt       0x1ffff2d4        0x0 load address 0x00006c10
 .igot.plt      0x00000000        0x0 c:/freescale/kds_v3/toolchain/bin/../lib/gcc/arm-none-eabi/4.8.4/armv6-m/crtbegin.o

.m_interrupts_ram
                0x1ffff000      0x200
                0x1ffff000                . = ALIGN (0x4)
                0x1ffff000                __m_interrupts_ram_RAMStart = .
 *(.m_interrupts_ram)
                0x1ffff200                . = (. + 0x200)
 *fill*         0x1ffff000      0x200 
                0x1ffff200                __m_interrupts_ram_RAMEnd = .
                0x1ffff200                . = ALIGN (0x4)
                0x00000200                __m_interrupts_ram_ROMSize = (__m_interrupts_ram_RAMEnd - __m_interrupts_ram_RAMStart)
                0x00000200                __RAM_VECTOR_TABLE_SIZE_BYTES = (__m_interrupts_ram_RAMEnd - __m_interrupts_ram_RAMStart)
                0x00020000                text_end = (ORIGIN (m_text) + 0x1fbf0)
                0x00006c10                data_init_end = (__DATA_ROM + SIZEOF (.data))
                0x00000001                ASSERT ((data_init_end <= text_end), region m_text overflowed with text and data)

.bss            0x1ffff2d4     0x2260 load address 0x00006c10
                0x1ffff2d4                . = ALIGN (0x4)
                0x1ffff2d4                __START_BSS = .
                0x1ffff2d4                __bss_start__ = .
 *(.bss)
 .bss           0x1ffff2d4       0x1c c:/freescale/kds_v3/toolchain/bin/../lib/gcc/arm-none-eabi/4.8.4/armv6-m/crtbegin.o
 *(.bss*)
 .bss.meuSemaforo
                0x1ffff2f0        0x4 ./Sources/rtos_main_task.o
                0x1ffff2f0                meuSemaforo
 .bss.ucHeap    0x1ffff2f4     0x2000 ./SDK/rtos/FreeRTOS/src/heap_2.o
 .bss.xStart    0x200012f4        0x8 ./SDK/rtos/FreeRTOS/src/heap_2.o
 .bss.xEnd      0x200012fc        0x8 ./SDK/rtos/FreeRTOS/src/heap_2.o
 .bss.xHeapHasBeenInitialised.4627
                0x20001304        0x4 ./SDK/rtos/FreeRTOS/src/heap_2.o
 .bss.pxCurrentTCB
                0x20001308        0x4 ./SDK/rtos/FreeRTOS/src/tasks.o
                0x20001308                pxCurrentTCB
 .bss.pxReadyTasksLists
                0x2000130c       0xa0 ./SDK/rtos/FreeRTOS/src/tasks.o
 .bss.xDelayedTaskList1
                0x200013ac       0x14 ./SDK/rtos/FreeRTOS/src/tasks.o
 .bss.xDelayedTaskList2
                0x200013c0       0x14 ./SDK/rtos/FreeRTOS/src/tasks.o
 .bss.pxDelayedTaskList
                0x200013d4        0x4 ./SDK/rtos/FreeRTOS/src/tasks.o
 .bss.pxOverflowDelayedTaskList
                0x200013d8        0x4 ./SDK/rtos/FreeRTOS/src/tasks.o
 .bss.xPendingReadyList
                0x200013dc       0x14 ./SDK/rtos/FreeRTOS/src/tasks.o
 .bss.xTasksWaitingTermination
                0x200013f0       0x14 ./SDK/rtos/FreeRTOS/src/tasks.o
 .bss.uxTasksDeleted
                0x20001404        0x4 ./SDK/rtos/FreeRTOS/src/tasks.o
 .bss.xSuspendedTaskList
                0x20001408       0x14 ./SDK/rtos/FreeRTOS/src/tasks.o
 .bss.uxCurrentNumberOfTasks
                0x2000141c        0x4 ./SDK/rtos/FreeRTOS/src/tasks.o
 .bss.xTickCount
                0x20001420        0x4 ./SDK/rtos/FreeRTOS/src/tasks.o
 .bss.uxTopReadyPriority
                0x20001424        0x4 ./SDK/rtos/FreeRTOS/src/tasks.o
 .bss.xSchedulerRunning
                0x20001428        0x4 ./SDK/rtos/FreeRTOS/src/tasks.o
 .bss.uxPendedTicks
                0x2000142c        0x4 ./SDK/rtos/FreeRTOS/src/tasks.o
 .bss.xYieldPending
                0x20001430        0x4 ./SDK/rtos/FreeRTOS/src/tasks.o
 .bss.xNumOfOverflows
                0x20001434        0x4 ./SDK/rtos/FreeRTOS/src/tasks.o
 .bss.uxTaskNumber
                0x20001438        0x4 ./SDK/rtos/FreeRTOS/src/tasks.o
 .bss.uxSchedulerSuspended
                0x2000143c        0x4 ./SDK/rtos/FreeRTOS/src/tasks.o
 .bss.ulTaskSwitchedInTime
                0x20001440        0x4 ./SDK/rtos/FreeRTOS/src/tasks.o
 .bss.ulTotalRunTime
                0x20001444        0x4 ./SDK/rtos/FreeRTOS/src/tasks.o
 .bss.xActiveTimerList1
                0x20001448       0x14 ./SDK/rtos/FreeRTOS/src/timers.o
 .bss.xActiveTimerList2
                0x2000145c       0x14 ./SDK/rtos/FreeRTOS/src/timers.o
 .bss.pxCurrentTimerList
                0x20001470        0x4 ./SDK/rtos/FreeRTOS/src/timers.o
 .bss.pxOverflowTimerList
                0x20001474        0x4 ./SDK/rtos/FreeRTOS/src/timers.o
 .bss.xTimerQueue
                0x20001478        0x4 ./SDK/rtos/FreeRTOS/src/timers.o
 .bss.xLastTime.4864
                0x2000147c        0x4 ./SDK/rtos/FreeRTOS/src/timers.o
 .bss.xJumpBuf  0x20001480       0x5c ./SDK/rtos/FreeRTOS/port/gcc/port.o
 .bss.s_debugConsole
                0x200014dc       0x10 ./SDK/platform/utilities/src/fsl_debug_console.o
 .bss.heap_end.5570
                0x200014ec        0x4 ./SDK/platform/utilities/src/fsl_misc_utilities.o
 .bss.MainTask_stack
                0x200014f0        0x4 ./Generated_Code/MainTask.o
                0x200014f0                MainTask_stack
 .bss.Task1_stack
                0x200014f4        0x4 ./Generated_Code/Task1.o
                0x200014f4                Task1_stack
 .bss.Task2_stack
                0x200014f8        0x4 ./Generated_Code/Task2.o
                0x200014f8                Task2_stack
 .bss.Task3_stack
                0x200014fc        0x4 ./Generated_Code/Task3.o
                0x200014fc                Task3_stack
 .bss.Task4_stack
                0x20001500        0x4 ./Generated_Code/Task4.o
                0x20001500                Task4_stack
 .bss.Task5_stack
                0x20001504        0x4 ./Generated_Code/Task5.o
                0x20001504                Task5_stack
 .bss.__malloc_sbrk_start
                0x20001508        0x4 c:/freescale/kds_v3/toolchain/bin/../lib/gcc/arm-none-eabi/4.8.4/../../../../arm-none-eabi/lib/armv6-m\libg_s.a(lib_a-nano-mallocr.o)
                0x20001508                __malloc_sbrk_start
 .bss.__malloc_free_list
                0x2000150c        0x4 c:/freescale/kds_v3/toolchain/bin/../lib/gcc/arm-none-eabi/4.8.4/../../../../arm-none-eabi/lib/armv6-m\libg_s.a(lib_a-nano-mallocr.o)
                0x2000150c                __malloc_free_list
 *(COMMON)
 COMMON         0x20001510        0x8 ./SDK/platform/hal/src/mcg/fsl_mcg_hal.o
                0x20001510                g_xtal0ClkFreq
                0x20001514                g_xtalRtcClkFreq
 COMMON         0x20001518        0x4 ./Generated_Code/MainTask.o
                0x20001518                MainTask_task_handler
 COMMON         0x2000151c        0x4 ./Generated_Code/Task1.o
                0x2000151c                Task1_task_handler
 COMMON         0x20001520        0x4 ./Generated_Code/Task2.o
                0x20001520                Task2_task_handler
 COMMON         0x20001524        0x4 ./Generated_Code/Task3.o
                0x20001524                Task3_task_handler
 COMMON         0x20001528        0x4 ./Generated_Code/Task4.o
                0x20001528                Task4_task_handler
 COMMON         0x2000152c        0x4 ./Generated_Code/Task5.o
                0x2000152c                Task5_task_handler
 COMMON         0x20001530        0x4 c:/freescale/kds_v3/toolchain/bin/../lib/gcc/arm-none-eabi/4.8.4/../../../../arm-none-eabi/lib/armv6-m\libg_s.a(lib_a-reent.o)
                0x20001530                errno
                0x20001534                . = ALIGN (0x4)
                0x20001534                __bss_end__ = .
                0x20001534                __END_BSS = .

.heap           0x20001534        0x4 load address 0x00008e70
                0x20001538                . = ALIGN (0x8)
 *fill*         0x20001534        0x4 
                0x20001538                __end__ = .
                0x20001538                PROVIDE (end, .)
                0x20001538                __HeapBase = .
                0x20001538                . = (. + HEAP_SIZE)
                0x20001538                __HeapLimit = .

.stack          0x20001538      0x400 load address 0x00008e74
                0x20001538                . = ALIGN (0x8)
                0x20001938                . = (. + STACK_SIZE)
 *fill*         0x20001538      0x400 
                0x20003000                __StackTop = (ORIGIN (m_data) + 0x3e00)
                0x20002c00                __StackLimit = (__StackTop - STACK_SIZE)
                0x20003000                PROVIDE (__stack, __StackTop)

.ARM.attributes
                0x00000000       0x28
 *(.ARM.attributes)
 .ARM.attributes
                0x00000000       0x1e c:/freescale/kds_v3/toolchain/bin/../lib/gcc/arm-none-eabi/4.8.4/armv6-m/crti.o
 .ARM.attributes
                0x0000001e       0x2c c:/freescale/kds_v3/toolchain/bin/../lib/gcc/arm-none-eabi/4.8.4/armv6-m/crtbegin.o
 .ARM.attributes
                0x0000004a       0x1b c:/freescale/kds_v3/toolchain/bin/../lib/gcc/arm-none-eabi/4.8.4/../../../../arm-none-eabi/lib/armv6-m/crt0.o
 .ARM.attributes
                0x00000065       0x32 ./Static_Code/System/PE_low_level_init.o
 .ARM.attributes
                0x00000097       0x32 ./Sources/ledrgb_hal.o
 .ARM.attributes
                0x000000c9       0x32 ./Sources/main.o
 .ARM.attributes
                0x000000fb       0x32 ./Sources/os_tasks.o
 .ARM.attributes
                0x0000012d       0x32 ./Sources/rtos_main_task.o
 .ARM.attributes
                0x0000015f       0x32 ./SDK/rtos/FreeRTOS/src/heap_2.o
 .ARM.attributes
                0x00000191       0x32 ./SDK/rtos/FreeRTOS/src/list.o
 .ARM.attributes
                0x000001c3       0x32 ./SDK/rtos/FreeRTOS/src/queue.o
 .ARM.attributes
                0x000001f5       0x32 ./SDK/rtos/FreeRTOS/src/tasks.o
 .ARM.attributes
                0x00000227       0x32 ./SDK/rtos/FreeRTOS/src/timers.o
 .ARM.attributes
                0x00000259       0x32 ./SDK/rtos/FreeRTOS/port/gcc/port.o
 .ARM.attributes
                0x0000028b       0x32 ./SDK/platform/utilities/src/fsl_debug_console.o
 .ARM.attributes
                0x000002bd       0x32 ./SDK/platform/utilities/src/fsl_misc_utilities.o
 .ARM.attributes
                0x000002ef       0x32 ./SDK/platform/utilities/src/print_scan.o
 .ARM.attributes
                0x00000321       0x32 ./SDK/platform/system/src/clock/MKL25Z4/fsl_clock_MKL25Z4.o
 .ARM.attributes
                0x00000353       0x32 ./SDK/platform/system/src/clock/fsl_clock_manager_common.o
 .ARM.attributes
                0x00000385       0x32 ./SDK/platform/osa/src/fsl_os_abstraction_free_rtos.o
 .ARM.attributes
                0x000003b7       0x32 ./SDK/platform/hal/src/uart/fsl_uart_hal.o
 .ARM.attributes
                0x000003e9       0x32 ./SDK/platform/hal/src/mcg/fsl_mcg_hal.o
 .ARM.attributes
                0x0000041b       0x32 ./SDK/platform/hal/src/lpsci/fsl_lpsci_hal.o
 .ARM.attributes
                0x0000044d       0x32 ./SDK/platform/hal/src/gpio/fsl_gpio_hal.o
 .ARM.attributes
                0x0000047f       0x32 ./SDK/platform/drivers/src/gpio/fsl_gpio_common.o
 .ARM.attributes
                0x000004b1       0x32 ./SDK/platform/drivers/src/gpio/fsl_gpio_driver.o
 .ARM.attributes
                0x000004e3       0x1b ./SDK/platform/devices/MKL25Z4/startup/gcc/startup_MKL25Z4.o
 .ARM.attributes
                0x000004fe       0x32 ./SDK/platform/devices/MKL25Z4/startup/system_MKL25Z4.o
 .ARM.attributes
                0x00000530       0x32 ./SDK/platform/devices/startup.o
 .ARM.attributes
                0x00000562       0x32 ./Generated_Code/Cpu.o
 .ARM.attributes
                0x00000594       0x32 ./Generated_Code/MainTask.o
 .ARM.attributes
                0x000005c6       0x32 ./Generated_Code/Task1.o
 .ARM.attributes
                0x000005f8       0x32 ./Generated_Code/Task2.o
 .ARM.attributes
                0x0000062a       0x32 ./Generated_Code/Task3.o
 .ARM.attributes
                0x0000065c       0x32 ./Generated_Code/Task4.o
 .ARM.attributes
                0x0000068e       0x32 ./Generated_Code/Task5.o
 .ARM.attributes
                0x000006c0       0x32 ./Generated_Code/gpio1.o
 .ARM.attributes
                0x000006f2       0x32 ./Generated_Code/hardware_init.o
 .ARM.attributes
                0x00000724       0x32 ./Generated_Code/pin_init.o
 .ARM.attributes
                0x00000756       0x1e c:/freescale/kds_v3/toolchain/bin/../lib/gcc/arm-none-eabi/4.8.4/armv6-m\libgcc.a(_udivsi3.o)
 .ARM.attributes
                0x00000774       0x1e c:/freescale/kds_v3/toolchain/bin/../lib/gcc/arm-none-eabi/4.8.4/armv6-m\libgcc.a(_divsi3.o)
 .ARM.attributes
                0x00000792       0x1e c:/freescale/kds_v3/toolchain/bin/../lib/gcc/arm-none-eabi/4.8.4/armv6-m\libgcc.a(_dvmd_tls.o)
 .ARM.attributes
                0x000007b0       0x2c c:/freescale/kds_v3/toolchain/bin/../lib/gcc/arm-none-eabi/4.8.4/../../../../arm-none-eabi/lib/armv6-m\libg_s.a(lib_a-assert.o)
 .ARM.attributes
                0x000007dc       0x2c c:/freescale/kds_v3/toolchain/bin/../lib/gcc/arm-none-eabi/4.8.4/../../../../arm-none-eabi/lib/armv6-m\libg_s.a(lib_a-errno.o)
 .ARM.attributes
                0x00000808       0x2c c:/freescale/kds_v3/toolchain/bin/../lib/gcc/arm-none-eabi/4.8.4/../../../../arm-none-eabi/lib/armv6-m\libg_s.a(lib_a-exit.o)
 .ARM.attributes
                0x00000834       0x2c c:/freescale/kds_v3/toolchain/bin/../lib/gcc/arm-none-eabi/4.8.4/../../../../arm-none-eabi/lib/armv6-m\libg_s.a(lib_a-fprintf.o)
 .ARM.attributes
                0x00000860       0x2c c:/freescale/kds_v3/toolchain/bin/../lib/gcc/arm-none-eabi/4.8.4/../../../../arm-none-eabi/lib/armv6-m\libg_s.a(lib_a-impure.o)
 .ARM.attributes
                0x0000088c       0x2c c:/freescale/kds_v3/toolchain/bin/../lib/gcc/arm-none-eabi/4.8.4/../../../../arm-none-eabi/lib/armv6-m\libg_s.a(lib_a-init.o)
 .ARM.attributes
                0x000008b8       0x2c c:/freescale/kds_v3/toolchain/bin/../lib/gcc/arm-none-eabi/4.8.4/../../../../arm-none-eabi/lib/armv6-m\libg_s.a(lib_a-memcpy-stub.o)
 .ARM.attributes
                0x000008e4       0x2c c:/freescale/kds_v3/toolchain/bin/../lib/gcc/arm-none-eabi/4.8.4/../../../../arm-none-eabi/lib/armv6-m\libg_s.a(lib_a-memset.o)
 .ARM.attributes
                0x00000910       0x1c c:/freescale/kds_v3/toolchain/bin/../lib/gcc/arm-none-eabi/4.8.4/../../../../arm-none-eabi/lib/armv6-m\libg_s.a(lib_a-setjmp.o)
 .ARM.attributes
                0x0000092c       0x2c c:/freescale/kds_v3/toolchain/bin/../lib/gcc/arm-none-eabi/4.8.4/../../../../arm-none-eabi/lib/armv6-m\libg_s.a(lib_a-strlen.o)
 .ARM.attributes
                0x00000958       0x2c c:/freescale/kds_v3/toolchain/bin/../lib/gcc/arm-none-eabi/4.8.4/../../../../arm-none-eabi/lib/armv6-m\libg_s.a(lib_a-vfprintf.o)
 .ARM.attributes
                0x00000984       0x2c c:/freescale/kds_v3/toolchain/bin/../lib/gcc/arm-none-eabi/4.8.4/../../../../arm-none-eabi/lib/armv6-m\libg_s.a(lib_a-vfprintf_i.o)
 .ARM.attributes
                0x000009b0       0x2c c:/freescale/kds_v3/toolchain/bin/../lib/gcc/arm-none-eabi/4.8.4/../../../../arm-none-eabi/lib/armv6-m\libg_s.a(lib_a-wbuf.o)
 .ARM.attributes
                0x000009dc       0x2c c:/freescale/kds_v3/toolchain/bin/../lib/gcc/arm-none-eabi/4.8.4/../../../../arm-none-eabi/lib/armv6-m\libg_s.a(lib_a-wsetup.o)
 .ARM.attributes
                0x00000a08       0x2c c:/freescale/kds_v3/toolchain/bin/../lib/gcc/arm-none-eabi/4.8.4/../../../../arm-none-eabi/lib/armv6-m\libg_s.a(lib_a-abort.o)
 .ARM.attributes
                0x00000a34       0x2c c:/freescale/kds_v3/toolchain/bin/../lib/gcc/arm-none-eabi/4.8.4/../../../../arm-none-eabi/lib/armv6-m\libg_s.a(lib_a-fflush.o)
 .ARM.attributes
                0x00000a60       0x2c c:/freescale/kds_v3/toolchain/bin/../lib/gcc/arm-none-eabi/4.8.4/../../../../arm-none-eabi/lib/armv6-m\libg_s.a(lib_a-findfp.o)
 .ARM.attributes
                0x00000a8c       0x2c c:/freescale/kds_v3/toolchain/bin/../lib/gcc/arm-none-eabi/4.8.4/../../../../arm-none-eabi/lib/armv6-m\libg_s.a(lib_a-makebuf.o)
 .ARM.attributes
                0x00000ab8       0x2c c:/freescale/kds_v3/toolchain/bin/../lib/gcc/arm-none-eabi/4.8.4/../../../../arm-none-eabi/lib/armv6-m\libg_s.a(lib_a-memchr-stub.o)
 .ARM.attributes
                0x00000ae4       0x2c c:/freescale/kds_v3/toolchain/bin/../lib/gcc/arm-none-eabi/4.8.4/../../../../arm-none-eabi/lib/armv6-m\libg_s.a(lib_a-nano-freer.o)
 .ARM.attributes
                0x00000b10       0x2c c:/freescale/kds_v3/toolchain/bin/../lib/gcc/arm-none-eabi/4.8.4/../../../../arm-none-eabi/lib/armv6-m\libg_s.a(lib_a-nano-mallocr.o)
 .ARM.attributes
                0x00000b3c       0x2c c:/freescale/kds_v3/toolchain/bin/../lib/gcc/arm-none-eabi/4.8.4/../../../../arm-none-eabi/lib/armv6-m\libg_s.a(lib_a-sbrkr.o)
 .ARM.attributes
                0x00000b68       0x2c c:/freescale/kds_v3/toolchain/bin/../lib/gcc/arm-none-eabi/4.8.4/../../../../arm-none-eabi/lib/armv6-m\libg_s.a(lib_a-signal.o)
 .ARM.attributes
                0x00000b94       0x2c c:/freescale/kds_v3/toolchain/bin/../lib/gcc/arm-none-eabi/4.8.4/../../../../arm-none-eabi/lib/armv6-m\libg_s.a(lib_a-signalr.o)
 .ARM.attributes
                0x00000bc0       0x2c c:/freescale/kds_v3/toolchain/bin/../lib/gcc/arm-none-eabi/4.8.4/../../../../arm-none-eabi/lib/armv6-m\libg_s.a(lib_a-stdio.o)
 .ARM.attributes
                0x00000bec       0x2c c:/freescale/kds_v3/toolchain/bin/../lib/gcc/arm-none-eabi/4.8.4/../../../../arm-none-eabi/lib/armv6-m\libg_s.a(lib_a-writer.o)
 .ARM.attributes
                0x00000c18       0x2c c:/freescale/kds_v3/toolchain/bin/../lib/gcc/arm-none-eabi/4.8.4/../../../../arm-none-eabi/lib/armv6-m\libg_s.a(lib_a-closer.o)
 .ARM.attributes
                0x00000c44       0x2c c:/freescale/kds_v3/toolchain/bin/../lib/gcc/arm-none-eabi/4.8.4/../../../../arm-none-eabi/lib/armv6-m\libg_s.a(lib_a-fstatr.o)
 .ARM.attributes
                0x00000c70       0x2c c:/freescale/kds_v3/toolchain/bin/../lib/gcc/arm-none-eabi/4.8.4/../../../../arm-none-eabi/lib/armv6-m\libg_s.a(lib_a-isattyr.o)
 .ARM.attributes
                0x00000c9c       0x2c c:/freescale/kds_v3/toolchain/bin/../lib/gcc/arm-none-eabi/4.8.4/../../../../arm-none-eabi/lib/armv6-m\libg_s.a(lib_a-lseekr.o)
 .ARM.attributes
                0x00000cc8       0x2c c:/freescale/kds_v3/toolchain/bin/../lib/gcc/arm-none-eabi/4.8.4/../../../../arm-none-eabi/lib/armv6-m\libg_s.a(lib_a-readr.o)
 .ARM.attributes
                0x00000cf4       0x2c c:/freescale/kds_v3/toolchain/bin/../lib/gcc/arm-none-eabi/4.8.4/../../../../arm-none-eabi/lib/armv6-m\libg_s.a(lib_a-reent.o)
 .ARM.attributes
                0x00000d20       0x2c c:/freescale/kds_v3/toolchain/bin/../lib/gcc/arm-none-eabi/4.8.4/../../../../arm-none-eabi/lib/armv6-m\libnosys.a(close.o)
 .ARM.attributes
                0x00000d4c       0x2c c:/freescale/kds_v3/toolchain/bin/../lib/gcc/arm-none-eabi/4.8.4/../../../../arm-none-eabi/lib/armv6-m\libnosys.a(fstat.o)
 .ARM.attributes
                0x00000d78       0x2c c:/freescale/kds_v3/toolchain/bin/../lib/gcc/arm-none-eabi/4.8.4/../../../../arm-none-eabi/lib/armv6-m\libnosys.a(getpid.o)
 .ARM.attributes
                0x00000da4       0x2c c:/freescale/kds_v3/toolchain/bin/../lib/gcc/arm-none-eabi/4.8.4/../../../../arm-none-eabi/lib/armv6-m\libnosys.a(isatty.o)
 .ARM.attributes
                0x00000dd0       0x2c c:/freescale/kds_v3/toolchain/bin/../lib/gcc/arm-none-eabi/4.8.4/../../../../arm-none-eabi/lib/armv6-m\libnosys.a(kill.o)
 .ARM.attributes
                0x00000dfc       0x2c c:/freescale/kds_v3/toolchain/bin/../lib/gcc/arm-none-eabi/4.8.4/../../../../arm-none-eabi/lib/armv6-m\libnosys.a(lseek.o)
 .ARM.attributes
                0x00000e28       0x2c c:/freescale/kds_v3/toolchain/bin/../lib/gcc/arm-none-eabi/4.8.4/../../../../arm-none-eabi/lib/armv6-m\libnosys.a(_exit.o)
 .ARM.attributes
                0x00000e54       0x2c c:/freescale/kds_v3/toolchain/bin/../lib/gcc/arm-none-eabi/4.8.4/armv6-m/crtend.o
 .ARM.attributes
                0x00000e80       0x1e c:/freescale/kds_v3/toolchain/bin/../lib/gcc/arm-none-eabi/4.8.4/armv6-m/crtn.o
OUTPUT(labfinal.elf elf32-littlearm)

.debug_info     0x00000000     0xd287
 .debug_info    0x00000000       0xf3 ./Static_Code/System/PE_low_level_init.o
 .debug_info    0x000000f3      0x3db ./Sources/ledrgb_hal.o
 .debug_info    0x000004ce       0xe6 ./Sources/main.o
 .debug_info    0x000005b4      0x332 ./Sources/os_tasks.o
 .debug_info    0x000008e6      0x14a ./Sources/rtos_main_task.o
 .debug_info    0x00000a30      0x2e2 ./SDK/rtos/FreeRTOS/src/heap_2.o
 .debug_info    0x00000d12      0x2a1 ./SDK/rtos/FreeRTOS/src/list.o
 .debug_info    0x00000fb3      0xba0 ./SDK/rtos/FreeRTOS/src/queue.o
 .debug_info    0x00001b53     0x1720 ./SDK/rtos/FreeRTOS/src/tasks.o
 .debug_info    0x00003273      0x970 ./SDK/rtos/FreeRTOS/src/timers.o
 .debug_info    0x00003be3      0x29e ./SDK/rtos/FreeRTOS/port/gcc/port.o
 .debug_info    0x00003e81      0xa71 ./SDK/platform/utilities/src/fsl_debug_console.o
 .debug_info    0x000048f2      0x16b ./SDK/platform/utilities/src/fsl_misc_utilities.o
 .debug_info    0x00004a5d      0x5eb ./SDK/platform/utilities/src/print_scan.o
 .debug_info    0x00005048     0x17c9 ./SDK/platform/system/src/clock/MKL25Z4/fsl_clock_MKL25Z4.o
 .debug_info    0x00006811      0x462 ./SDK/platform/system/src/clock/fsl_clock_manager_common.o
 .debug_info    0x00006c73      0xe95 ./SDK/platform/osa/src/fsl_os_abstraction_free_rtos.o
 .debug_info    0x00007b08      0x83e ./SDK/platform/hal/src/uart/fsl_uart_hal.o
 .debug_info    0x00008346      0xc53 ./SDK/platform/hal/src/mcg/fsl_mcg_hal.o
 .debug_info    0x00008f99      0x947 ./SDK/platform/hal/src/lpsci/fsl_lpsci_hal.o
 .debug_info    0x000098e0      0x2f0 ./SDK/platform/hal/src/gpio/fsl_gpio_hal.o
 .debug_info    0x00009bd0      0x397 ./SDK/platform/drivers/src/gpio/fsl_gpio_common.o
 .debug_info    0x00009f67      0xe80 ./SDK/platform/drivers/src/gpio/fsl_gpio_driver.o
 .debug_info    0x0000ade7       0x92 ./SDK/platform/devices/MKL25Z4/startup/gcc/startup_MKL25Z4.o
 .debug_info    0x0000ae79      0x672 ./SDK/platform/devices/MKL25Z4/startup/system_MKL25Z4.o
 .debug_info    0x0000b4eb      0x296 ./SDK/platform/devices/startup.o
 .debug_info    0x0000b781      0x575 ./Generated_Code/Cpu.o
 .debug_info    0x0000bcf6      0x182 ./Generated_Code/MainTask.o
 .debug_info    0x0000be78      0x182 ./Generated_Code/Task1.o
 .debug_info    0x0000bffa      0x182 ./Generated_Code/Task2.o
 .debug_info    0x0000c17c      0x182 ./Generated_Code/Task3.o
 .debug_info    0x0000c2fe      0x182 ./Generated_Code/Task4.o
 .debug_info    0x0000c480      0x182 ./Generated_Code/Task5.o
 .debug_info    0x0000c602      0x29e ./Generated_Code/gpio1.o
 .debug_info    0x0000c8a0      0x3cf ./Generated_Code/hardware_init.o
 .debug_info    0x0000cc6f      0x618 ./Generated_Code/pin_init.o

.debug_abbrev   0x00000000     0x2c3a
 .debug_abbrev  0x00000000       0x75 ./Static_Code/System/PE_low_level_init.o
 .debug_abbrev  0x00000075      0x11f ./Sources/ledrgb_hal.o
 .debug_abbrev  0x00000194       0x77 ./Sources/main.o
 .debug_abbrev  0x0000020b      0x12a ./Sources/os_tasks.o
 .debug_abbrev  0x00000335       0x9e ./Sources/rtos_main_task.o
 .debug_abbrev  0x000003d3      0x155 ./SDK/rtos/FreeRTOS/src/heap_2.o
 .debug_abbrev  0x00000528       0xc1 ./SDK/rtos/FreeRTOS/src/list.o
 .debug_abbrev  0x000005e9      0x178 ./SDK/rtos/FreeRTOS/src/queue.o
 .debug_abbrev  0x00000761      0x229 ./SDK/rtos/FreeRTOS/src/tasks.o
 .debug_abbrev  0x0000098a      0x194 ./SDK/rtos/FreeRTOS/src/timers.o
 .debug_abbrev  0x00000b1e      0x140 ./SDK/rtos/FreeRTOS/port/gcc/port.o
 .debug_abbrev  0x00000c5e      0x23a ./SDK/platform/utilities/src/fsl_debug_console.o
 .debug_abbrev  0x00000e98       0xc4 ./SDK/platform/utilities/src/fsl_misc_utilities.o
 .debug_abbrev  0x00000f5c      0x1b6 ./SDK/platform/utilities/src/print_scan.o
 .debug_abbrev  0x00001112      0x2f2 ./SDK/platform/system/src/clock/MKL25Z4/fsl_clock_MKL25Z4.o
 .debug_abbrev  0x00001404       0xde ./SDK/platform/system/src/clock/fsl_clock_manager_common.o
 .debug_abbrev  0x000014e2      0x221 ./SDK/platform/osa/src/fsl_os_abstraction_free_rtos.o
 .debug_abbrev  0x00001703      0x1ee ./SDK/platform/hal/src/uart/fsl_uart_hal.o
 .debug_abbrev  0x000018f1      0x237 ./SDK/platform/hal/src/mcg/fsl_mcg_hal.o
 .debug_abbrev  0x00001b28      0x211 ./SDK/platform/hal/src/lpsci/fsl_lpsci_hal.o
 .debug_abbrev  0x00001d39      0x11b ./SDK/platform/hal/src/gpio/fsl_gpio_hal.o
 .debug_abbrev  0x00001e54       0xc0 ./SDK/platform/drivers/src/gpio/fsl_gpio_common.o
 .debug_abbrev  0x00001f14      0x27a ./SDK/platform/drivers/src/gpio/fsl_gpio_driver.o
 .debug_abbrev  0x0000218e       0x14 ./SDK/platform/devices/MKL25Z4/startup/gcc/startup_MKL25Z4.o
 .debug_abbrev  0x000021a2      0x121 ./SDK/platform/devices/MKL25Z4/startup/system_MKL25Z4.o
 .debug_abbrev  0x000022c3       0xe9 ./SDK/platform/devices/startup.o
 .debug_abbrev  0x000023ac      0x147 ./Generated_Code/Cpu.o
 .debug_abbrev  0x000024f3       0xb0 ./Generated_Code/MainTask.o
 .debug_abbrev  0x000025a3       0xb0 ./Generated_Code/Task1.o
 .debug_abbrev  0x00002653       0xb0 ./Generated_Code/Task2.o
 .debug_abbrev  0x00002703       0xb0 ./Generated_Code/Task3.o
 .debug_abbrev  0x000027b3       0xb0 ./Generated_Code/Task4.o
 .debug_abbrev  0x00002863       0xb0 ./Generated_Code/Task5.o
 .debug_abbrev  0x00002913       0xa7 ./Generated_Code/gpio1.o
 .debug_abbrev  0x000029ba      0x10c ./Generated_Code/hardware_init.o
 .debug_abbrev  0x00002ac6      0x174 ./Generated_Code/pin_init.o

.debug_aranges  0x00000000      0xfe8
 .debug_aranges
                0x00000000       0x28 ./Static_Code/System/PE_low_level_init.o
 .debug_aranges
                0x00000028       0x68 ./Sources/ledrgb_hal.o
 .debug_aranges
                0x00000090       0x20 ./Sources/main.o
 .debug_aranges
                0x000000b0       0x40 ./Sources/os_tasks.o
 .debug_aranges
                0x000000f0       0x20 ./Sources/rtos_main_task.o
 .debug_aranges
                0x00000110       0x40 ./SDK/rtos/FreeRTOS/src/heap_2.o
 .debug_aranges
                0x00000150       0x40 ./SDK/rtos/FreeRTOS/src/list.o
 .debug_aranges
                0x00000190       0xf8 ./SDK/rtos/FreeRTOS/src/queue.o
 .debug_aranges
                0x00000288      0x1e0 ./SDK/rtos/FreeRTOS/src/tasks.o
 .debug_aranges
                0x00000468       0xa0 ./SDK/rtos/FreeRTOS/src/timers.o
 .debug_aranges
                0x00000508       0xa0 ./SDK/rtos/FreeRTOS/port/gcc/port.o
 .debug_aranges
                0x000005a8       0xa0 ./SDK/platform/utilities/src/fsl_debug_console.o
 .debug_aranges
                0x00000648       0x28 ./SDK/platform/utilities/src/fsl_misc_utilities.o
 .debug_aranges
                0x00000670       0x48 ./SDK/platform/utilities/src/print_scan.o
 .debug_aranges
                0x000006b8      0x210 ./SDK/platform/system/src/clock/MKL25Z4/fsl_clock_MKL25Z4.o
 .debug_aranges
                0x000008c8       0x18 ./SDK/platform/system/src/clock/fsl_clock_manager_common.o
 .debug_aranges
                0x000008e0      0x148 ./SDK/platform/osa/src/fsl_os_abstraction_free_rtos.o
 .debug_aranges
                0x00000a28       0xb0 ./SDK/platform/hal/src/uart/fsl_uart_hal.o
 .debug_aranges
                0x00000ad8       0xf0 ./SDK/platform/hal/src/mcg/fsl_mcg_hal.o
 .debug_aranges
                0x00000bc8       0xc8 ./SDK/platform/hal/src/lpsci/fsl_lpsci_hal.o
 .debug_aranges
                0x00000c90       0x38 ./SDK/platform/hal/src/gpio/fsl_gpio_hal.o
 .debug_aranges
                0x00000cc8       0x18 ./SDK/platform/drivers/src/gpio/fsl_gpio_common.o
 .debug_aranges
                0x00000ce0       0xf0 ./SDK/platform/drivers/src/gpio/fsl_gpio_driver.o
 .debug_aranges
                0x00000dd0       0x20 ./SDK/platform/devices/MKL25Z4/startup/gcc/startup_MKL25Z4.o
 .debug_aranges
                0x00000df0       0x28 ./SDK/platform/devices/MKL25Z4/startup/system_MKL25Z4.o
 .debug_aranges
                0x00000e18       0x20 ./SDK/platform/devices/startup.o
 .debug_aranges
                0x00000e38       0x30 ./Generated_Code/Cpu.o
 .debug_aranges
                0x00000e68       0x20 ./Generated_Code/MainTask.o
 .debug_aranges
                0x00000e88       0x20 ./Generated_Code/Task1.o
 .debug_aranges
                0x00000ea8       0x20 ./Generated_Code/Task2.o
 .debug_aranges
                0x00000ec8       0x20 ./Generated_Code/Task3.o
 .debug_aranges
                0x00000ee8       0x20 ./Generated_Code/Task4.o
 .debug_aranges
                0x00000f08       0x20 ./Generated_Code/Task5.o
 .debug_aranges
                0x00000f28       0x18 ./Generated_Code/gpio1.o
 .debug_aranges
                0x00000f40       0x28 ./Generated_Code/hardware_init.o
 .debug_aranges
                0x00000f68       0x80 ./Generated_Code/pin_init.o

.debug_ranges   0x00000000      0xd80
 .debug_ranges  0x00000000       0x18 ./Static_Code/System/PE_low_level_init.o
 .debug_ranges  0x00000018       0x58 ./Sources/ledrgb_hal.o
 .debug_ranges  0x00000070       0x10 ./Sources/main.o
 .debug_ranges  0x00000080       0x30 ./Sources/os_tasks.o
 .debug_ranges  0x000000b0       0x10 ./Sources/rtos_main_task.o
 .debug_ranges  0x000000c0       0x30 ./SDK/rtos/FreeRTOS/src/heap_2.o
 .debug_ranges  0x000000f0       0x30 ./SDK/rtos/FreeRTOS/src/list.o
 .debug_ranges  0x00000120       0xe8 ./SDK/rtos/FreeRTOS/src/queue.o
 .debug_ranges  0x00000208      0x1d0 ./SDK/rtos/FreeRTOS/src/tasks.o
 .debug_ranges  0x000003d8       0x90 ./SDK/rtos/FreeRTOS/src/timers.o
 .debug_ranges  0x00000468       0x90 ./SDK/rtos/FreeRTOS/port/gcc/port.o
 .debug_ranges  0x000004f8       0x90 ./SDK/platform/utilities/src/fsl_debug_console.o
 .debug_ranges  0x00000588       0x18 ./SDK/platform/utilities/src/fsl_misc_utilities.o
 .debug_ranges  0x000005a0       0x38 ./SDK/platform/utilities/src/print_scan.o
 .debug_ranges  0x000005d8      0x200 ./SDK/platform/system/src/clock/MKL25Z4/fsl_clock_MKL25Z4.o
 .debug_ranges  0x000007d8      0x138 ./SDK/platform/osa/src/fsl_os_abstraction_free_rtos.o
 .debug_ranges  0x00000910       0xa0 ./SDK/platform/hal/src/uart/fsl_uart_hal.o
 .debug_ranges  0x000009b0       0xe0 ./SDK/platform/hal/src/mcg/fsl_mcg_hal.o
 .debug_ranges  0x00000a90       0xb8 ./SDK/platform/hal/src/lpsci/fsl_lpsci_hal.o
 .debug_ranges  0x00000b48       0x28 ./SDK/platform/hal/src/gpio/fsl_gpio_hal.o
 .debug_ranges  0x00000b70       0xe0 ./SDK/platform/drivers/src/gpio/fsl_gpio_driver.o
 .debug_ranges  0x00000c50       0x18 ./SDK/platform/devices/MKL25Z4/startup/system_MKL25Z4.o
 .debug_ranges  0x00000c68       0x10 ./SDK/platform/devices/startup.o
 .debug_ranges  0x00000c78       0x20 ./Generated_Code/Cpu.o
 .debug_ranges  0x00000c98       0x10 ./Generated_Code/MainTask.o
 .debug_ranges  0x00000ca8       0x10 ./Generated_Code/Task1.o
 .debug_ranges  0x00000cb8       0x10 ./Generated_Code/Task2.o
 .debug_ranges  0x00000cc8       0x10 ./Generated_Code/Task3.o
 .debug_ranges  0x00000cd8       0x10 ./Generated_Code/Task4.o
 .debug_ranges  0x00000ce8       0x10 ./Generated_Code/Task5.o
 .debug_ranges  0x00000cf8       0x18 ./Generated_Code/hardware_init.o
 .debug_ranges  0x00000d10       0x70 ./Generated_Code/pin_init.o

.debug_macro    0x00000000    0x19058
 .debug_macro   0x00000000      0x40a ./Static_Code/System/PE_low_level_init.o
 .debug_macro   0x0000040a      0x80e ./Static_Code/System/PE_low_level_init.o
 .debug_macro   0x00000c18       0x11 ./Static_Code/System/PE_low_level_init.o
 .debug_macro   0x00000c29       0x16 ./Static_Code/System/PE_low_level_init.o
 .debug_macro   0x00000c3f       0x16 ./Static_Code/System/PE_low_level_init.o
 .debug_macro   0x00000c55       0x44 ./Static_Code/System/PE_low_level_init.o
 .debug_macro   0x00000c99      0x209 ./Static_Code/System/PE_low_level_init.o
 .debug_macro   0x00000ea2       0x3a ./Static_Code/System/PE_low_level_init.o
 .debug_macro   0x00000edc       0x3a ./Static_Code/System/PE_low_level_init.o
 .debug_macro   0x00000f16       0x26 ./Static_Code/System/PE_low_level_init.o
 .debug_macro   0x00000f3c      0x306 ./Static_Code/System/PE_low_level_init.o
 .debug_macro   0x00001242       0xc6 ./Static_Code/System/PE_low_level_init.o
 .debug_macro   0x00001308     0x8439 ./Static_Code/System/PE_low_level_init.o
 .debug_macro   0x00009741       0x58 ./Static_Code/System/PE_low_level_init.o
 .debug_macro   0x00009799       0x35 ./Static_Code/System/PE_low_level_init.o
 .debug_macro   0x000097ce       0xa3 ./Static_Code/System/PE_low_level_init.o
 .debug_macro   0x00009871       0x16 ./Static_Code/System/PE_low_level_init.o
 .debug_macro   0x00009887      0x10e ./Static_Code/System/PE_low_level_init.o
 .debug_macro   0x00009995       0x7f ./Static_Code/System/PE_low_level_init.o
 .debug_macro   0x00009a14       0x52 ./Static_Code/System/PE_low_level_init.o
 .debug_macro   0x00009a66       0x16 ./Static_Code/System/PE_low_level_init.o
 .debug_macro   0x00009a7c       0x43 ./Static_Code/System/PE_low_level_init.o
 .debug_macro   0x00009abf      0x180 ./Static_Code/System/PE_low_level_init.o
 .debug_macro   0x00009c3f       0x22 ./Static_Code/System/PE_low_level_init.o
 .debug_macro   0x00009c61       0x7c ./Static_Code/System/PE_low_level_init.o
 .debug_macro   0x00009cdd     0x7658 ./Static_Code/System/PE_low_level_init.o
 .debug_macro   0x00011335     0x1108 ./Static_Code/System/PE_low_level_init.o
 .debug_macro   0x0001243d       0x22 ./Static_Code/System/PE_low_level_init.o
 .debug_macro   0x0001245f       0x16 ./Static_Code/System/PE_low_level_init.o
 .debug_macro   0x00012475       0x10 ./Static_Code/System/PE_low_level_init.o
 .debug_macro   0x00012485       0x11 ./Static_Code/System/PE_low_level_init.o
 .debug_macro   0x00012496       0x10 ./Static_Code/System/PE_low_level_init.o
 .debug_macro   0x000124a6       0x10 ./Static_Code/System/PE_low_level_init.o
 .debug_macro   0x000124b6       0x16 ./Static_Code/System/PE_low_level_init.o
 .debug_macro   0x000124cc      0x20f ./Static_Code/System/PE_low_level_init.o
 .debug_macro   0x000126db       0x52 ./Static_Code/System/PE_low_level_init.o
 .debug_macro   0x0001272d       0xce ./Static_Code/System/PE_low_level_init.o
 .debug_macro   0x000127fb       0x10 ./Static_Code/System/PE_low_level_init.o
 .debug_macro   0x0001280b       0x1f ./Static_Code/System/PE_low_level_init.o
 .debug_macro   0x0001282a       0xc0 ./Static_Code/System/PE_low_level_init.o
 .debug_macro   0x000128ea       0x70 ./Static_Code/System/PE_low_level_init.o
 .debug_macro   0x0001295a      0x330 ./Static_Code/System/PE_low_level_init.o
 .debug_macro   0x00012c8a       0xb0 ./Static_Code/System/PE_low_level_init.o
 .debug_macro   0x00012d3a       0x7f ./Static_Code/System/PE_low_level_init.o
 .debug_macro   0x00012db9       0x97 ./Static_Code/System/PE_low_level_init.o
 .debug_macro   0x00012e50       0x3c ./Static_Code/System/PE_low_level_init.o
 .debug_macro   0x00012e8c       0x1c ./Static_Code/System/PE_low_level_init.o
 .debug_macro   0x00012ea8       0x12 ./Static_Code/System/PE_low_level_init.o
 .debug_macro   0x00012eba       0x28 ./Static_Code/System/PE_low_level_init.o
 .debug_macro   0x00012ee2       0x28 ./Static_Code/System/PE_low_level_init.o
 .debug_macro   0x00012f0a       0x22 ./Static_Code/System/PE_low_level_init.o
 .debug_macro   0x00012f2c       0x20 ./Static_Code/System/PE_low_level_init.o
 .debug_macro   0x00012f4c       0x1c ./Static_Code/System/PE_low_level_init.o
 .debug_macro   0x00012f68       0x1c ./Static_Code/System/PE_low_level_init.o
 .debug_macro   0x00012f84       0x1c ./Static_Code/System/PE_low_level_init.o
 .debug_macro   0x00012fa0       0x1c ./Static_Code/System/PE_low_level_init.o
 .debug_macro   0x00012fbc       0x1c ./Static_Code/System/PE_low_level_init.o
 .debug_macro   0x00012fd8       0x16 ./Static_Code/System/PE_low_level_init.o
 .debug_macro   0x00012fee      0x219 ./Sources/ledrgb_hal.o
 .debug_macro   0x00013207       0x1c ./Sources/ledrgb_hal.o
 .debug_macro   0x00013223       0x4c ./Sources/ledrgb_hal.o