Archive member included because of file (symbol)

c:/freescale/kds_v3/toolchain/bin/../lib/gcc/arm-none-eabi/4.8.4/armv6-m\libgcc.a(_udivsi3.o)
                              ./SDK/platform/utilities/src/print_scan.o (__aeabi_uidiv)
c:/freescale/kds_v3/toolchain/bin/../lib/gcc/arm-none-eabi/4.8.4/armv6-m\libgcc.a(_divsi3.o)
                              ./SDK/platform/utilities/src/print_scan.o (__aeabi_idiv)
c:/freescale/kds_v3/toolchain/bin/../lib/gcc/arm-none-eabi/4.8.4/armv6-m\libgcc.a(_dvmd_tls.o)
                              c:/freescale/kds_v3/toolchain/bin/../lib/gcc/arm-none-eabi/4.8.4/armv6-m\libgcc.a(_udivsi3.o) (__aeabi_idiv0)
c:/freescale/kds_v3/toolchain/bin/../lib/gcc/arm-none-eabi/4.8.4/../../../../arm-none-eabi/lib/armv6-m\libg_s.a(lib_a-assert.o)
                              ./Sources/ledrgb_hal.o (__assert_func)
c:/freescale/kds_v3/toolchain/bin/../lib/gcc/arm-none-eabi/4.8.4/../../../../arm-none-eabi/lib/armv6-m\libg_s.a(lib_a-errno.o)
                              ./SDK/platform/utilities/src/fsl_misc_utilities.o (__errno)
c:/freescale/kds_v3/toolchain/bin/../lib/gcc/arm-none-eabi/4.8.4/../../../../arm-none-eabi/lib/armv6-m\libg_s.a(lib_a-exit.o)
                              c:/freescale/kds_v3/toolchain/bin/../lib/gcc/arm-none-eabi/4.8.4/../../../../arm-none-eabi/lib/armv6-m/crt0.o (exit)
c:/freescale/kds_v3/toolchain/bin/../lib/gcc/arm-none-eabi/4.8.4/../../../../arm-none-eabi/lib/armv6-m\libg_s.a(lib_a-fprintf.o)
                              c:/freescale/kds_v3/toolchain/bin/../lib/gcc/arm-none-eabi/4.8.4/../../../../arm-none-eabi/lib/armv6-m\libg_s.a(lib_a-assert.o) (fiprintf)
c:/freescale/kds_v3/toolchain/bin/../lib/gcc/arm-none-eabi/4.8.4/../../../../arm-none-eabi/lib/armv6-m\libg_s.a(lib_a-impure.o)
                              c:/freescale/kds_v3/toolchain/bin/../lib/gcc/arm-none-eabi/4.8.4/../../../../arm-none-eabi/lib/armv6-m\libg_s.a(lib_a-exit.o) (_global_impure_ptr)
c:/freescale/kds_v3/toolchain/bin/../lib/gcc/arm-none-eabi/4.8.4/../../../../arm-none-eabi/lib/armv6-m\libg_s.a(lib_a-init.o)
                              c:/freescale/kds_v3/toolchain/bin/../lib/gcc/arm-none-eabi/4.8.4/../../../../arm-none-eabi/lib/armv6-m/crt0.o (__libc_init_array)
c:/freescale/kds_v3/toolchain/bin/../lib/gcc/arm-none-eabi/4.8.4/../../../../arm-none-eabi/lib/armv6-m\libg_s.a(lib_a-memcpy-stub.o)
                              ./SDK/rtos/FreeRTOS/src/queue.o (memcpy)
c:/freescale/kds_v3/toolchain/bin/../lib/gcc/arm-none-eabi/4.8.4/../../../../arm-none-eabi/lib/armv6-m\libg_s.a(lib_a-memset.o)
                              c:/freescale/kds_v3/toolchain/bin/../lib/gcc/arm-none-eabi/4.8.4/../../../../arm-none-eabi/lib/armv6-m/crt0.o (memset)
c:/freescale/kds_v3/toolchain/bin/../lib/gcc/arm-none-eabi/4.8.4/../../../../arm-none-eabi/lib/armv6-m\libg_s.a(lib_a-setjmp.o)
                              ./SDK/rtos/FreeRTOS/port/gcc/port.o (setjmp)
c:/freescale/kds_v3/toolchain/bin/../lib/gcc/arm-none-eabi/4.8.4/../../../../arm-none-eabi/lib/armv6-m\libg_s.a(lib_a-strlen.o)
                              ./SDK/platform/utilities/src/print_scan.o (strlen)
c:/freescale/kds_v3/toolchain/bin/../lib/gcc/arm-none-eabi/4.8.4/../../../../arm-none-eabi/lib/armv6-m\libg_s.a(lib_a-vfprintf.o)
                              c:/freescale/kds_v3/toolchain/bin/../lib/gcc/arm-none-eabi/4.8.4/../../../../arm-none-eabi/lib/armv6-m\libg_s.a(lib_a-fprintf.o) (_vfprintf_r)
c:/freescale/kds_v3/toolchain/bin/../lib/gcc/arm-none-eabi/4.8.4/../../../../arm-none-eabi/lib/armv6-m\libg_s.a(lib_a-vfprintf_i.o)
                              c:/freescale/kds_v3/toolchain/bin/../lib/gcc/arm-none-eabi/4.8.4/../../../../arm-none-eabi/lib/armv6-m\libg_s.a(lib_a-vfprintf.o) (_printf_i)
c:/freescale/kds_v3/toolchain/bin/../lib/gcc/arm-none-eabi/4.8.4/../../../../arm-none-eabi/lib/armv6-m\libg_s.a(lib_a-wbuf.o)
                              c:/freescale/kds_v3/toolchain/bin/../lib/gcc/arm-none-eabi/4.8.4/../../../../arm-none-eabi/lib/armv6-m\libg_s.a(lib_a-vfprintf.o) (__swbuf_r)
c:/freescale/kds_v3/toolchain/bin/../lib/gcc/arm-none-eabi/4.8.4/../../../../arm-none-eabi/lib/armv6-m\libg_s.a(lib_a-wsetup.o)
                              c:/freescale/kds_v3/toolchain/bin/../lib/gcc/arm-none-eabi/4.8.4/../../../../arm-none-eabi/lib/armv6-m\libg_s.a(lib_a-vfprintf.o) (__swsetup_r)
c:/freescale/kds_v3/toolchain/bin/../lib/gcc/arm-none-eabi/4.8.4/../../../../arm-none-eabi/lib/armv6-m\libg_s.a(lib_a-abort.o)
                              c:/freescale/kds_v3/toolchain/bin/../lib/gcc/arm-none-eabi/4.8.4/../../../../arm-none-eabi/lib/armv6-m\libg_s.a(lib_a-assert.o) (abort)
c:/freescale/kds_v3/toolchain/bin/../lib/gcc/arm-none-eabi/4.8.4/../../../../arm-none-eabi/lib/armv6-m\libg_s.a(lib_a-fflush.o)
                              c:/freescale/kds_v3/toolchain/bin/../lib/gcc/arm-none-eabi/4.8.4/../../../../arm-none-eabi/lib/armv6-m\libg_s.a(lib_a-wbuf.o) (_fflush_r)
[...]
Memory Configuration

Name             Origin             Length             Attributes
m_interrupts     0x00000000         0x00000200         xr
m_flash_config   0x00000400         0x00000010         xr
m_interrupts_ram 0x1ffff000         0x00000200         rw
m_text           0x00000410         0x0001fbf0         xr
m_data           0x1ffff200         0x00003e00         rw
*default*        0x00000000         0xffffffff

Linker script and memory map

LOAD c:/freescale/kds_v3/toolchain/bin/../lib/gcc/arm-none-eabi/4.8.4/armv6-m/crti.o
LOAD c:/freescale/kds_v3/toolchain/bin/../lib/gcc/arm-none-eabi/4.8.4/armv6-m/crtbegin.o
LOAD c:/freescale/kds_v3/toolchain/bin/../lib/gcc/arm-none-eabi/4.8.4/../../../../arm-none-eabi/lib/armv6-m/crt0.o
LOAD ./Static_Code/System/PE_low_level_init.o
LOAD ./Sources/Events.o
LOAD ./Sources/ledrgb_hal.o
LOAD ./Sources/main.o
LOAD ./Sources/os_tasks.o
LOAD ./Sources/rtos_main_task.o
LOAD ./SDK/rtos/FreeRTOS/src/croutine.o
LOAD ./SDK/rtos/FreeRTOS/src/event_groups.o
LOAD ./SDK/rtos/FreeRTOS/src/heap_1.o
LOAD ./SDK/rtos/FreeRTOS/src/heap_2.o
LOAD ./SDK/rtos/FreeRTOS/src/heap_3.o
LOAD ./SDK/rtos/FreeRTOS/src/heap_4.o
LOAD ./SDK/rtos/FreeRTOS/src/heap_5.o
LOAD ./SDK/rtos/FreeRTOS/src/list.o
LOAD ./SDK/rtos/FreeRTOS/src/queue.o
LOAD ./SDK/rtos/FreeRTOS/src/tasks.o
LOAD ./SDK/rtos/FreeRTOS/src/timers.o
LOAD ./SDK/rtos/FreeRTOS/port/gcc/port.o
LOAD ./SDK/rtos/FreeRTOS/port/gcc/portasm.o
LOAD ./SDK/platform/utilities/src/fsl_debug_console.o
LOAD ./SDK/platform/utilities/src/fsl_misc_utilities.o
LOAD ./SDK/platform/utilities/src/print_scan.o
LOAD ./SDK/platform/system/src/interrupt/fsl_interrupt_manager.o
LOAD ./SDK/platform/system/src/clock/MKL25Z4/fsl_clock_MKL25Z4.o
LOAD ./SDK/platform/system/src/clock/fsl_clock_manager.o
LOAD ./SDK/platform/system/src/clock/fsl_clock_manager_common.o
LOAD ./SDK/platform/osa/src/fsl_os_abstraction_free_rtos.o
LOAD ./SDK/platform/hal/src/uart/fsl_uart_hal.o
LOAD ./SDK/platform/hal/src/sim/MKL25Z4/fsl_sim_hal_MKL25Z4.o
LOAD ./SDK/platform/hal/src/rtc/fsl_rtc_hal.o
LOAD ./SDK/platform/hal/src/port/fsl_port_hal.o
LOAD ./SDK/platform/hal/src/osc/fsl_osc_hal.o
LOAD ./SDK/platform/hal/src/mcg/fsl_mcg_hal.o
LOAD ./SDK/platform/hal/src/mcg/fsl_mcg_hal_modes.o
LOAD ./SDK/platform/hal/src/lpsci/fsl_lpsci_hal.o
LOAD ./SDK/platform/hal/src/gpio/fsl_gpio_hal.o
LOAD ./SDK/platform/drivers/src/rtc/fsl_rtc_common.o
LOAD ./SDK/platform/drivers/src/gpio/fsl_gpio_common.o
LOAD ./SDK/platform/drivers/src/gpio/fsl_gpio_driver.o
LOAD ./SDK/platform/devices/MKL25Z4/startup/gcc/startup_MKL25Z4.o
LOAD ./SDK/platform/devices/MKL25Z4/startup/system_MKL25Z4.o
LOAD ./SDK/platform/devices/startup.o
LOAD ./Generated_Code/Cpu.o
LOAD ./Generated_Code/DbgCs1.o
LOAD ./Generated_Code/MainTask.o
LOAD ./Generated_Code/Task1.o
LOAD ./Generated_Code/Task2.o
LOAD ./Generated_Code/Task3.o
LOAD ./Generated_Code/Task4.o
LOAD ./Generated_Code/Task5.o
LOAD ./Generated_Code/clockMan1.o
LOAD ./Generated_Code/free_rtos.o
LOAD ./Generated_Code/gpio1.o
LOAD ./Generated_Code/hardware_init.o
LOAD ./Generated_Code/osa1.o
LOAD ./Generated_Code/pin_init.o
LOAD c:/freescale/kds_v3/toolchain/bin/../lib/gcc/arm-none-eabi/4.8.4/../../../../arm-none-eabi/lib/armv6-m\libstdc++_s.a
LOAD c:/freescale/kds_v3/toolchain/bin/../lib/gcc/arm-none-eabi/4.8.4/../../../../arm-none-eabi/lib/armv6-m\libm.a
START GROUP
LOAD c:/freescale/kds_v3/toolchain/bin/../lib/gcc/arm-none-eabi/4.8.4/armv6-m\libgcc.a
LOAD c:/freescale/kds_v3/toolchain/bin/../lib/gcc/arm-none-eabi/4.8.4/../../../../arm-none-eabi/lib/armv6-m\libg_s.a
LOAD c:/freescale/kds_v3/toolchain/bin/../lib/gcc/arm-none-eabi/4.8.4/../../../../arm-none-eabi/lib/armv6-m\libc_s.a
END GROUP
START GROUP
LOAD c:/freescale/kds_v3/toolchain/bin/../lib/gcc/arm-none-eabi/4.8.4/armv6-m\libgcc.a
LOAD c:/freescale/kds_v3/toolchain/bin/../lib/gcc/arm-none-eabi/4.8.4/../../../../arm-none-eabi/lib/armv6-m\libc_s.a
LOAD c:/freescale/kds_v3/toolchain/bin/../lib/gcc/arm-none-eabi/4.8.4/../../../../arm-none-eabi/lib/armv6-m\libnosys.a
END GROUP
START GROUP
LOAD c:/freescale/kds_v3/toolchain/bin/../lib/gcc/arm-none-eabi/4.8.4/armv6-m\libgcc.a
LOAD c:/freescale/kds_v3/toolchain/bin/../lib/gcc/arm-none-eabi/4.8.4/../../../../arm-none-eabi/lib/armv6-m\libc_s.a
LOAD c:/freescale/kds_v3/toolchain/bin/../lib/gcc/arm-none-eabi/4.8.4/../../../../arm-none-eabi/lib/armv6-m\libnosys.a
END GROUP
LOAD c:/freescale/kds_v3/toolchain/bin/../lib/gcc/arm-none-eabi/4.8.4/armv6-m/crtend.o
LOAD c:/freescale/kds_v3/toolchain/bin/../lib/gcc/arm-none-eabi/4.8.4/armv6-m/crtn.o
                0x00000000                HEAP_SIZE = DEFINED (__heap_size__)?__heap_size__:0x0
                0x00000400                STACK_SIZE = DEFINED (__stack_size__)?__stack_size__:0x400

.interrupts     0x00000000       0xc0
                0x00000000                __VECTOR_TABLE = .
                0x00000000                . = ALIGN (0x4)
 *(.isr_vector)
 .isr_vector    0x00000000       0xc0 ./SDK/platform/devices/MKL25Z4/startup/gcc/startup_MKL25Z4.o
                0x00000000                __isr_vector
                0x000000c0                . = ALIGN (0x4)
                0x1ffff000                __VECTOR_RAM = ORIGIN (m_interrupts_ram)

.flash_config   0x00000400       0x10
                0x00000400                . = ALIGN (0x4)
 *(.FlashConfig)
 .FlashConfig   0x00000400       0x10 ./SDK/platform/devices/MKL25Z4/startup/gcc/startup_MKL25Z4.o
                0x00000410                . = ALIGN (0x4)

.text           0x00000410     0x632c
                0x00000410                . = ALIGN (0x4)
 *(.text)
 .text          0x00000410       0x60 c:/freescale/kds_v3/toolchain/bin/../lib/gcc/arm-none-eabi/4.8.4/armv6-m/crtbegin.o
 .text          0x00000470       0x78 c:/freescale/kds_v3/toolchain/bin/../lib/gcc/arm-none-eabi/4.8.4/../../../../arm-none-eabi/lib/armv6-m/crt0.o
                0x00000470                _start
                0x00000470                _mainCRTStartup
 .text          0x000004e8       0x18 ./SDK/platform/devices/MKL25Z4/startup/gcc/startup_MKL25Z4.o
                0x000004e8                Reset_Handler
                0x000004f8                HardFault_Handler
                0x000004f8                NMI_Handler
                0x000004f8                I2C1_IRQHandler
                0x000004f8                UART1_IRQHandler
                0x000004f8                DMA2_IRQHandler
                0x000004f8                TPM0_IRQHandler
                0x000004f8                LLWU_IRQHandler
                0x000004f8                TSI0_IRQHandler
                0x000004f8                UART0_IRQHandler
                0x000004f8                ADC0_IRQHandler
                0x000004f8                Reserved39_IRQHandler
                0x000004f8                SPI1_IRQHandler
                0x000004f8                DefaultISR
                0x000004f8                PORTD_IRQHandler
                0x000004f8                TPM2_IRQHandler
                0x000004f8                RTC_IRQHandler
                0x000004f8                I2C0_IRQHandler
                0x000004f8                RTC_Seconds_IRQHandler
                0x000004f8                MCG_IRQHandler
                0x000004f8                UART2_IRQHandler
                0x000004f8                Reserved20_IRQHandler
                0x000004f8                USB0_IRQHandler
                0x000004f8                PIT_IRQHandler
                0x000004f8                DMA3_IRQHandler
                0x000004f8                DMA0_IRQHandler
                0x000004f8                DAC0_IRQHandler
                0x000004f8                Reserved45_IRQHandler
                0x000004f8                TPM1_IRQHandler
                0x000004f8                LVD_LVW_IRQHandler
                0x000004f8                SPI0_IRQHandler
                0x000004f8                PORTA_IRQHandler
                0x000004f8                FTFA_IRQHandler
                0x000004f8                LPTMR0_IRQHandler
                0x000004f8                CMP0_IRQHandler
                0x000004f8                DMA1_IRQHandler
 .text          0x00000500       0x9c c:/freescale/kds_v3/toolchain/bin/../lib/gcc/arm-none-eabi/4.8.4/armv6-m\libgcc.a(_udivsi3.o)
                0x00000500                __aeabi_uidiv
                0x00000500                __udivsi3
                0x00000588                __aeabi_uidivmod
 .text          0x0000059c       0xc0 c:/freescale/kds_v3/toolchain/bin/../lib/gcc/arm-none-eabi/4.8.4/armv6-m\libgcc.a(_divsi3.o)
                0x0000059c                __divsi3
                0x0000059c                __aeabi_idiv
                0x00000648                __aeabi_idivmod
 .text          0x0000065c        0x4 c:/freescale/kds_v3/toolchain/bin/../lib/gcc/arm-none-eabi/4.8.4/armv6-m\libgcc.a(_dvmd_tls.o)
                0x0000065c                __aeabi_idiv0
                0x0000065c                __aeabi_ldiv0
 .text          0x00000660       0x34 c:/freescale/kds_v3/toolchain/bin/../lib/gcc/arm-none-eabi/4.8.4/../../../../arm-none-eabi/lib/armv6-m\libg_s.a(lib_a-setjmp.o)
                0x00000660                setjmp
                0x00000678                longjmp
 *(.text*)
 .text.PEX_components_init
                0x00000694        0xc ./Static_Code/System/PE_low_level_init.o
                0x00000694                PEX_components_init
 .text.PE_low_level_init
                0x000006a0       0x10 ./Static_Code/System/PE_low_level_init.o
                0x000006a0                PE_low_level_init
 .text.PORT_HAL_SetMuxMode
                0x000006b0       0x4c ./Sources/ledrgb_hal.o
 .text.GPIO_HAL_SetPinOutput
                0x000006fc       0x3c ./Sources/ledrgb_hal.o
 .text.GPIO_HAL_ClearPinOutput
                0x00000738       0x3c ./Sources/ledrgb_hal.o
 .text.ledrgb_init
                0x00000774       0x78 ./Sources/ledrgb_hal.o
                0x00000774                ledrgb_init
 .text.ledrgb_clearRedLed
                0x000007ec       0x18 ./Sources/ledrgb_hal.o
                0x000007ec                ledrgb_clearRedLed
 .text.ledrgb_setRedLed
                0x00000804       0x18 ./Sources/ledrgb_hal.o
                0x00000804                ledrgb_setRedLed
 .text.ledrgb_clearGreenLed
                0x0000081c       0x18 ./Sources/ledrgb_hal.o
                0x0000081c                ledrgb_clearGreenLed
 .text.ledrgb_clearBlueLed
                0x00000834       0x18 ./Sources/ledrgb_hal.o
                0x00000834                ledrgb_clearBlueLed
 .text.ledrgb_setBlueLed
                0x0000084c       0x18 ./Sources/ledrgb_hal.o
                0x0000084c                ledrgb_setBlueLed
 .text.main     0x00000864       0x14 ./Sources/main.o
                0x00000864                main
 .text.Task1_task
                0x00000878       0xe0 ./Sources/os_tasks.o
                0x00000878                Task1_task
 .text.Task2_task
                0x00000958       0x28 ./Sources/os_tasks.o
                0x00000958                Task2_task
 .text.Task3_task
                0x00000980       0x28 ./Sources/os_tasks.o
                0x00000980                Task3_task
 .text.Task4_task
                0x000009a8       0x14 ./Sources/os_tasks.o
                0x000009a8                Task4_task
 .text.Task5_task
                0x000009bc       0x14 ./Sources/os_tasks.o
                0x000009bc                Task5_task
 .text.main_task
                0x000009d0       0x2c ./Sources/rtos_main_task.o
                0x000009d0                main_task
 .text.pvPortMalloc
                0x000009fc      0x118 ./SDK/rtos/FreeRTOS/src/heap_2.o
                0x000009fc                pvPortMalloc
 .text.vPortFree
                0x00000b14       0x70 ./SDK/rtos/FreeRTOS/src/heap_2.o
                0x00000b14                vPortFree
 .text.prvHeapInit
                0x00000b84       0x4c ./SDK/rtos/FreeRTOS/src/heap_2.o
 .text.vListInitialise
                0x00000bd0       0x3c ./SDK/rtos/FreeRTOS/src/list.o
                0x00000bd0                vListInitialise
 .text.vListInitialiseItem
                0x00000c0c       0x14 ./SDK/rtos/FreeRTOS/src/list.o
                0x00000c0c                vListInitialiseItem
 .text.vListInsertEnd
                0x00000c20       0x44 ./SDK/rtos/FreeRTOS/src/list.o
                0x00000c20                vListInsertEnd
 .text.vListInsert
                0x00000c64       0x6c ./SDK/rtos/FreeRTOS/src/list.o
                0x00000c64                vListInsert
 .text.uxListRemove
                0x00000cd0       0x50 ./SDK/rtos/FreeRTOS/src/list.o
                0x00000cd0                uxListRemove
 .text.xQueueGenericReset
                0x00000d20       0xac ./SDK/rtos/FreeRTOS/src/queue.o
                0x00000d20                xQueueGenericReset
 .text.xQueueGenericCreate
                0x00000dcc       0x94 ./SDK/rtos/FreeRTOS/src/queue.o
                0x00000dcc                xQueueGenericCreate
 .text.xQueueGenericSend
                0x00000e60      0x198 ./SDK/rtos/FreeRTOS/src/queue.o
                0x00000e60                xQueueGenericSend
 .text.xQueueGenericSendFromISR
                0x00000ff8       0xd8 ./SDK/rtos/FreeRTOS/src/queue.o
                0x00000ff8                xQueueGenericSendFromISR
 .text.xQueueGenericReceive
                0x000010d0      0x1c4 ./SDK/rtos/FreeRTOS/src/queue.o
                0x000010d0                xQueueGenericReceive
 .text.prvCopyDataToQueue
                0x00001294       0xe0 ./SDK/rtos/FreeRTOS/src/queue.o
 .text.prvCopyDataFromQueue
                0x00001374       0x50 ./SDK/rtos/FreeRTOS/src/queue.o
 .text.prvUnlockQueue
                0x000013c4       0x98 ./SDK/rtos/FreeRTOS/src/queue.o
 .text.prvIsQueueEmpty
                0x0000145c       0x2c ./SDK/rtos/FreeRTOS/src/queue.o
 .text.prvIsQueueFull
                0x00001488       0x30 ./SDK/rtos/FreeRTOS/src/queue.o
 .text.vQueueWaitForMessageRestricted
                0x000014b8       0x58 ./SDK/rtos/FreeRTOS/src/queue.o
                0x000014b8                vQueueWaitForMessageRestricted
 .text.xTaskGenericCreate
                0x00001510      0x170 ./SDK/rtos/FreeRTOS/src/tasks.o
                0x00001510                xTaskGenericCreate
 .text.vTaskDelay
                0x00001680       0x68 ./SDK/rtos/FreeRTOS/src/tasks.o
                0x00001680                vTaskDelay
 .text.vTaskStartScheduler
                0x000016e8       0x78 ./SDK/rtos/FreeRTOS/src/tasks.o
                0x000016e8                vTaskStartScheduler
 .text.vTaskSuspendAll
                0x00001760       0x18 ./SDK/rtos/FreeRTOS/src/tasks.o
                0x00001760                vTaskSuspendAll
 .text.xTaskResumeAll
                0x00001778      0x10c ./SDK/rtos/FreeRTOS/src/tasks.o
                0x00001778                xTaskResumeAll
 .text.xTaskGetTickCount
                0x00001884       0x24 ./SDK/rtos/FreeRTOS/src/tasks.o
                0x00001884                xTaskGetTickCount
 .text.xTaskIncrementTick
                0x000018a8      0x16c ./SDK/rtos/FreeRTOS/src/tasks.o
                0x000018a8                xTaskIncrementTick
 .text.vTaskSwitchContext
                0x00001a14       0xa0 ./SDK/rtos/FreeRTOS/src/tasks.o
                0x00001a14                vTaskSwitchContext
 .text.vTaskPlaceOnEventList
                0x00001ab4       0x70 ./SDK/rtos/FreeRTOS/src/tasks.o
                0x00001ab4                vTaskPlaceOnEventList
 .text.vTaskPlaceOnEventListRestricted
                0x00001b24       0x54 ./SDK/rtos/FreeRTOS/src/tasks.o
                0x00001b24                vTaskPlaceOnEventListRestricted
 .text.xTaskRemoveFromEventList
                0x00001b78       0xb8 ./SDK/rtos/FreeRTOS/src/tasks.o
                0x00001b78                xTaskRemoveFromEventList
 .text.vTaskSetTimeOutState
                0x00001c30       0x34 ./SDK/rtos/FreeRTOS/src/tasks.o
                0x00001c30                vTaskSetTimeOutState
 .text.xTaskCheckForTimeOut
                0x00001c64       0xa0 ./SDK/rtos/FreeRTOS/src/tasks.o
                0x00001c64                xTaskCheckForTimeOut
 .text.vTaskMissedYield
                0x00001d04       0x14 ./SDK/rtos/FreeRTOS/src/tasks.o
                0x00001d04                vTaskMissedYield
 .text.prvIdleTask
                0x00001d18       0x20 ./SDK/rtos/FreeRTOS/src/tasks.o
 .text.prvInitialiseTCBVariables
                0x00001d38       0xa4 ./SDK/rtos/FreeRTOS/src/tasks.o
 .text.prvInitialiseTaskLists
                0x00001ddc       0x88 ./SDK/rtos/FreeRTOS/src/tasks.o
 .text.prvCheckTasksWaitingTermination
                0x00001e64       0x74 ./SDK/rtos/FreeRTOS/src/tasks.o
 .text.prvAddCurrentTaskToDelayedList
                0x00001ed8       0x6c ./SDK/rtos/FreeRTOS/src/tasks.o
 .text.prvAllocateTCBAndStack
                0x00001f44       0x78 ./SDK/rtos/FreeRTOS/src/tasks.o
 .text.prvDeleteTCB
                0x00001fbc       0x20 ./SDK/rtos/FreeRTOS/src/tasks.o
 .text.prvResetNextTaskUnblockTime
                0x00001fdc       0x44 ./SDK/rtos/FreeRTOS/src/tasks.o
 .text.xTaskGetSchedulerState
                0x00002020       0x38 ./SDK/rtos/FreeRTOS/src/tasks.o
                0x00002020                xTaskGetSchedulerState
 .text.vTaskPriorityInherit
                0x00002058       0xbc ./SDK/rtos/FreeRTOS/src/tasks.o
                0x00002058                vTaskPriorityInherit
 .text.xTaskPriorityDisinherit
                0x00002114       0xa8 ./SDK/rtos/FreeRTOS/src/tasks.o
                0x00002114                xTaskPriorityDisinherit
 .text.pvTaskIncrementMutexHeldCount
                0x000021bc       0x24 ./SDK/rtos/FreeRTOS/src/tasks.o
                0x000021bc                pvTaskIncrementMutexHeldCount
 .text.xTimerCreateTimerTask
                0x000021e0       0x5c ./SDK/rtos/FreeRTOS/src/timers.o
                0x000021e0                xTimerCreateTimerTask
 .text.xTimerGenericCommand
                0x0000223c       0xa0 ./SDK/rtos/FreeRTOS/src/timers.o
                0x0000223c                xTimerGenericCommand
 .text.prvProcessExpiredTimer
                0x000022dc       0x78 ./SDK/rtos/FreeRTOS/src/timers.o
 .text.prvTimerTask
                0x00002354       0x28 ./SDK/rtos/FreeRTOS/src/timers.o
 .text.prvProcessTimerOrBlockTask
                0x0000237c       0x74 ./SDK/rtos/FreeRTOS/src/timers.o
 .text.prvGetNextExpireTime
                0x000023f0       0x40 ./SDK/rtos/FreeRTOS/src/timers.o
 .text.prvSampleTimeNow
                0x00002430       0x40 ./SDK/rtos/FreeRTOS/src/timers.o
 .text.prvInsertTimerInActiveList
                0x00002470       0x84 ./SDK/rtos/FreeRTOS/src/timers.o
 .text.prvProcessReceivedCommands
                0x000024f4      0x144 ./SDK/rtos/FreeRTOS/src/timers.o
 .text.prvSwitchTimerLists
                0x00002638       0xb8 ./SDK/rtos/FreeRTOS/src/timers.o
 .text.prvCheckForValidListAndQueue
                0x000026f0       0x68 ./SDK/rtos/FreeRTOS/src/timers.o
 .text.prvTaskExitError
                0x00002758       0x1c ./SDK/rtos/FreeRTOS/port/gcc/port.o
                0x00002758                prvTaskExitError
 .text.pxPortInitialiseStack
                0x00002774       0x54 ./SDK/rtos/FreeRTOS/port/gcc/port.o
                0x00002774                pxPortInitialiseStack
 .text.vPortInitTickTimer
                0x000027c8       0x3c ./SDK/rtos/FreeRTOS/port/gcc/port.o
                0x000027c8                vPortInitTickTimer
 .text.vPortStartTickTimer
                0x00002804       0x14 ./SDK/rtos/FreeRTOS/port/gcc/port.o
                0x00002804                vPortStartTickTimer
 .text.xPortStartScheduler
                0x00002818       0x4c ./SDK/rtos/FreeRTOS/port/gcc/port.o
                0x00002818                xPortStartScheduler
 .text.vPortEnterCritical
                0x00002864       0x24 ./SDK/rtos/FreeRTOS/port/gcc/port.o
                0x00002864                vPortEnterCritical
 .text.vPortExitCritical
                0x00002888       0x24 ./SDK/rtos/FreeRTOS/port/gcc/port.o
                0x00002888                vPortExitCritical
 .text.vPortYieldFromISR
                0x000028ac       0x1c ./SDK/rtos/FreeRTOS/port/gcc/port.o
                0x000028ac                vPortYieldFromISR
 .text.SysTick_Handler
                0x000028c8       0x20 ./SDK/rtos/FreeRTOS/port/gcc/port.o
                0x000028c8                SysTick_Handler
 .text.vPortStartFirstTask
                0x000028e8       0x1c ./SDK/rtos/FreeRTOS/port/gcc/port.o
                0x000028e8                vPortStartFirstTask
 .text.SVC_Handler
                0x00002904       0x28 ./SDK/rtos/FreeRTOS/port/gcc/port.o
                0x00002904                SVC_Handler
 .text.PendSV_Handler
                0x0000292c       0x44 ./SDK/rtos/FreeRTOS/port/gcc/port.o
                0x0000292c                PendSV_Handler
 .text.ulPortSetInterruptMask
                0x00002970        0xc ./SDK/rtos/FreeRTOS/port/gcc/port.o
                0x00002970                ulPortSetInterruptMask
 .text.vPortClearInterruptMask
                0x0000297c        0x8 ./SDK/rtos/FreeRTOS/port/gcc/port.o
                0x0000297c                vPortClearInterruptMask
 .text.UART_HAL_EnableTransmitter
                0x00002984       0x1c ./SDK/platform/utilities/src/fsl_debug_console.o
 .text.UART_HAL_EnableReceiver
                0x000029a0       0x1c ./SDK/platform/utilities/src/fsl_debug_console.o
 .text.UART_HAL_SetBitCountPerChar
                0x000029bc       0x28 ./SDK/platform/utilities/src/fsl_debug_console.o
 .text.UART_HAL_SetStopBitCount
                0x000029e4       0x28 ./SDK/platform/utilities/src/fsl_debug_console.o
 .text.LPSCI_HAL_EnableTransmitter
                0x00002a0c       0x1c ./SDK/platform/utilities/src/fsl_debug_console.o
 .text.LPSCI_HAL_EnableReceiver
                0x00002a28       0x1c ./SDK/platform/utilities/src/fsl_debug_console.o
 .text.LPSCI_HAL_SetBitCountPerChar
                0x00002a44       0x28 ./SDK/platform/utilities/src/fsl_debug_console.o
 .text.LPSCI_HAL_SetStopBitCount
                0x00002a6c       0x28 ./SDK/platform/utilities/src/fsl_debug_console.o
 .text.DbgConsole_Init
                0x00002a94      0x160 ./SDK/platform/utilities/src/fsl_debug_console.o
                0x00002a94                DbgConsole_Init
 .text._write   0x00002bf4       0x5c ./SDK/platform/utilities/src/fsl_debug_console.o
                0x00002bf4                _write
 .text._read    0x00002c50       0x48 ./SDK/platform/utilities/src/fsl_debug_console.o
                0x00002c50                _read
 .text.debug_printf
                0x00002c98       0x4c ./SDK/platform/utilities/src/fsl_debug_console.o
                0x00002c98                debug_printf
 .text.debug_putc
                0x00002ce4       0x44 ./SDK/platform/utilities/src/fsl_debug_console.o
 .text.debug_getchar
                0x00002d28       0x38 ./SDK/platform/utilities/src/fsl_debug_console.o
                0x00002d28                debug_getchar
 .text._sbrk    0x00002d60       0x5c ./SDK/platform/utilities/src/fsl_misc_utilities.o
                0x00002d60                _sbrk
 .text._doprint
                0x00002dbc      0x6e4 ./SDK/platform/utilities/src/print_scan.o
                0x00002dbc                _doprint
 .text.mknumstr
                0x000034a0      0x110 ./SDK/platform/utilities/src/print_scan.o
 .text.fput_pad
                0x000035b0       0x44 ./SDK/platform/utilities/src/print_scan.o
 .text.SIM_HAL_EnableClock
                0x000035f4       0x58 ./SDK/platform/system/src/clock/MKL25Z4/fsl_clock_MKL25Z4.o
 .text.CLOCK_HAL_GetLpsciSrc
                0x0000364c       0x28 ./SDK/platform/system/src/clock/MKL25Z4/fsl_clock_MKL25Z4.o
 .text.CLOCK_HAL_GetPllfllSel
                0x00003674       0x24 ./SDK/platform/system/src/clock/MKL25Z4/fsl_clock_MKL25Z4.o
 .text.CLOCK_HAL_GetOutDiv1
                0x00003698       0x28 ./SDK/platform/system/src/clock/MKL25Z4/fsl_clock_MKL25Z4.o
 .text.CLOCK_HAL_GetOutDiv4
                0x000036c0       0x28 ./SDK/platform/system/src/clock/MKL25Z4/fsl_clock_MKL25Z4.o
 .text.OSC_HAL_GetExternalRefClkCmd
                0x000036e8       0x24 ./SDK/platform/system/src/clock/MKL25Z4/fsl_clock_MKL25Z4.o
 .text.CLOCK_SYS_GetSystemClockFreq
                0x0000370c       0x34 ./SDK/platform/system/src/clock/MKL25Z4/fsl_clock_MKL25Z4.o
                0x0000370c                CLOCK_SYS_GetSystemClockFreq
 .text.CLOCK_SYS_GetBusClockFreq
                0x00003740       0x2c ./SDK/platform/system/src/clock/MKL25Z4/fsl_clock_MKL25Z4.o
                0x00003740                CLOCK_SYS_GetBusClockFreq
 .text.CLOCK_SYS_GetPllFllClockFreq
                0x0000376c       0x5c ./SDK/platform/system/src/clock/MKL25Z4/fsl_clock_MKL25Z4.o
                0x0000376c                CLOCK_SYS_GetPllFllClockFreq
 .text.CLOCK_SYS_GetOsc0ExternalRefClockFreq
                0x000037c8       0x2c ./SDK/platform/system/src/clock/MKL25Z4/fsl_clock_MKL25Z4.o
                0x000037c8                CLOCK_SYS_GetOsc0ExternalRefClockFreq
 .text.CLOCK_SYS_GetLpsciFreq
                0x000037f4       0x68 ./SDK/platform/system/src/clock/MKL25Z4/fsl_clock_MKL25Z4.o
                0x000037f4                CLOCK_SYS_GetLpsciFreq
 .text.CLOCK_SYS_GetUartFreq
                0x0000385c       0x2c ./SDK/platform/system/src/clock/MKL25Z4/fsl_clock_MKL25Z4.o
                0x0000385c                CLOCK_SYS_GetUartFreq
 .text.CLOCK_SYS_EnablePortClock
                0x00003888       0x4c ./SDK/platform/system/src/clock/MKL25Z4/fsl_clock_MKL25Z4.o
                0x00003888                CLOCK_SYS_EnablePortClock
 .text.CLOCK_SYS_EnableLpsciClock
                0x000038d4       0x40 ./SDK/platform/system/src/clock/MKL25Z4/fsl_clock_MKL25Z4.o
                0x000038d4                CLOCK_SYS_EnableLpsciClock
 .text.CLOCK_SYS_EnableUartClock
                0x00003914       0x4c ./SDK/platform/system/src/clock/MKL25Z4/fsl_clock_MKL25Z4.o
                0x00003914                CLOCK_SYS_EnableUartClock
 .text.OSA_TaskCreate
                0x00003960       0x50 ./SDK/platform/osa/src/fsl_os_abstraction_free_rtos.o
                0x00003960                OSA_TaskCreate
 .text.OSA_TimeDelay
                0x000039b0       0x2c ./SDK/platform/osa/src/fsl_os_abstraction_free_rtos.o
                0x000039b0                OSA_TimeDelay
 .text.OSA_Init
                0x000039dc        0xc ./SDK/platform/osa/src/fsl_os_abstraction_free_rtos.o
                0x000039dc                OSA_Init
 .text.OSA_Start
                0x000039e8       0x10 ./SDK/platform/osa/src/fsl_os_abstraction_free_rtos.o
                0x000039e8                OSA_Start
 .text.UART_HAL_SetBaudRate
                0x000039f8       0x6c ./SDK/platform/hal/src/uart/fsl_uart_hal.o
                0x000039f8                UART_HAL_SetBaudRate
 .text.UART_HAL_SetParityMode
                0x00003a64       0x40 ./SDK/platform/hal/src/uart/fsl_uart_hal.o
                0x00003a64                UART_HAL_SetParityMode
 .text.UART_HAL_Putchar
                0x00003aa4       0x34 ./SDK/platform/hal/src/uart/fsl_uart_hal.o
                0x00003aa4                UART_HAL_Putchar
 .text.UART_HAL_Getchar
                0x00003ad8       0x34 ./SDK/platform/hal/src/uart/fsl_uart_hal.o
                0x00003ad8                UART_HAL_Getchar
 .text.UART_HAL_SendDataPolling
                0x00003b0c       0x44 ./SDK/platform/hal/src/uart/fsl_uart_hal.o
                0x00003b0c                UART_HAL_SendDataPolling
 .text.UART_HAL_ReceiveDataPolling
                0x00003b50       0xa4 ./SDK/platform/hal/src/uart/fsl_uart_hal.o
                0x00003b50                UART_HAL_ReceiveDataPolling
 .text.CLOCK_HAL_GetClkOutStat
                0x00003bf4       0x20 ./SDK/platform/hal/src/mcg/fsl_mcg_hal.o
 .text.CLOCK_HAL_IsPllSelected
                0x00003c14       0x24 ./SDK/platform/hal/src/mcg/fsl_mcg_hal.o
 .text.CLOCK_HAL_GetMcgExternalClkFreq
                0x00003c38       0x18 ./SDK/platform/hal/src/mcg/fsl_mcg_hal.o
 .text.CLOCK_HAL_TestFllExternalRefFreq
                0x00003c50       0x7c ./SDK/platform/hal/src/mcg/fsl_mcg_hal.o
                0x00003c50                CLOCK_HAL_TestFllExternalRefFreq
 .text.CLOCK_HAL_GetFllRefClk
                0x00003ccc       0x8c ./SDK/platform/hal/src/mcg/fsl_mcg_hal.o
                0x00003ccc                CLOCK_HAL_GetFllRefClk
 .text.CLOCK_HAL_TestFllFreq
                0x00003d58       0x6c ./SDK/platform/hal/src/mcg/fsl_mcg_hal.o
                0x00003d58                CLOCK_HAL_TestFllFreq
 .text.CLOCK_HAL_GetFllClk
                0x00003dc4       0x7c ./SDK/platform/hal/src/mcg/fsl_mcg_hal.o
                0x00003dc4                CLOCK_HAL_GetFllClk
 .text.CLOCK_HAL_GetPll0RefFreq
                0x00003e40       0x1c ./SDK/platform/hal/src/mcg/fsl_mcg_hal.o
                0x00003e40                CLOCK_HAL_GetPll0RefFreq
 .text.CLOCK_HAL_GetPll0Clk
                0x00003e5c       0x90 ./SDK/platform/hal/src/mcg/fsl_mcg_hal.o
                0x00003e5c                CLOCK_HAL_GetPll0Clk
 .text.CLOCK_HAL_GetInternalRefClk
                0x00003eec       0x64 ./SDK/platform/hal/src/mcg/fsl_mcg_hal.o
                0x00003eec                CLOCK_HAL_GetInternalRefClk
 .text.CLOCK_HAL_GetOutClk
                0x00003f50       0x7c ./SDK/platform/hal/src/mcg/fsl_mcg_hal.o
                0x00003f50                CLOCK_HAL_GetOutClk
 .text.LPSCI_HAL_Putchar
                0x00003fcc       0x1c ./SDK/platform/hal/src/lpsci/fsl_lpsci_hal.o
 .text.LPSCI_HAL_Getchar
                0x00003fe8       0x1c ./SDK/platform/hal/src/lpsci/fsl_lpsci_hal.o
 .text.LPSCI_HAL_SetBaudRate
                0x00004004      0x14c ./SDK/platform/hal/src/lpsci/fsl_lpsci_hal.o
                0x00004004                LPSCI_HAL_SetBaudRate
 .text.LPSCI_HAL_SetParityMode
                0x00004150       0x40 ./SDK/platform/hal/src/lpsci/fsl_lpsci_hal.o
                0x00004150                LPSCI_HAL_SetParityMode
 .text.LPSCI_HAL_SendDataPolling
                0x00004190       0x44 ./SDK/platform/hal/src/lpsci/fsl_lpsci_hal.o
                0x00004190                LPSCI_HAL_SendDataPolling
 .text.LPSCI_HAL_ReceiveDataPolling
                0x000041d4       0x88 ./SDK/platform/hal/src/lpsci/fsl_lpsci_hal.o
                0x000041d4                LPSCI_HAL_ReceiveDataPolling
 .text.GPIO_HAL_SetPinDir
                0x0000425c       0x6c ./SDK/platform/hal/src/gpio/fsl_gpio_hal.o
                0x0000425c                GPIO_HAL_SetPinDir
 .text.GPIO_HAL_WritePinOutput
                0x000042c8       0x50 ./SDK/platform/hal/src/gpio/fsl_gpio_hal.o
                0x000042c8                GPIO_HAL_WritePinOutput
 .text.NVIC_EnableIRQ
                0x00004318       0x2c ./SDK/platform/drivers/src/gpio/fsl_gpio_driver.o
 .text.PORT_HAL_SetPullCmd
                0x00004344       0x4c ./SDK/platform/drivers/src/gpio/fsl_gpio_driver.o
 .text.PORT_HAL_SetSlewRateMode
                0x00004390       0x4c ./SDK/platform/drivers/src/gpio/fsl_gpio_driver.o
 .text.PORT_HAL_SetPassiveFilterCmd
                0x000043dc       0x4c ./SDK/platform/drivers/src/gpio/fsl_gpio_driver.o
 .text.PORT_HAL_SetDriveStrengthMode
                0x00004428       0x4c ./SDK/platform/drivers/src/gpio/fsl_gpio_driver.o
 .text.PORT_HAL_SetMuxMode
                0x00004474       0x4c ./SDK/platform/drivers/src/gpio/fsl_gpio_driver.o
 .text.PORT_HAL_SetPinIntMode
                0x000044c0       0x4c ./SDK/platform/drivers/src/gpio/fsl_gpio_driver.o
 .text.INT_SYS_EnableIRQ
                0x0000450c       0x5c ./SDK/platform/drivers/src/gpio/fsl_gpio_driver.o
 .text.GPIO_DRV_Init
                0x00004568       0x4c ./SDK/platform/drivers/src/gpio/fsl_gpio_driver.o
                0x00004568                GPIO_DRV_Init
 .text.GPIO_DRV_InputPinInit
                0x000045b4       0xc4 ./SDK/platform/drivers/src/gpio/fsl_gpio_driver.o
                0x000045b4                GPIO_DRV_InputPinInit
 .text.GPIO_DRV_OutputPinInit
                0x00004678       0x9c ./SDK/platform/drivers/src/gpio/fsl_gpio_driver.o
                0x00004678                GPIO_DRV_OutputPinInit
 .text.SystemInit
                0x00004714      0x178 ./SDK/platform/devices/MKL25Z4/startup/system_MKL25Z4.o
                0x00004714                SystemInit
 .text.init_data_bss
                0x0000488c       0xc8 ./SDK/platform/devices/startup.o
                0x0000488c                init_data_bss
 .text.CLOCK_HAL_SetLpsciSrc
                0x00004954       0x30 ./Generated_Code/Cpu.o
 .text.CLOCK_SYS_SetLpsciSrc
                0x00004984       0x2c ./Generated_Code/Cpu.o
 .text.Components_Init
                0x000049b0       0x48 ./Generated_Code/Cpu.o
                0x000049b0                Components_Init
 .text.MainTask_Init
                0x000049f8       0x4c ./Generated_Code/MainTask.o
                0x000049f8                MainTask_Init
 .text.Task1_Init
                0x00004a44       0x4c ./Generated_Code/Task1.o
                0x00004a44                Task1_Init
 .text.Task2_Init
                0x00004a90       0x4c ./Generated_Code/Task2.o
                0x00004a90                Task2_Init
 .text.Task3_Init
                0x00004adc       0x4c ./Generated_Code/Task3.o
                0x00004adc                Task3_Init
 .text.Task4_Init
                0x00004b28       0x4c ./Generated_Code/Task4.o
                0x00004b28                Task4_Init
 .text.Task5_Init
                0x00004b74       0x4c ./Generated_Code/Task5.o
                0x00004b74                Task5_Init
 .text.SIM_HAL_EnableClock
                0x00004bc0       0x58 ./Generated_Code/hardware_init.o
 .text.hardware_init
                0x00004c18       0x4c ./Generated_Code/hardware_init.o
                0x00004c18                hardware_init
 .text.PORT_HAL_SetPullCmd
                0x00004c64       0x4c ./Generated_Code/pin_init.o
 .text.PORT_HAL_SetMuxMode
                0x00004cb0       0x4c ./Generated_Code/pin_init.o
 .text.SIM_HAL_SetLpsciRxSrcMode
                0x00004cfc       0x2c ./Generated_Code/pin_init.o
 .text.init_gpio_pins
                0x00004d28       0x40 ./Generated_Code/pin_init.o
                0x00004d28                init_gpio_pins
 .text.init_osc_pins
                0x00004d68       0x2c ./Generated_Code/pin_init.o
                0x00004d68                init_osc_pins
 .text.init_rcm_pins
                0x00004d94       0x20 ./Generated_Code/pin_init.o
                0x00004d94                init_rcm_pins
 .text.init_swd_pins
                0x00004db4       0x2c ./Generated_Code/pin_init.o
                0x00004db4                init_swd_pins
 .text.init_uart0_pins
                0x00004de0       0x3c ./Generated_Code/pin_init.o
                0x00004de0                init_uart0_pins
 .text.__assert_func
                0x00004e1c       0x3c c:/freescale/kds_v3/toolchain/bin/../lib/gcc/arm-none-eabi/4.8.4/../../../../arm-none-eabi/lib/armv6-m\libg_s.a(lib_a-assert.o)
                0x00004e1c                __assert_func
 .text.__errno  0x00004e58        0xc c:/freescale/kds_v3/toolchain/bin/../lib/gcc/arm-none-eabi/4.8.4/../../../../arm-none-eabi/lib/armv6-m\libg_s.a(lib_a-errno.o)
                0x00004e58                __errno
 .text.exit     0x00004e64       0x2c c:/freescale/kds_v3/toolchain/bin/../lib/gcc/arm-none-eabi/4.8.4/../../../../arm-none-eabi/lib/armv6-m\libg_s.a(lib_a-exit.o)
                0x00004e64                exit
 .text.fprintf  0x00004e90       0x24 c:/freescale/kds_v3/toolchain/bin/../lib/gcc/arm-none-eabi/4.8.4/../../../../arm-none-eabi/lib/armv6-m\libg_s.a(lib_a-fprintf.o)
                0x00004e90                fiprintf
                0x00004e90                fprintf
 .text.__libc_init_array
                0x00004eb4       0x4c c:/freescale/kds_v3/toolchain/bin/../lib/gcc/arm-none-eabi/4.8.4/../../../../arm-none-eabi/lib/armv6-m\libg_s.a(lib_a-init.o)
                0x00004eb4                __libc_init_array
 .text.memcpy   0x00004f00       0x12 c:/freescale/kds_v3/toolchain/bin/../lib/gcc/arm-none-eabi/4.8.4/../../../../arm-none-eabi/lib/armv6-m\libg_s.a(lib_a-memcpy-stub.o)
                0x00004f00                memcpy
 .text.memset   0x00004f12       0x10 c:/freescale/kds_v3/toolchain/bin/../lib/gcc/arm-none-eabi/4.8.4/../../../../arm-none-eabi/lib/armv6-m\libg_s.a(lib_a-memset.o)
                0x00004f12                memset
 .text.strlen   0x00004f22        0xe c:/freescale/kds_v3/toolchain/bin/../lib/gcc/arm-none-eabi/4.8.4/../../../../arm-none-eabi/lib/armv6-m\libg_s.a(lib_a-strlen.o)
                0x00004f22                strlen
 .text.__sfputc_r
                0x00004f30       0x2a c:/freescale/kds_v3/toolchain/bin/../lib/gcc/arm-none-eabi/4.8.4/../../../../arm-none-eabi/lib/armv6-m\libg_s.a(lib_a-vfprintf.o)
 .text.__sfputs_r
                0x00004f5a       0x24 c:/freescale/kds_v3/toolchain/bin/../lib/gcc/arm-none-eabi/4.8.4/../../../../arm-none-eabi/lib/armv6-m\libg_s.a(lib_a-vfprintf.o)
                0x00004f5a                __sfputs_r
 *fill*         0x00004f7e        0x2 
 .text._vfprintf_r
                0x00004f80      0x210 c:/freescale/kds_v3/toolchain/bin/../lib/gcc/arm-none-eabi/4.8.4/../../../../arm-none-eabi/lib/armv6-m\libg_s.a(lib_a-vfprintf.o)
                0x00004f80                _vfprintf_r
                0x00004f80                _vfiprintf_r
 .text._printf_common
                0x00005190       0xe8 c:/freescale/kds_v3/toolchain/bin/../lib/gcc/arm-none-eabi/4.8.4/../../../../arm-none-eabi/lib/armv6-m\libg_s.a(lib_a-vfprintf_i.o)
                0x00005190                _printf_common
 .text._printf_i
                0x00005278      0x22c c:/freescale/kds_v3/toolchain/bin/../lib/gcc/arm-none-eabi/4.8.4/../../../../arm-none-eabi/lib/armv6-m\libg_s.a(lib_a-vfprintf_i.o)
                0x00005278                _printf_i
 .text.__swbuf_r
                0x000054a4       0xb0 c:/freescale/kds_v3/toolchain/bin/../lib/gcc/arm-none-eabi/4.8.4/../../../../arm-none-eabi/lib/armv6-m\libg_s.a(lib_a-wbuf.o)
                0x000054a4                __swbuf_r
 .text.__swsetup_r
                0x00005554       0xe4 c:/freescale/kds_v3/toolchain/bin/../lib/gcc/arm-none-eabi/4.8.4/../../../../arm-none-eabi/lib/armv6-m\libg_s.a(lib_a-wsetup.o)
                0x00005554                __swsetup_r
 .text.abort    0x00005638        0xe c:/freescale/kds_v3/toolchain/bin/../lib/gcc/arm-none-eabi/4.8.4/../../../../arm-none-eabi/lib/armv6-m\libg_s.a(lib_a-abort.o)
                0x00005638                abort
 .text.__sflush_r
                0x00005646      0x112 c:/freescale/kds_v3/toolchain/bin/../lib/gcc/arm-none-eabi/4.8.4/../../../../arm-none-eabi/lib/armv6-m\libg_s.a(lib_a-fflush.o)
                0x00005646                __sflush_r
 .text._fflush_r
                0x00005758       0x58 c:/freescale/kds_v3/toolchain/bin/../lib/gcc/arm-none-eabi/4.8.4/../../../../arm-none-eabi/lib/armv6-m\libg_s.a(lib_a-fflush.o)
                0x00005758                _fflush_r
 .text._cleanup_r
                0x000057b0       0x34 c:/freescale/kds_v3/toolchain/bin/../lib/gcc/arm-none-eabi/4.8.4/../../../../arm-none-eabi/lib/armv6-m\libg_s.a(lib_a-findfp.o)
                0x000057b0                _cleanup_r
 .text.std.isra.0
                0x000057e4       0x48 c:/freescale/kds_v3/toolchain/bin/../lib/gcc/arm-none-eabi/4.8.4/../../../../arm-none-eabi/lib/armv6-m\libg_s.a(lib_a-findfp.o)
 .text.__sfmoreglue
                0x0000582c       0x2c c:/freescale/kds_v3/toolchain/bin/../lib/gcc/arm-none-eabi/4.8.4/../../../../arm-none-eabi/lib/armv6-m\libg_s.a(lib_a-findfp.o)
                0x0000582c                __sfmoreglue
 .text.__sinit  0x00005858       0x64 c:/freescale/kds_v3/toolchain/bin/../lib/gcc/arm-none-eabi/4.8.4/../../../../arm-none-eabi/lib/armv6-m\libg_s.a(lib_a-findfp.o)
                0x00005858                __sinit
 .text.__sfp    0x000058bc       0x7c c:/freescale/kds_v3/toolchain/bin/../lib/gcc/arm-none-eabi/4.8.4/../../../../arm-none-eabi/lib/armv6-m\libg_s.a(lib_a-findfp.o)
                0x000058bc                __sfp
 .text.__smakebuf_r
                0x00005938       0xa0 c:/freescale/kds_v3/toolchain/bin/../lib/gcc/arm-none-eabi/4.8.4/../../../../arm-none-eabi/lib/armv6-m\libg_s.a(lib_a-makebuf.o)
                0x00005938                __smakebuf_r
 .text.memchr   0x000059d8       0x16 c:/freescale/kds_v3/toolchain/bin/../lib/gcc/arm-none-eabi/4.8.4/../../../../arm-none-eabi/lib/armv6-m\libg_s.a(lib_a-memchr-stub.o)
                0x000059d8                memchr
 *fill*         0x000059ee        0x2 
 .text._free_r  0x000059f0       0x90 c:/freescale/kds_v3/toolchain/bin/../lib/gcc/arm-none-eabi/4.8.4/../../../../arm-none-eabi/lib/armv6-m\libg_s.a(lib_a-nano-freer.o)
                0x000059f0                _free_r
 .text._malloc_r
                0x00005a80       0xa8 c:/freescale/kds_v3/toolchain/bin/../lib/gcc/arm-none-eabi/4.8.4/../../../../arm-none-eabi/lib/armv6-m\libg_s.a(lib_a-nano-mallocr.o)
                0x00005a80                _malloc_r
 .text._sbrk_r  0x00005b28       0x24 c:/freescale/kds_v3/toolchain/bin/../lib/gcc/arm-none-eabi/4.8.4/../../../../arm-none-eabi/lib/armv6-m\libg_s.a(lib_a-sbrkr.o)
                0x00005b28                _sbrk_r
 .text._raise_r
                0x00005b4c       0x56 c:/freescale/kds_v3/toolchain/bin/../lib/gcc/arm-none-eabi/4.8.4/../../../../arm-none-eabi/lib/armv6-m\libg_s.a(lib_a-signal.o)
                0x00005b4c                _raise_r
 *fill*         0x00005ba2        0x2 
 .text.raise    0x00005ba4       0x14 c:/freescale/kds_v3/toolchain/bin/../lib/gcc/arm-none-eabi/4.8.4/../../../../arm-none-eabi/lib/armv6-m\libg_s.a(lib_a-signal.o)
                0x00005ba4                raise
 .text._kill_r  0x00005bb8       0x24 c:/freescale/kds_v3/toolchain/bin/../lib/gcc/arm-none-eabi/4.8.4/../../../../arm-none-eabi/lib/armv6-m\libg_s.a(lib_a-signalr.o)
                0x00005bb8                _kill_r
 .text._getpid_r
                0x00005bdc        0x8 c:/freescale/kds_v3/toolchain/bin/../lib/gcc/arm-none-eabi/4.8.4/../../../../arm-none-eabi/lib/armv6-m\libg_s.a(lib_a-signalr.o)
                0x00005bdc                _getpid_r
 .text.__sread  0x00005be4       0x28 c:/freescale/kds_v3/toolchain/bin/../lib/gcc/arm-none-eabi/4.8.4/../../../../arm-none-eabi/lib/armv6-m\libg_s.a(lib_a-stdio.o)
                0x00005be4                __sread
 .text.__swrite
                0x00005c0c       0x38 c:/freescale/kds_v3/toolchain/bin/../lib/gcc/arm-none-eabi/4.8.4/../../../../arm-none-eabi/lib/armv6-m\libg_s.a(lib_a-stdio.o)
                0x00005c0c                __swrite
 .text.__sseek  0x00005c44       0x2c c:/freescale/kds_v3/toolchain/bin/../lib/gcc/arm-none-eabi/4.8.4/../../../../arm-none-eabi/lib/armv6-m\libg_s.a(lib_a-stdio.o)
                0x00005c44                __sseek
 .text.__sclose
                0x00005c70        0xc c:/freescale/kds_v3/toolchain/bin/../lib/gcc/arm-none-eabi/4.8.4/../../../../arm-none-eabi/lib/armv6-m\libg_s.a(lib_a-stdio.o)
                0x00005c70                __sclose
 .text._write_r
                0x00005c7c       0x28 c:/freescale/kds_v3/toolchain/bin/../lib/gcc/arm-none-eabi/4.8.4/../../../../arm-none-eabi/lib/armv6-m\libg_s.a(lib_a-writer.o)
                0x00005c7c                _write_r
 .text._close_r
                0x00005ca4       0x24 c:/freescale/kds_v3/toolchain/bin/../lib/gcc/arm-none-eabi/4.8.4/../../../../arm-none-eabi/lib/armv6-m\libg_s.a(lib_a-closer.o)
                0x00005ca4                _close_r
 .text._fstat_r
                0x00005cc8       0x24 c:/freescale/kds_v3/toolchain/bin/../lib/gcc/arm-none-eabi/4.8.4/../../../../arm-none-eabi/lib/armv6-m\libg_s.a(lib_a-fstatr.o)
                0x00005cc8                _fstat_r
 .text._isatty_r
                0x00005cec       0x24 c:/freescale/kds_v3/toolchain/bin/../lib/gcc/arm-none-eabi/4.8.4/../../../../arm-none-eabi/lib/armv6-m\libg_s.a(lib_a-isattyr.o)
                0x00005cec                _isatty_r
 .text._lseek_r
                0x00005d10       0x28 c:/freescale/kds_v3/toolchain/bin/../lib/gcc/arm-none-eabi/4.8.4/../../../../arm-none-eabi/lib/armv6-m\libg_s.a(lib_a-lseekr.o)
                0x00005d10                _lseek_r
 .text._read_r  0x00005d38       0x28 c:/freescale/kds_v3/toolchain/bin/../lib/gcc/arm-none-eabi/4.8.4/../../../../arm-none-eabi/lib/armv6-m\libg_s.a(lib_a-readr.o)
                0x00005d38                _read_r
 .text._close   0x00005d60       0x10 c:/freescale/kds_v3/toolchain/bin/../lib/gcc/arm-none-eabi/4.8.4/../../../../arm-none-eabi/lib/armv6-m\libnosys.a(close.o)
                0x00005d60                _close
 .text._fstat   0x00005d70       0x10 c:/freescale/kds_v3/toolchain/bin/../lib/gcc/arm-none-eabi/4.8.4/../../../../arm-none-eabi/lib/armv6-m\libnosys.a(fstat.o)
                0x00005d70                _fstat
 .text._getpid  0x00005d80       0x10 c:/freescale/kds_v3/toolchain/bin/../lib/gcc/arm-none-eabi/4.8.4/../../../../arm-none-eabi/lib/armv6-m\libnosys.a(getpid.o)
                0x00005d80                _getpid
 .text._isatty  0x00005d90       0x10 c:/freescale/kds_v3/toolchain/bin/../lib/gcc/arm-none-eabi/4.8.4/../../../../arm-none-eabi/lib/armv6-m\libnosys.a(isatty.o)
                0x00005d90                _isatty
 .text._kill    0x00005da0       0x10 c:/freescale/kds_v3/toolchain/bin/../lib/gcc/arm-none-eabi/4.8.4/../../../../arm-none-eabi/lib/armv6-m\libnosys.a(kill.o)
                0x00005da0                _kill
 .text._lseek   0x00005db0       0x10 c:/freescale/kds_v3/toolchain/bin/../lib/gcc/arm-none-eabi/4.8.4/../../../../arm-none-eabi/lib/armv6-m\libnosys.a(lseek.o)
                0x00005db0                _lseek
 .text._exit    0x00005dc0        0x4 c:/freescale/kds_v3/toolchain/bin/../lib/gcc/arm-none-eabi/4.8.4/../../../../arm-none-eabi/lib/armv6-m\libnosys.a(_exit.o)
                0x00005dc0                _exit
 *(.rodata)
 .rodata        0x00005dc4       0xb0 ./Sources/ledrgb_hal.o
 .rodata        0x00005e74       0x7c ./Sources/os_tasks.o
 .rodata        0x00005ef0        0x8 ./SDK/rtos/FreeRTOS/src/tasks.o
 .rodata        0x00005ef8        0x8 ./SDK/rtos/FreeRTOS/src/timers.o
 .rodata        0x00005f00        0xc ./SDK/platform/utilities/src/fsl_debug_console.o
 .rodata        0x00005f0c      0x21c ./SDK/platform/system/src/clock/MKL25Z4/fsl_clock_MKL25Z4.o
 .rodata        0x00006128       0x38 ./SDK/platform/hal/src/gpio/fsl_gpio_hal.o
 .rodata        0x00006160      0x144 ./SDK/platform/drivers/src/gpio/fsl_gpio_driver.o
 .rodata        0x000062a4        0xc ./Generated_Code/MainTask.o
 .rodata        0x000062b0        0x8 ./Generated_Code/Task1.o
 .rodata        0x000062b8        0x8 ./Generated_Code/Task2.o
 .rodata        0x000062c0        0x8 ./Generated_Code/Task3.o
 .rodata        0x000062c8        0x8 ./Generated_Code/Task4.o
 .rodata        0x000062d0        0x8 ./Generated_Code/Task5.o
 .rodata        0x000062d8       0x58 ./Generated_Code/pin_init.o
 *(.rodata*)
 .rodata.__func__.6351
                0x00006330       0x14 ./Sources/ledrgb_hal.o
 .rodata.__func__.6429
                0x00006344       0x18 ./Sources/ledrgb_hal.o
 .rodata.__func__.6434
                0x0000635c       0x18 ./Sources/ledrgb_hal.o
 .rodata.Task1_task
                0x00006374       0x18 ./Sources/os_tasks.o
 .rodata.prvProcessReceivedCommands
                0x0000638c       0x28 ./SDK/rtos/FreeRTOS/src/timers.o
 .rodata._doprint
                0x000063b4       0xc8 ./SDK/platform/utilities/src/print_scan.o
 .rodata.portGateTable
                0x0000647c        0x8 ./SDK/platform/system/src/clock/MKL25Z4/fsl_clock_MKL25Z4.o
 .rodata.uartGateTable
                0x00006484        0x4 ./SDK/platform/system/src/clock/MKL25Z4/fsl_clock_MKL25Z4.o
 .rodata.__func__.6995
                0x00006488       0x1c ./SDK/platform/system/src/clock/MKL25Z4/fsl_clock_MKL25Z4.o
 .rodata.__func__.7068
                0x000064a4       0x1c ./SDK/platform/system/src/clock/MKL25Z4/fsl_clock_MKL25Z4.o
 .rodata.__func__.7073
                0x000064c0       0x1c ./SDK/platform/system/src/clock/MKL25Z4/fsl_clock_MKL25Z4.o
 .rodata.g_oscBase
                0x000064dc        0x4 ./SDK/platform/system/src/clock/fsl_clock_manager_common.o
                0x000064dc                g_oscBase
 .rodata.fllFactorTable.5325
                0x000064e0       0x10 ./SDK/platform/hal/src/mcg/fsl_mcg_hal.o
 .rodata.__func__.5175
                0x000064f0       0x14 ./SDK/platform/hal/src/gpio/fsl_gpio_hal.o
 .rodata.__func__.5181
                0x00006504       0x18 ./SDK/platform/hal/src/gpio/fsl_gpio_hal.o
 .rodata.g_gpioBase
                0x0000651c       0x14 ./SDK/platform/drivers/src/gpio/fsl_gpio_common.o
                0x0000651c                g_gpioBase
 .rodata.g_portBase
                0x00006530       0x14 ./SDK/platform/drivers/src/gpio/fsl_gpio_common.o
                0x00006530                g_portBase
 .rodata.g_portIrqId
                0x00006544        0x8 ./SDK/platform/drivers/src/gpio/fsl_gpio_common.o
                0x00006544                g_portIrqId
 .rodata.__func__.5094
                0x0000654c       0x14 ./SDK/platform/drivers/src/gpio/fsl_gpio_driver.o
 .rodata.__func__.5070
                0x00006560       0x14 ./SDK/platform/drivers/src/gpio/fsl_gpio_driver.o
 .rodata.__func__.5082
                0x00006574       0x20 ./SDK/platform/drivers/src/gpio/fsl_gpio_driver.o
 .rodata.__func__.5108
                0x00006594       0x18 ./SDK/platform/drivers/src/gpio/fsl_gpio_driver.o
 .rodata.__func__.6588
                0x000065ac       0x14 ./SDK/platform/drivers/src/gpio/fsl_gpio_driver.o
 .rodata.__func__.5076
                0x000065c0       0x1c ./SDK/platform/drivers/src/gpio/fsl_gpio_driver.o
 .rodata.__func__.5088
                0x000065dc       0x20 ./SDK/platform/drivers/src/gpio/fsl_gpio_driver.o
 .rodata.gpio1_InpConfig0
                0x000065fc       0x10 ./Generated_Code/gpio1.o
                0x000065fc                gpio1_InpConfig0
 .rodata.gpio1_OutConfig0
                0x0000660c       0x18 ./Generated_Code/gpio1.o
                0x0000660c                gpio1_OutConfig0
 .rodata.__func__.5070
                0x00006624       0x14 ./Generated_Code/pin_init.o
 .rodata.__func__.5094
                0x00006638       0x14 ./Generated_Code/pin_init.o
 .rodata.str1.1
                0x0000664c       0x3c c:/freescale/kds_v3/toolchain/bin/../lib/gcc/arm-none-eabi/4.8.4/../../../../arm-none-eabi/lib/armv6-m\libg_s.a(lib_a-assert.o)
                                 0x3d (size before relaxing)
 .rodata.str1.1
                0x00006688        0x2 c:/freescale/kds_v3/toolchain/bin/../lib/gcc/arm-none-eabi/4.8.4/../../../../arm-none-eabi/lib/armv6-m\libg_s.a(lib_a-impure.o)
 *fill*         0x0000668a        0x2 
 .rodata._global_impure_ptr
                0x0000668c        0x4 c:/freescale/kds_v3/toolchain/bin/../lib/gcc/arm-none-eabi/4.8.4/../../../../arm-none-eabi/lib/armv6-m\libg_s.a(lib_a-impure.o)
                0x0000668c                _global_impure_ptr
 .rodata.str1.1
                0x00006690       0x11 c:/freescale/kds_v3/toolchain/bin/../lib/gcc/arm-none-eabi/4.8.4/../../../../arm-none-eabi/lib/armv6-m\libg_s.a(lib_a-vfprintf.o)
 .rodata.str1.1
                0x000066a1       0x22 c:/freescale/kds_v3/toolchain/bin/../lib/gcc/arm-none-eabi/4.8.4/../../../../arm-none-eabi/lib/armv6-m\libg_s.a(lib_a-vfprintf_i.o)
 *fill*         0x000066c3        0x1 
 .rodata.__sf_fake_stdin
                0x000066c4       0x20 c:/freescale/kds_v3/toolchain/bin/../lib/gcc/arm-none-eabi/4.8.4/../../../../arm-none-eabi/lib/armv6-m\libg_s.a(lib_a-findfp.o)
                0x000066c4                __sf_fake_stdin
 .rodata.__sf_fake_stdout
                0x000066e4       0x20 c:/freescale/kds_v3/toolchain/bin/../lib/gcc/arm-none-eabi/4.8.4/../../../../arm-none-eabi/lib/armv6-m\libg_s.a(lib_a-findfp.o)
                0x000066e4                __sf_fake_stdout
 .rodata.__sf_fake_stderr
                0x00006704       0x20 c:/freescale/kds_v3/toolchain/bin/../lib/gcc/arm-none-eabi/4.8.4/../../../../arm-none-eabi/lib/armv6-m\libg_s.a(lib_a-findfp.o)
                0x00006704                __sf_fake_stderr
 *(.glue_7)
 .glue_7        0x00000000        0x0 linker stubs
 *(.glue_7t)
 .glue_7t       0x00000000        0x0 linker stubs
 *(.eh_frame)
 .eh_frame      0x00006724        0x0 c:/freescale/kds_v3/toolchain/bin/../lib/gcc/arm-none-eabi/4.8.4/armv6-m/crtbegin.o
 *(.init)
 .init          0x00006724        0x4 c:/freescale/kds_v3/toolchain/bin/../lib/gcc/arm-none-eabi/4.8.4/armv6-m/crti.o
                0x00006724                _init
 .init          0x00006728        0x8 c:/freescale/kds_v3/toolchain/bin/../lib/gcc/arm-none-eabi/4.8.4/armv6-m/crtn.o
 *(.fini)
 .fini          0x00006730        0x4 c:/freescale/kds_v3/toolchain/bin/../lib/gcc/arm-none-eabi/4.8.4/armv6-m/crti.o
                0x00006730                _fini
 .fini          0x00006734        0x8 c:/freescale/kds_v3/toolchain/bin/../lib/gcc/arm-none-eabi/4.8.4/armv6-m/crtn.o
                0x0000673c                . = ALIGN (0x4)

.vfp11_veneer   0x0000673c        0x0
 .vfp11_veneer  0x00000000        0x0 linker stubs

.v4_bx          0x0000673c        0x0
 .v4_bx         0x00000000        0x0 linker stubs

.iplt           0x0000673c        0x0
 .iplt          0x00000000        0x0 c:/freescale/kds_v3/toolchain/bin/../lib/gcc/arm-none-eabi/4.8.4/armv6-m/crtbegin.o

.ARM.extab
 *(.ARM.extab* .gnu.linkonce.armextab.*)

.ARM            0x0000673c        0x8
                0x0000673c                __exidx_start = .
 *(.ARM.exidx*)
 .ARM.exidx     0x0000673c        0x8 c:/freescale/kds_v3/toolchain/bin/../lib/gcc/arm-none-eabi/4.8.4/../../../../arm-none-eabi/lib/armv6-m/crt0.o
                0x00006744                __exidx_end = .

.rel.dyn        0x00006744        0x0
 .rel.iplt      0x00000000        0x0 c:/freescale/kds_v3/toolchain/bin/../lib/gcc/arm-none-eabi/4.8.4/armv6-m/crtbegin.o

.ctors          0x00006744        0x0
                0x00006744                __CTOR_LIST__ = .
 *crtbegin.o(.ctors)
 *crtbegin?.o(.ctors)
 *(EXCLUDE_FILE(*crtend.o *crtend?.o) .ctors)
 *(SORT(.ctors.*))
 *(.ctors)
                0x00006744                __CTOR_END__ = .

.dtors          0x00006744        0x0
                0x00006744                __DTOR_LIST__ = .
 *crtbegin.o(.dtors)
 *crtbegin?.o(.dtors)
 *(EXCLUDE_FILE(*crtend.o *crtend?.o) .dtors)
 *(SORT(.dtors.*))
 *(.dtors)
                0x00006744                __DTOR_END__ = .

.preinit_array  0x00006744        0x0
                0x00006744                PROVIDE (__preinit_array_start, .)
 *(.preinit_array*)
                0x00006744                PROVIDE (__preinit_array_end, .)

.init_array     0x00006744        0x4
                0x00006744                PROVIDE (__init_array_start, .)
 *(SORT(.init_array.*))
 *(.init_array*)
 .init_array    0x00006744        0x4 c:/freescale/kds_v3/toolchain/bin/../lib/gcc/arm-none-eabi/4.8.4/armv6-m/crtbegin.o
                0x00006748                PROVIDE (__init_array_end, .)

.fini_array     0x00006748        0x4
                0x00006748                PROVIDE (__fini_array_start, .)
 *(SORT(.fini_array.*))
 *(.fini_array*)
 .fini_array    0x00006748        0x4 c:/freescale/kds_v3/toolchain/bin/../lib/gcc/arm-none-eabi/4.8.4/armv6-m/crtbegin.o
                0x0000674c                PROVIDE (__fini_array_end, .)
                0x0000674c                __etext = .
                0x0000674c                __DATA_ROM = .

.mtb            0x1ffff200        0x0
                0x1ffff200                . = ALIGN (0x8)
                0x1ffff200                _mtb_start = .
 *(.mtb_buf)
                0x1ffff200                . = ALIGN (0x8)
                0x1ffff200                _mtb_end = .

.data           0x1ffff200       0xd4 load address 0x0000674c
                0x1ffff200                . = ALIGN (0x4)
                0x1ffff200                __DATA_RAM = .
                0x1ffff200                __data_start__ = .
 *(.data)
 *(.data*)
 .data.menuComandos
                0x1ffff200       0x58 ./Sources/os_tasks.o
                0x1ffff200                menuComandos
 .data.xFreeBytesRemaining
                0x1ffff258        0x4 ./SDK/rtos/FreeRTOS/src/heap_2.o
 .data.xNextTaskUnblockTime
                0x1ffff25c        0x4 ./SDK/rtos/FreeRTOS/src/tasks.o
 .data.uxCriticalNesting
                0x1ffff260        0x4 ./SDK/rtos/FreeRTOS/port/gcc/port.o
 .data.g_fastInternalRefClkFreq
                0x1ffff264        0x4 ./SDK/platform/hal/src/mcg/fsl_mcg_hal.o
                0x1ffff264                g_fastInternalRefClkFreq
 .data.g_slowInternalRefClkFreq
                0x1ffff268        0x4 ./SDK/platform/hal/src/mcg/fsl_mcg_hal.o
                0x1ffff268                g_slowInternalRefClkFreq
 .data.impure_data
                0x1ffff26c       0x60 c:/freescale/kds_v3/toolchain/bin/../lib/gcc/arm-none-eabi/4.8.4/../../../../arm-none-eabi/lib/armv6-m\libg_s.a(lib_a-impure.o)
 .data._impure_ptr
                0x1ffff2cc        0x4 c:/freescale/kds_v3/toolchain/bin/../lib/gcc/arm-none-eabi/4.8.4/../../../../arm-none-eabi/lib/armv6-m\libg_s.a(lib_a-impure.o)
                0x1ffff2cc                _impure_ptr
 *(.jcr*)
 .jcr           0x1ffff2d0        0x0 c:/freescale/kds_v3/toolchain/bin/../lib/gcc/arm-none-eabi/4.8.4/armv6-m/crtbegin.o
 .jcr           0x1ffff2d0        0x4 c:/freescale/kds_v3/toolchain/bin/../lib/gcc/arm-none-eabi/4.8.4/armv6-m/crtend.o
                0x1ffff2d4                . = ALIGN (0x4)
                0x1ffff2d4                __data_end__ = .
                0x00006820                __DATA_END = (__DATA_ROM + (__data_end__ - __data_start__))

.igot.plt       0x1ffff2d4        0x0 load address 0x00006820
 .igot.plt      0x00000000        0x0 c:/freescale/kds_v3/toolchain/bin/../lib/gcc/arm-none-eabi/4.8.4/armv6-m/crtbegin.o

.m_interrupts_ram
                0x1ffff000      0x200
                0x1ffff000                . = ALIGN (0x4)
                0x1ffff000                __m_interrupts_ram_RAMStart = .
 *(.m_interrupts_ram)
                0x1ffff200                . = (. + 0x200)
 *fill*         0x1ffff000      0x200 
                0x1ffff200                __m_interrupts_ram_RAMEnd = .
                0x1ffff200                . = ALIGN (0x4)
                0x00000200                __m_interrupts_ram_ROMSize = (__m_interrupts_ram_RAMEnd - __m_interrupts_ram_RAMStart)
                0x00000200                __RAM_VECTOR_TABLE_SIZE_BYTES = (__m_interrupts_ram_RAMEnd - __m_interrupts_ram_RAMStart)
                0x00020000                text_end = (ORIGIN (m_text) + 0x1fbf0)
                0x00006820                data_init_end = (__DATA_ROM + SIZEOF (.data))
                0x00000001                ASSERT ((data_init_end <= text_end), region m_text overflowed with text and data)

.bss            0x1ffff2d4     0x2258 load address 0x00006820
                0x1ffff2d4                . = ALIGN (0x4)
                0x1ffff2d4                __START_BSS = .
                0x1ffff2d4                __bss_start__ = .
 *(.bss)
 .bss           0x1ffff2d4       0x1c c:/freescale/kds_v3/toolchain/bin/../lib/gcc/arm-none-eabi/4.8.4/armv6-m/crtbegin.o
 *(.bss*)
 .bss.meuSemaforo
                0x1ffff2f0        0x4 ./Sources/rtos_main_task.o
                0x1ffff2f0                meuSemaforo
 .bss.ucHeap    0x1ffff2f4     0x2000 ./SDK/rtos/FreeRTOS/src/heap_2.o
 .bss.xStart    0x200012f4        0x8 ./SDK/rtos/FreeRTOS/src/heap_2.o
 .bss.xEnd      0x200012fc        0x8 ./SDK/rtos/FreeRTOS/src/heap_2.o
 .bss.xHeapHasBeenInitialised.4627
                0x20001304        0x4 ./SDK/rtos/FreeRTOS/src/heap_2.o
 .bss.pxCurrentTCB
                0x20001308        0x4 ./SDK/rtos/FreeRTOS/src/tasks.o
                0x20001308                pxCurrentTCB
 .bss.pxReadyTasksLists
                0x2000130c       0xa0 ./SDK/rtos/FreeRTOS/src/tasks.o
 .bss.xDelayedTaskList1
                0x200013ac       0x14 ./SDK/rtos/FreeRTOS/src/tasks.o
 .bss.xDelayedTaskList2
                0x200013c0       0x14 ./SDK/rtos/FreeRTOS/src/tasks.o
 .bss.pxDelayedTaskList
                0x200013d4        0x4 ./SDK/rtos/FreeRTOS/src/tasks.o
 .bss.pxOverflowDelayedTaskList
                0x200013d8        0x4 ./SDK/rtos/FreeRTOS/src/tasks.o
 .bss.xPendingReadyList
                0x200013dc       0x14 ./SDK/rtos/FreeRTOS/src/tasks.o
 .bss.xTasksWaitingTermination
                0x200013f0       0x14 ./SDK/rtos/FreeRTOS/src/tasks.o
 .bss.uxTasksDeleted
                0x20001404        0x4 ./SDK/rtos/FreeRTOS/src/tasks.o
 .bss.xSuspendedTaskList
                0x20001408       0x14 ./SDK/rtos/FreeRTOS/src/tasks.o
 .bss.uxCurrentNumberOfTasks
                0x2000141c        0x4 ./SDK/rtos/FreeRTOS/src/tasks.o
 .bss.xTickCount
                0x20001420        0x4 ./SDK/rtos/FreeRTOS/src/tasks.o
 .bss.uxTopReadyPriority
                0x20001424        0x4 ./SDK/rtos/FreeRTOS/src/tasks.o
 .bss.xSchedulerRunning
                0x20001428        0x4 ./SDK/rtos/FreeRTOS/src/tasks.o
 .bss.uxPendedTicks
                0x2000142c        0x4 ./SDK/rtos/FreeRTOS/src/tasks.o
 .bss.xYieldPending
                0x20001430        0x4 ./SDK/rtos/FreeRTOS/src/tasks.o
 .bss.xNumOfOverflows
                0x20001434        0x4 ./SDK/rtos/FreeRTOS/src/tasks.o
 .bss.uxTaskNumber
                0x20001438        0x4 ./SDK/rtos/FreeRTOS/src/tasks.o
 .bss.uxSchedulerSuspended
                0x2000143c        0x4 ./SDK/rtos/FreeRTOS/src/tasks.o
 .bss.xActiveTimerList1
                0x20001440       0x14 ./SDK/rtos/FreeRTOS/src/timers.o
 .bss.xActiveTimerList2
                0x20001454       0x14 ./SDK/rtos/FreeRTOS/src/timers.o
 .bss.pxCurrentTimerList
                0x20001468        0x4 ./SDK/rtos/FreeRTOS/src/timers.o
 .bss.pxOverflowTimerList
                0x2000146c        0x4 ./SDK/rtos/FreeRTOS/src/timers.o
 .bss.xTimerQueue
                0x20001470        0x4 ./SDK/rtos/FreeRTOS/src/timers.o
 .bss.xLastTime.4863
                0x20001474        0x4 ./SDK/rtos/FreeRTOS/src/timers.o
 .bss.xJumpBuf  0x20001478       0x5c ./SDK/rtos/FreeRTOS/port/gcc/port.o
 .bss.s_debugConsole
                0x200014d4       0x10 ./SDK/platform/utilities/src/fsl_debug_console.o
 .bss.heap_end.5561
                0x200014e4        0x4 ./SDK/platform/utilities/src/fsl_misc_utilities.o
 .bss.MainTask_stack
                0x200014e8        0x4 ./Generated_Code/MainTask.o
                0x200014e8                MainTask_stack
 .bss.Task1_stack
                0x200014ec        0x4 ./Generated_Code/Task1.o
                0x200014ec                Task1_stack
 .bss.Task2_stack
                0x200014f0        0x4 ./Generated_Code/Task2.o
                0x200014f0                Task2_stack
 .bss.Task3_stack
                0x200014f4        0x4 ./Generated_Code/Task3.o
                0x200014f4                Task3_stack
 .bss.Task4_stack
                0x200014f8        0x4 ./Generated_Code/Task4.o
                0x200014f8                Task4_stack
 .bss.Task5_stack
                0x200014fc        0x4 ./Generated_Code/Task5.o
                0x200014fc                Task5_stack
 .bss.__malloc_sbrk_start
                0x20001500        0x4 c:/freescale/kds_v3/toolchain/bin/../lib/gcc/arm-none-eabi/4.8.4/../../../../arm-none-eabi/lib/armv6-m\libg_s.a(lib_a-nano-mallocr.o)
                0x20001500                __malloc_sbrk_start
 .bss.__malloc_free_list
                0x20001504        0x4 c:/freescale/kds_v3/toolchain/bin/../lib/gcc/arm-none-eabi/4.8.4/../../../../arm-none-eabi/lib/armv6-m\libg_s.a(lib_a-nano-mallocr.o)
                0x20001504                __malloc_free_list
 *(COMMON)
 COMMON         0x20001508        0x8 ./SDK/platform/hal/src/mcg/fsl_mcg_hal.o
                0x20001508                g_xtal0ClkFreq
                0x2000150c                g_xtalRtcClkFreq
 COMMON         0x20001510        0x4 ./Generated_Code/MainTask.o
                0x20001510                MainTask_task_handler
 COMMON         0x20001514        0x4 ./Generated_Code/Task1.o
                0x20001514                Task1_task_handler
 COMMON         0x20001518        0x4 ./Generated_Code/Task2.o
                0x20001518                Task2_task_handler
 COMMON         0x2000151c        0x4 ./Generated_Code/Task3.o
                0x2000151c                Task3_task_handler
 COMMON         0x20001520        0x4 ./Generated_Code/Task4.o
                0x20001520                Task4_task_handler
 COMMON         0x20001524        0x4 ./Generated_Code/Task5.o
                0x20001524                Task5_task_handler
 COMMON         0x20001528        0x4 c:/freescale/kds_v3/toolchain/bin/../lib/gcc/arm-none-eabi/4.8.4/../../../../arm-none-eabi/lib/armv6-m\libg_s.a(lib_a-reent.o)
                0x20001528                errno
                0x2000152c                . = ALIGN (0x4)
                0x2000152c                __bss_end__ = .
                0x2000152c                __END_BSS = .

.heap           0x2000152c        0x4 load address 0x00008a78
                0x20001530                . = ALIGN (0x8)
 *fill*         0x2000152c        0x4 
                0x20001530                __end__ = .
                0x20001530                PROVIDE (end, .)
                0x20001530                __HeapBase = .
                0x20001530                . = (. + HEAP_SIZE)
                0x20001530                __HeapLimit = .

.stack          0x20001530      0x400 load address 0x00008a7c
                0x20001530                . = ALIGN (0x8)
                0x20001930                . = (. + STACK_SIZE)
 *fill*         0x20001530      0x400 
                0x20003000                __StackTop = (ORIGIN (m_data) + 0x3e00)
                0x20002c00                __StackLimit = (__StackTop - STACK_SIZE)
                0x20003000                PROVIDE (__stack, __StackTop)

.ARM.attributes
                0x00000000       0x28
 *(.ARM.attributes)
 .ARM.attributes
                0x00000000       0x1e c:/freescale/kds_v3/toolchain/bin/../lib/gcc/arm-none-eabi/4.8.4/armv6-m/crti.o
 .ARM.attributes
                0x0000001e       0x2c c:/freescale/kds_v3/toolchain/bin/../lib/gcc/arm-none-eabi/4.8.4/armv6-m/crtbegin.o
 .ARM.attributes
                0x0000004a       0x1b c:/freescale/kds_v3/toolchain/bin/../lib/gcc/arm-none-eabi/4.8.4/../../../../arm-none-eabi/lib/armv6-m/crt0.o
 .ARM.attributes
                0x00000065       0x32 ./Static_Code/System/PE_low_level_init.o
 .ARM.attributes
                0x00000097       0x32 ./Sources/ledrgb_hal.o
 .ARM.attributes
                0x000000c9       0x32 ./Sources/main.o
 .ARM.attributes
                0x000000fb       0x32 ./Sources/os_tasks.o
 .ARM.attributes
                0x0000012d       0x32 ./Sources/rtos_main_task.o
 .ARM.attributes
                0x0000015f       0x32 ./SDK/rtos/FreeRTOS/src/heap_2.o
 .ARM.attributes
                0x00000191       0x32 ./SDK/rtos/FreeRTOS/src/list.o
 .ARM.attributes
                0x000001c3       0x32 ./SDK/rtos/FreeRTOS/src/queue.o
 .ARM.attributes
                0x000001f5       0x32 ./SDK/rtos/FreeRTOS/src/tasks.o
 .ARM.attributes
                0x00000227       0x32 ./SDK/rtos/FreeRTOS/src/timers.o
 .ARM.attributes
                0x00000259       0x32 ./SDK/rtos/FreeRTOS/port/gcc/port.o
 .ARM.attributes
                0x0000028b       0x32 ./SDK/platform/utilities/src/fsl_debug_console.o
 .ARM.attributes
                0x000002bd       0x32 ./SDK/platform/utilities/src/fsl_misc_utilities.o
 .ARM.attributes
                0x000002ef       0x32 ./SDK/platform/utilities/src/print_scan.o
 .ARM.attributes
                0x00000321       0x32 ./SDK/platform/system/src/clock/MKL25Z4/fsl_clock_MKL25Z4.o
 .ARM.attributes
                0x00000353       0x32 ./SDK/platform/system/src/clock/fsl_clock_manager_common.o
 .ARM.attributes
                0x00000385       0x32 ./SDK/platform/osa/src/fsl_os_abstraction_free_rtos.o
 .ARM.attributes
                0x000003b7       0x32 ./SDK/platform/hal/src/uart/fsl_uart_hal.o
 .ARM.attributes
                0x000003e9       0x32 ./SDK/platform/hal/src/mcg/fsl_mcg_hal.o
 .ARM.attributes
                0x0000041b       0x32 ./SDK/platform/hal/src/lpsci/fsl_lpsci_hal.o
 .ARM.attributes
                0x0000044d       0x32 ./SDK/platform/hal/src/gpio/fsl_gpio_hal.o
 .ARM.attributes
                0x0000047f       0x32 ./SDK/platform/drivers/src/gpio/fsl_gpio_common.o
 .ARM.attributes
                0x000004b1       0x32 ./SDK/platform/drivers/src/gpio/fsl_gpio_driver.o
 .ARM.attributes
                0x000004e3       0x1b ./SDK/platform/devices/MKL25Z4/startup/gcc/startup_MKL25Z4.o
 .ARM.attributes
                0x000004fe       0x32 ./SDK/platform/devices/MKL25Z4/startup/system_MKL25Z4.o
 .ARM.attributes
                0x00000530       0x32 ./SDK/platform/devices/startup.o
 .ARM.attributes
                0x00000562       0x32 ./Generated_Code/Cpu.o
 .ARM.attributes
                0x00000594       0x32 ./Generated_Code/MainTask.o
 .ARM.attributes
                0x000005c6       0x32 ./Generated_Code/Task1.o
 .ARM.attributes
                0x000005f8       0x32 ./Generated_Code/Task2.o
 .ARM.attributes
                0x0000062a       0x32 ./Generated_Code/Task3.o
 .ARM.attributes
                0x0000065c       0x32 ./Generated_Code/Task4.o
 .ARM.attributes
                0x0000068e       0x32 ./Generated_Code/Task5.o
 .ARM.attributes
                0x000006c0       0x32 ./Generated_Code/gpio1.o
 .ARM.attributes
                0x000006f2       0x32 ./Generated_Code/hardware_init.o
 .ARM.attributes
                0x00000724       0x32 ./Generated_Code/pin_init.o
 .ARM.attributes
                0x00000756       0x1e c:/freescale/kds_v3/toolchain/bin/../lib/gcc/arm-none-eabi/4.8.4/armv6-m\libgcc.a(_udivsi3.o)
 .ARM.attributes
                0x00000774       0x1e c:/freescale/kds_v3/toolchain/bin/../lib/gcc/arm-none-eabi/4.8.4/armv6-m\libgcc.a(_divsi3.o)
 .ARM.attributes
                0x00000792       0x1e c:/freescale/kds_v3/toolchain/bin/../lib/gcc/arm-none-eabi/4.8.4/armv6-m\libgcc.a(_dvmd_tls.o)
 .ARM.attributes
                0x000007b0       0x2c c:/freescale/kds_v3/toolchain/bin/../lib/gcc/arm-none-eabi/4.8.4/../../../../arm-none-eabi/lib/armv6-m\libg_s.a(lib_a-assert.o)
 .ARM.attributes
                0x000007dc       0x2c c:/freescale/kds_v3/toolchain/bin/../lib/gcc/arm-none-eabi/4.8.4/../../../../arm-none-eabi/lib/armv6-m\libg_s.a(lib_a-errno.o)
 .ARM.attributes
                0x00000808       0x2c c:/freescale/kds_v3/toolchain/bin/../lib/gcc/arm-none-eabi/4.8.4/../../../../arm-none-eabi/lib/armv6-m\libg_s.a(lib_a-exit.o)
 .ARM.attributes
                0x00000834       0x2c c:/freescale/kds_v3/toolchain/bin/../lib/gcc/arm-none-eabi/4.8.4/../../../../arm-none-eabi/lib/armv6-m\libg_s.a(lib_a-fprintf.o)
 .ARM.attributes
                0x00000860       0x2c c:/freescale/kds_v3/toolchain/bin/../lib/gcc/arm-none-eabi/4.8.4/../../../../arm-none-eabi/lib/armv6-m\libg_s.a(lib_a-impure.o)
 .ARM.attributes
                0x0000088c       0x2c c:/freescale/kds_v3/toolchain/bin/../lib/gcc/arm-none-eabi/4.8.4/../../../../arm-none-eabi/lib/armv6-m\libg_s.a(lib_a-init.o)
 .ARM.attributes
                0x000008b8       0x2c c:/freescale/kds_v3/toolchain/bin/../lib/gcc/arm-none-eabi/4.8.4/../../../../arm-none-eabi/lib/armv6-m\libg_s.a(lib_a-memcpy-stub.o)
 .ARM.attributes
                0x000008e4       0x2c c:/freescale/kds_v3/toolchain/bin/../lib/gcc/arm-none-eabi/4.8.4/../../../../arm-none-eabi/lib/armv6-m\libg_s.a(lib_a-memset.o)
 .ARM.attributes
                0x00000910       0x1c c:/freescale/kds_v3/toolchain/bin/../lib/gcc/arm-none-eabi/4.8.4/../../../../arm-none-eabi/lib/armv6-m\libg_s.a(lib_a-setjmp.o)
 .ARM.attributes
                0x0000092c       0x2c c:/freescale/kds_v3/toolchain/bin/../lib/gcc/arm-none-eabi/4.8.4/../../../../arm-none-eabi/lib/armv6-m\libg_s.a(lib_a-strlen.o)
 .ARM.attributes
                0x00000958       0x2c c:/freescale/kds_v3/toolchain/bin/../lib/gcc/arm-none-eabi/4.8.4/../../../../arm-none-eabi/lib/armv6-m\libg_s.a(lib_a-vfprintf.o)
 .ARM.attributes
                0x00000984       0x2c c:/freescale/kds_v3/toolchain/bin/../lib/gcc/arm-none-eabi/4.8.4/../../../../arm-none-eabi/lib/armv6-m\libg_s.a(lib_a-vfprintf_i.o)
 .ARM.attributes
                0x000009b0       0x2c c:/freescale/kds_v3/toolchain/bin/../lib/gcc/arm-none-eabi/4.8.4/../../../../arm-none-eabi/lib/armv6-m\libg_s.a(lib_a-wbuf.o)
 .ARM.attributes
                0x000009dc       0x2c c:/freescale/kds_v3/toolchain/bin/../lib/gcc/arm-none-eabi/4.8.4/../../../../arm-none-eabi/lib/armv6-m\libg_s.a(lib_a-wsetup.o)
 .ARM.attributes
                0x00000a08       0x2c c:/freescale/kds_v3/toolchain/bin/../lib/gcc/arm-none-eabi/4.8.4/../../../../arm-none-eabi/lib/armv6-m\libg_s.a(lib_a-abort.o)
 .ARM.attributes
                0x00000a34       0x2c c:/freescale/kds_v3/toolchain/bin/../lib/gcc/arm-none-eabi/4.8.4/../../../../arm-none-eabi/lib/armv6-m\libg_s.a(lib_a-fflush.o)
 .ARM.attributes
                0x00000a60       0x2c c:/freescale/kds_v3/toolchain/bin/../lib/gcc/arm-none-eabi/4.8.4/../../../../arm-none-eabi/lib/armv6-m\libg_s.a(lib_a-findfp.o)
 .ARM.attributes
                0x00000a8c       0x2c c:/freescale/kds_v3/toolchain/bin/../lib/gcc/arm-none-eabi/4.8.4/../../../../arm-none-eabi/lib/armv6-m\libg_s.a(lib_a-makebuf.o)
 .ARM.attributes
                0x00000ab8       0x2c c:/freescale/kds_v3/toolchain/bin/../lib/gcc/arm-none-eabi/4.8.4/../../../../arm-none-eabi/lib/armv6-m\libg_s.a(lib_a-memchr-stub.o)
 .ARM.attributes
                0x00000ae4       0x2c c:/freescale/kds_v3/toolchain/bin/../lib/gcc/arm-none-eabi/4.8.4/../../../../arm-none-eabi/lib/armv6-m\libg_s.a(lib_a-nano-freer.o)
 .ARM.attributes
                0x00000b10       0x2c c:/freescale/kds_v3/toolchain/bin/../lib/gcc/arm-none-eabi/4.8.4/../../../../arm-none-eabi/lib/armv6-m\libg_s.a(lib_a-nano-mallocr.o)
 .ARM.attributes
                0x00000b3c       0x2c c:/freescale/kds_v3/toolchain/bin/../lib/gcc/arm-none-eabi/4.8.4/../../../../arm-none-eabi/lib/armv6-m\libg_s.a(lib_a-sbrkr.o)
 .ARM.attributes
                0x00000b68       0x2c c:/freescale/kds_v3/toolchain/bin/../lib/gcc/arm-none-eabi/4.8.4/../../../../arm-none-eabi/lib/armv6-m\libg_s.a(lib_a-signal.o)
 .ARM.attributes
                0x00000b94       0x2c c:/freescale/kds_v3/toolchain/bin/../lib/gcc/arm-none-eabi/4.8.4/../../../../arm-none-eabi/lib/armv6-m\libg_s.a(lib_a-signalr.o)
 .ARM.attributes
                0x00000bc0       0x2c c:/freescale/kds_v3/toolchain/bin/../lib/gcc/arm-none-eabi/4.8.4/../../../../arm-none-eabi/lib/armv6-m\libg_s.a(lib_a-stdio.o)
 .ARM.attributes
                0x00000bec       0x2c c:/freescale/kds_v3/toolchain/bin/../lib/gcc/arm-none-eabi/4.8.4/../../../../arm-none-eabi/lib/armv6-m\libg_s.a(lib_a-writer.o)
 .ARM.attributes
                0x00000c18       0x2c c:/freescale/kds_v3/toolchain/bin/../lib/gcc/arm-none-eabi/4.8.4/../../../../arm-none-eabi/lib/armv6-m\libg_s.a(lib_a-closer.o)
 .ARM.attributes
                0x00000c44       0x2c c:/freescale/kds_v3/toolchain/bin/../lib/gcc/arm-none-eabi/4.8.4/../../../../arm-none-eabi/lib/armv6-m\libg_s.a(lib_a-fstatr.o)
 .ARM.attributes
                0x00000c70       0x2c c:/freescale/kds_v3/toolchain/bin/../lib/gcc/arm-none-eabi/4.8.4/../../../../arm-none-eabi/lib/armv6-m\libg_s.a(lib_a-isattyr.o)
 .ARM.attributes
                0x00000c9c       0x2c c:/freescale/kds_v3/toolchain/bin/../lib/gcc/arm-none-eabi/4.8.4/../../../../arm-none-eabi/lib/armv6-m\libg_s.a(lib_a-lseekr.o)
 .ARM.attributes
                0x00000cc8       0x2c c:/freescale/kds_v3/toolchain/bin/../lib/gcc/arm-none-eabi/4.8.4/../../../../arm-none-eabi/lib/armv6-m\libg_s.a(lib_a-readr.o)
 .ARM.attributes
                0x00000cf4       0x2c c:/freescale/kds_v3/toolchain/bin/../lib/gcc/arm-none-eabi/4.8.4/../../../../arm-none-eabi/lib/armv6-m\libg_s.a(lib_a-reent.o)
 .ARM.attributes
                0x00000d20       0x2c c:/freescale/kds_v3/toolchain/bin/../lib/gcc/arm-none-eabi/4.8.4/../../../../arm-none-eabi/lib/armv6-m\libnosys.a(close.o)
 .ARM.attributes
                0x00000d4c       0x2c c:/freescale/kds_v3/toolchain/bin/../lib/gcc/arm-none-eabi/4.8.4/../../../../arm-none-eabi/lib/armv6-m\libnosys.a(fstat.o)
 .ARM.attributes
                0x00000d78       0x2c c:/freescale/kds_v3/toolchain/bin/../lib/gcc/arm-none-eabi/4.8.4/../../../../arm-none-eabi/lib/armv6-m\libnosys.a(getpid.o)
 .ARM.attributes
                0x00000da4       0x2c c:/freescale/kds_v3/toolchain/bin/../lib/gcc/arm-none-eabi/4.8.4/../../../../arm-none-eabi/lib/armv6-m\libnosys.a(isatty.o)
 .ARM.attributes
                0x00000dd0       0x2c c:/freescale/kds_v3/toolchain/bin/../lib/gcc/arm-none-eabi/4.8.4/../../../../arm-none-eabi/lib/armv6-m\libnosys.a(kill.o)
 .ARM.attributes
                0x00000dfc       0x2c c:/freescale/kds_v3/toolchain/bin/../lib/gcc/arm-none-eabi/4.8.4/../../../../arm-none-eabi/lib/armv6-m\libnosys.a(lseek.o)
 .ARM.attributes
                0x00000e28       0x2c c:/freescale/kds_v3/toolchain/bin/../lib/gcc/arm-none-eabi/4.8.4/../../../../arm-none-eabi/lib/armv6-m\libnosys.a(_exit.o)
 .ARM.attributes
                0x00000e54       0x2c c:/freescale/kds_v3/toolchain/bin/../lib/gcc/arm-none-eabi/4.8.4/armv6-m/crtend.o
 .ARM.attributes
                0x00000e80       0x1e c:/freescale/kds_v3/toolchain/bin/../lib/gcc/arm-none-eabi/4.8.4/armv6-m/crtn.o
OUTPUT(labfinal.elf elf32-littlearm)

.debug_info     0x00000000     0xcc4c
 .debug_info    0x00000000       0xf3 ./Static_Code/System/PE_low_level_init.o
 .debug_info    0x000000f3      0x3db ./Sources/ledrgb_hal.o
 .debug_info    0x000004ce       0xe6 ./Sources/main.o
 .debug_info    0x000005b4      0x1e3 ./Sources/os_tasks.o
 .debug_info    0x00000797      0x14a ./Sources/rtos_main_task.o
 .debug_info    0x000008e1      0x2e2 ./SDK/rtos/FreeRTOS/src/heap_2.o
 .debug_info    0x00000bc3      0x2a1 ./SDK/rtos/FreeRTOS/src/list.o
 .debug_info    0x00000e64      0xaff ./SDK/rtos/FreeRTOS/src/queue.o
 .debug_info    0x00001963     0x12e1 ./SDK/rtos/FreeRTOS/src/tasks.o
 .debug_info    0x00002c44      0x964 ./SDK/rtos/FreeRTOS/src/timers.o
 .debug_info    0x000035a8      0x29e ./SDK/rtos/FreeRTOS/port/gcc/port.o
 .debug_info    0x00003846      0xa71 ./SDK/platform/utilities/src/fsl_debug_console.o
 .debug_info    0x000042b7      0x16b ./SDK/platform/utilities/src/fsl_misc_utilities.o
 .debug_info    0x00004422      0x5eb ./SDK/platform/utilities/src/print_scan.o
 .debug_info    0x00004a0d     0x17c9 ./SDK/platform/system/src/clock/MKL25Z4/fsl_clock_MKL25Z4.o
 .debug_info    0x000061d6      0x462 ./SDK/platform/system/src/clock/fsl_clock_manager_common.o
 .debug_info    0x00006638      0xe95 ./SDK/platform/osa/src/fsl_os_abstraction_free_rtos.o
 .debug_info    0x000074cd      0x83e ./SDK/platform/hal/src/uart/fsl_uart_hal.o
 .debug_info    0x00007d0b      0xc53 ./SDK/platform/hal/src/mcg/fsl_mcg_hal.o
 .debug_info    0x0000895e      0x947 ./SDK/platform/hal/src/lpsci/fsl_lpsci_hal.o
 .debug_info    0x000092a5      0x2f0 ./SDK/platform/hal/src/gpio/fsl_gpio_hal.o
 .debug_info    0x00009595      0x397 ./SDK/platform/drivers/src/gpio/fsl_gpio_common.o
 .debug_info    0x0000992c      0xe80 ./SDK/platform/drivers/src/gpio/fsl_gpio_driver.o
 .debug_info    0x0000a7ac       0x92 ./SDK/platform/devices/MKL25Z4/startup/gcc/startup_MKL25Z4.o
 .debug_info    0x0000a83e      0x672 ./SDK/platform/devices/MKL25Z4/startup/system_MKL25Z4.o
 .debug_info    0x0000aeb0      0x296 ./SDK/platform/devices/startup.o
 .debug_info    0x0000b146      0x575 ./Generated_Code/Cpu.o
 .debug_info    0x0000b6bb      0x182 ./Generated_Code/MainTask.o
 .debug_info    0x0000b83d      0x182 ./Generated_Code/Task1.o
 .debug_info    0x0000b9bf      0x182 ./Generated_Code/Task2.o
 .debug_info    0x0000bb41      0x182 ./Generated_Code/Task3.o
 .debug_info    0x0000bcc3      0x182 ./Generated_Code/Task4.o
 .debug_info    0x0000be45      0x182 ./Generated_Code/Task5.o
 .debug_info    0x0000bfc7      0x29e ./Generated_Code/gpio1.o
 .debug_info    0x0000c265      0x3cf ./Generated_Code/hardware_init.o
 .debug_info    0x0000c634      0x618 ./Generated_Code/pin_init.o

.debug_abbrev   0x00000000     0x2b6b
 .debug_abbrev  0x00000000       0x75 ./Static_Code/System/PE_low_level_init.o
 .debug_abbrev  0x00000075      0x11f ./Sources/ledrgb_hal.o
 .debug_abbrev  0x00000194       0x77 ./Sources/main.o
 .debug_abbrev  0x0000020b       0xb6 ./Sources/os_tasks.o
 .debug_abbrev  0x000002c1       0x9e ./Sources/rtos_main_task.o
 .debug_abbrev  0x0000035f      0x155 ./SDK/rtos/FreeRTOS/src/heap_2.o
 .debug_abbrev  0x000004b4       0xc1 ./SDK/rtos/FreeRTOS/src/list.o
 .debug_abbrev  0x00000575      0x142 ./SDK/rtos/FreeRTOS/src/queue.o
 .debug_abbrev  0x000006b7      0x204 ./SDK/rtos/FreeRTOS/src/tasks.o
 .debug_abbrev  0x000008bb      0x194 ./SDK/rtos/FreeRTOS/src/timers.o
 .debug_abbrev  0x00000a4f      0x140 ./SDK/rtos/FreeRTOS/port/gcc/port.o
 .debug_abbrev  0x00000b8f      0x23a ./SDK/platform/utilities/src/fsl_debug_console.o
 .debug_abbrev  0x00000dc9       0xc4 ./SDK/platform/utilities/src/fsl_misc_utilities.o
 .debug_abbrev  0x00000e8d      0x1b6 ./SDK/platform/utilities/src/print_scan.o
 .debug_abbrev  0x00001043      0x2f2 ./SDK/platform/system/src/clock/MKL25Z4/fsl_clock_MKL25Z4.o
 .debug_abbrev  0x00001335       0xde ./SDK/platform/system/src/clock/fsl_clock_manager_common.o
 .debug_abbrev  0x00001413      0x221 ./SDK/platform/osa/src/fsl_os_abstraction_free_rtos.o
 .debug_abbrev  0x00001634      0x1ee ./SDK/platform/hal/src/uart/fsl_uart_hal.o
 .debug_abbrev  0x00001822      0x237 ./SDK/platform/hal/src/mcg/fsl_mcg_hal.o
 .debug_abbrev  0x00001a59      0x211 ./SDK/platform/hal/src/lpsci/fsl_lpsci_hal.o
 .debug_abbrev  0x00001c6a      0x11b ./SDK/platform/hal/src/gpio/fsl_gpio_hal.o
 .debug_abbrev  0x00001d85       0xc0 ./SDK/platform/drivers/src/gpio/fsl_gpio_common.o
 .debug_abbrev  0x00001e45      0x27a ./SDK/platform/drivers/src/gpio/fsl_gpio_driver.o
 .debug_abbrev  0x000020bf       0x14 ./SDK/platform/devices/MKL25Z4/startup/gcc/startup_MKL25Z4.o
 .debug_abbrev  0x000020d3      0x121 ./SDK/platform/devices/MKL25Z4/startup/system_MKL25Z4.o
 .debug_abbrev  0x000021f4       0xe9 ./SDK/platform/devices/startup.o
 .debug_abbrev  0x000022dd      0x147 ./Generated_Code/Cpu.o
 .debug_abbrev  0x00002424       0xb0 ./Generated_Code/MainTask.o
 .debug_abbrev  0x000024d4       0xb0 ./Generated_Code/Task1.o
 .debug_abbrev  0x00002584       0xb0 ./Generated_Code/Task2.o
 .debug_abbrev  0x00002634       0xb0 ./Generated_Code/Task3.o
 .debug_abbrev  0x000026e4       0xb0 ./Generated_Code/Task4.o
 .debug_abbrev  0x00002794       0xb0 ./Generated_Code/Task5.o
 .debug_abbrev  0x00002844       0xa7 ./Generated_Code/gpio1.o
 .debug_abbrev  0x000028eb      0x10c ./Generated_Code/hardware_init.o
 .debug_abbrev  0x000029f7      0x174 ./Generated_Code/pin_init.o

.debug_aranges  0x00000000      0xf90
 .debug_aranges
                0x00000000       0x28 ./Static_Code/System/PE_low_level_init.o
 .debug_aranges
                0x00000028       0x68 ./Sources/ledrgb_hal.o
 .debug_aranges
                0x00000090       0x20 ./Sources/main.o
 .debug_aranges
                0x000000b0       0x40 ./Sources/os_tasks.o
 .debug_aranges
                0x000000f0       0x20 ./Sources/rtos_main_task.o
 .debug_aranges
                0x00000110       0x40 ./SDK/rtos/FreeRTOS/src/heap_2.o
 .debug_aranges
                0x00000150       0x40 ./SDK/rtos/FreeRTOS/src/list.o
 .debug_aranges
                0x00000190       0xe0 ./SDK/rtos/FreeRTOS/src/queue.o
 .debug_aranges
                0x00000270      0x1a0 ./SDK/rtos/FreeRTOS/src/tasks.o
 .debug_aranges
                0x00000410       0xa0 ./SDK/rtos/FreeRTOS/src/timers.o
 .debug_aranges
                0x000004b0       0xa0 ./SDK/rtos/FreeRTOS/port/gcc/port.o
 .debug_aranges
                0x00000550       0xa0 ./SDK/platform/utilities/src/fsl_debug_console.o
 .debug_aranges
                0x000005f0       0x28 ./SDK/platform/utilities/src/fsl_misc_utilities.o
 .debug_aranges
                0x00000618       0x48 ./SDK/platform/utilities/src/print_scan.o
 .debug_aranges
                0x00000660      0x210 ./SDK/platform/system/src/clock/MKL25Z4/fsl_clock_MKL25Z4.o
 .debug_aranges
                0x00000870       0x18 ./SDK/platform/system/src/clock/fsl_clock_manager_common.o
 .debug_aranges
                0x00000888      0x148 ./SDK/platform/osa/src/fsl_os_abstraction_free_rtos.o
 .debug_aranges
                0x000009d0       0xb0 ./SDK/platform/hal/src/uart/fsl_uart_hal.o
 .debug_aranges
                0x00000a80       0xf0 ./SDK/platform/hal/src/mcg/fsl_mcg_hal.o
 .debug_aranges
                0x00000b70       0xc8 ./SDK/platform/hal/src/lpsci/fsl_lpsci_hal.o
 .debug_aranges
                0x00000c38       0x38 ./SDK/platform/hal/src/gpio/fsl_gpio_hal.o
 .debug_aranges
                0x00000c70       0x18 ./SDK/platform/drivers/src/gpio/fsl_gpio_common.o
 .debug_aranges
                0x00000c88       0xf0 ./SDK/platform/drivers/src/gpio/fsl_gpio_driver.o
 .debug_aranges
                0x00000d78       0x20 ./SDK/platform/devices/MKL25Z4/startup/gcc/startup_MKL25Z4.o
 .debug_aranges
                0x00000d98       0x28 ./SDK/platform/devices/MKL25Z4/startup/system_MKL25Z4.o
 .debug_aranges
                0x00000dc0       0x20 ./SDK/platform/devices/startup.o
 .debug_aranges
                0x00000de0       0x30 ./Generated_Code/Cpu.o
 .debug_aranges
                0x00000e10       0x20 ./Generated_Code/MainTask.o
 .debug_aranges
                0x00000e30       0x20 ./Generated_Code/Task1.o
 .debug_aranges
                0x00000e50       0x20 ./Generated_Code/Task2.o
 .debug_aranges
                0x00000e70       0x20 ./Generated_Code/Task3.o
 .debug_aranges
                0x00000e90       0x20 ./Generated_Code/Task4.o
 .debug_aranges
                0x00000eb0       0x20 ./Generated_Code/Task5.o
 .debug_aranges
                0x00000ed0       0x18 ./Generated_Code/gpio1.o
 .debug_aranges
                0x00000ee8       0x28 ./Generated_Code/hardware_init.o
 .debug_aranges
                0x00000f10       0x80 ./Generated_Code/pin_init.o

.debug_ranges   0x00000000      0xd28
 .debug_ranges  0x00000000       0x18 ./Static_Code/System/PE_low_level_init.o
 .debug_ranges  0x00000018       0x58 ./Sources/ledrgb_hal.o
 .debug_ranges  0x00000070       0x10 ./Sources/main.o
 .debug_ranges  0x00000080       0x30 ./Sources/os_tasks.o
 .debug_ranges  0x000000b0       0x10 ./Sources/rtos_main_task.o
 .debug_ranges  0x000000c0       0x30 ./SDK/rtos/FreeRTOS/src/heap_2.o
 .debug_ranges  0x000000f0       0x30 ./SDK/rtos/FreeRTOS/src/list.o
 .debug_ranges  0x00000120       0xd0 ./SDK/rtos/FreeRTOS/src/queue.o
 .debug_ranges  0x000001f0      0x190 ./SDK/rtos/FreeRTOS/src/tasks.o
 .debug_ranges  0x00000380       0x90 ./SDK/rtos/FreeRTOS/src/timers.o
 .debug_ranges  0x00000410       0x90 ./SDK/rtos/FreeRTOS/port/gcc/port.o
 .debug_ranges  0x000004a0       0x90 ./SDK/platform/utilities/src/fsl_debug_console.o
 .debug_ranges  0x00000530       0x18 ./SDK/platform/utilities/src/fsl_misc_utilities.o
 .debug_ranges  0x00000548       0x38 ./SDK/platform/utilities/src/print_scan.o
 .debug_ranges  0x00000580      0x200 ./SDK/platform/system/src/clock/MKL25Z4/fsl_clock_MKL25Z4.o
 .debug_ranges  0x00000780      0x138 ./SDK/platform/osa/src/fsl_os_abstraction_free_rtos.o
 .debug_ranges  0x000008b8       0xa0 ./SDK/platform/hal/src/uart/fsl_uart_hal.o
 .debug_ranges  0x00000958       0xe0 ./SDK/platform/hal/src/mcg/fsl_mcg_hal.o
 .debug_ranges  0x00000a38       0xb8 ./SDK/platform/hal/src/lpsci/fsl_lpsci_hal.o
 .debug_ranges  0x00000af0       0x28 ./SDK/platform/hal/src/gpio/fsl_gpio_hal.o
 .debug_ranges  0x00000b18       0xe0 ./SDK/platform/drivers/src/gpio/fsl_gpio_driver.o
 .debug_ranges  0x00000bf8       0x18 ./SDK/platform/devices/MKL25Z4/startup/system_MKL25Z4.o
 .debug_ranges  0x00000c10       0x10 ./SDK/platform/devices/startup.o
 .debug_ranges  0x00000c20       0x20 ./Generated_Code/Cpu.o
 .debug_ranges  0x00000c40       0x10 ./Generated_Code/MainTask.o
 .debug_ranges  0x00000c50       0x10 ./Generated_Code/Task1.o
 .debug_ranges  0x00000c60       0x10 ./Generated_Code/Task2.o
 .debug_ranges  0x00000c70       0x10 ./Generated_Code/Task3.o
 .debug_ranges  0x00000c80       0x10 ./Generated_Code/Task4.o
 .debug_ranges  0x00000c90       0x10 ./Generated_Code/Task5.o
 .debug_ranges  0x00000ca0       0x18 ./Generated_Code/hardware_init.o
 .debug_ranges  0x00000cb8       0x70 ./Generated_Code/pin_init.o

.debug_macro    0x00000000    0x192a2
 .debug_macro   0x00000000      0x408 ./Static_Code/System/PE_low_level_init.o
 .debug_macro   0x00000408      0x80e ./Static_Code/System/PE_low_level_init.o
 .debug_macro   0x00000c16       0x11 ./Static_Code/System/PE_low_level_init.o
 .debug_macro   0x00000c27       0x16 ./Static_Code/System/PE_low_level_init.o
 .debug_macro   0x00000c3d       0x16 ./Static_Code/System/PE_low_level_init.o
 .debug_macro   0x00000c53       0x44 ./Static_Code/System/PE_low_level_init.o
 .debug_macro   0x00000c97      0x209 ./Static_Code/System/PE_low_level_init.o
 .debug_macro   0x00000ea0       0x3a ./Static_Code/System/PE_low_level_init.o
 .debug_macro   0x00000eda       0x3a ./Static_Code/System/PE_low_level_init.o
 .debug_macro   0x00000f14       0x26 ./Static_Code/System/PE_low_level_init.o
 .debug_macro   0x00000f3a      0x306 ./Static_Code/System/PE_low_level_init.o
 .debug_macro   0x00001240       0xc6 ./Static_Code/System/PE_low_level_init.o
 .debug_macro   0x00001306     0x8439 ./Static_Code/System/PE_low_level_init.o
 .debug_macro   0x0000973f       0x58 ./Static_Code/System/PE_low_level_init.o
 .debug_macro   0x00009797       0x35 ./Static_Code/System/PE_low_level_init.o
 .debug_macro   0x000097cc       0xa3 ./Static_Code/System/PE_low_level_init.o
 .debug_macro   0x0000986f       0x16 ./Static_Code/System/PE_low_level_init.o
 .debug_macro   0x00009885      0x10e ./Static_Code/System/PE_low_level_init.o
 .debug_macro   0x00009993       0x7f ./Static_Code/System/PE_low_level_init.o
 .debug_macro   0x00009a12       0x52 ./Static_Code/System/PE_low_level_init.o
 .debug_macro   0x00009a64       0x16 ./Static_Code/System/PE_low_level_init.o
 .debug_macro   0x00009a7a       0x43 ./Static_Code/System/PE_low_level_init.o
 .debug_macro   0x00009abd      0x180 ./Static_Code/System/PE_low_level_init.o
 .debug_macro   0x00009c3d       0x22 ./Static_Code/System/PE_low_level_init.o
 .debug_macro   0x00009c5f       0x7c ./Static_Code/System/PE_low_level_init.o
 .debug_macro   0x00009cdb     0x7658 ./Static_Code/System/PE_low_level_init.o
 .debug_macro   0x00011333     0x1108 ./Static_Code/System/PE_low_level_init.o
 .debug_macro   0x0001243b       0x22 ./Static_Code/System/PE_low_level_init.o
 .debug_macro   0x0001245d       0x16 ./Static_Code/System/PE_low_level_init.o
 .debug_macro   0x00012473       0x10 ./Static_Code/System/PE_low_level_init.o
 .debug_macro   0x00012483       0x11 ./Static_Code/System/PE_low_level_init.o
 .debug_macro   0x00012494       0x10 ./Static_Code/System/PE_low_level_init.o
 .debug_macro   0x000124a4       0x10 ./Static_Code/System/PE_low_level_init.o
 .debug_macro   0x000124b4       0x16 ./Static_Code/System/PE_low_level_init.o
 .debug_macro   0x000124ca      0x203 ./Static_Code/System/PE_low_level_init.o
 .debug_macro   0x000126cd       0x52 ./Static_Code/System/PE_low_level_init.o
 .debug_macro   0x0001271f       0xce ./Static_Code/System/PE_low_level_init.o
 .debug_macro   0x000127ed       0x10 ./Static_Code/System/PE_low_level_init.o
 .debug_macro   0x000127fd       0x1f ./Static_Code/System/PE_low_level_init.o
 .debug_macro   0x0001281c       0xc0 ./Static_Code/System/PE_low_level_init.o
 .debug_macro   0x000128dc       0x70 ./Static_Code/System/PE_low_level_init.o
 .debug_macro   0x0001294c      0x337 ./Static_Code/System/PE_low_level_init.o
 .debug_macro   0x00012c83       0xb0 ./Static_Code/System/PE_low_level_init.o
 .debug_macro   0x00012d33       0x7f ./Static_Code/System/PE_low_level_init.o
 .debug_macro   0x00012db2       0x97 ./Static_Code/System/PE_low_level_init.o
 .debug_macro   0x00012e49       0x19 ./Static_Code/System/PE_low_level_init.o
 .debug_macro   0x00012e62       0x3c ./Static_Code/System/PE_low_level_init.o
 .debug_macro   0x00012e9e       0x1c ./Static_Code/System/PE_low_level_init.o
 .debug_macro   0x00012eba       0x12 ./Static_Code/System/PE_low_level_init.o
 .debug_macro   0x00012ecc       0x28 ./Static_Code/System/PE_low_level_init.o
 .debug_macro   0x00012ef4       0x28 ./Static_Code/System/PE_low_level_init.o
 .debug_macro   0x00012f1c       0x22 ./Static_Code/System/PE_low_level_init.o
 .debug_macro   0x00012f3e       0x20 ./Static_Code/System/PE_low_level_init.o
 .debug_macro   0x00012f5e       0x1c ./Static_Code/System/PE_low_level_init.o
 .debug_macro   0x00012f7a       0x1c ./Static_Code/System/PE_low_level_init.o
 .debug_macro   0x00012f96       0x1c ./Static_Code/System/PE_low_level_init.o
 .debug_macro   0x00012fb2       0x1c ./Static_Code/System/PE_low_level_init.o
 .debug_macro   0x00012fce       0x1c ./Static_Code/System/PE_low_level_init.o
 .debug_macro   0x00012fea       0x16 ./Static_Code/System/PE_low_level_init.o
 .debug_macro   0x00013000      0x219 ./Sources/ledrgb_hal.o
 .debug_macro   0x00013219       0x1c ./Sources/ledrgb_hal.o
 .debug_macro   0x00013235       0x4c ./Sources/ledrgb_hal.o
 .debug_macro   0x00013281      0x402 ./Sources/main.o
 .debug_macro   0x00013683      0x40f ./Sources/os_tasks.o
 .debug_macro   0x00013a92      0x40b ./Sources/rtos_main_task.o
 .debug_macro   0x00013e9d      0x164 ./SDK/rtos/FreeRTOS/src/heap_2.o
 .debug_macro   0x00014001      0x145 ./SDK/rtos/FreeRTOS/src/list.o
 .debug_macro   0x00014146      0x1c1 ./SDK/rtos/FreeRTOS/src/queue.o
 .debug_macro   0x00014307      0x2a6 ./SDK/rtos/FreeRTOS/src/queue.o
 .debug_macro   0x000145ad       0x10 ./SDK/rtos/FreeRTOS/src/queue.o
 .debug_macro   0x000145bd       0x35 ./SDK/rtos/FreeRTOS/src/queue.o
 .debug_macro   0x000145f2      0x1fa ./SDK/rtos/FreeRTOS/src/tasks.o