23:25:51 **** Incremental Build of configuration Debug for project labfinal ****
make all 
Building file: ../Sources/os_tasks.c
Invoking: Cross ARM C Compiler
arm-none-eabi-gcc -mcpu=cortex-m0plus -mthumb -O0 -fmessage-length=0 -fsigned-char -ffunction-sections -fdata-sections -Wall  -g3 -D"CPU_MKL25Z128VLK4" -D"FSL_RTOS_FREE_RTOS" -I"C:/Users/lntos/workspace.kds/labfinal/SDK/platform/hal/inc" -I"C:/Users/lntos/workspace.kds/labfinal/SDK/platform/hal/src/sim/MKL25Z4" -I"C:/Users/lntos/workspace.kds/labfinal/SDK/platform/system/src/clock/MKL25Z4" -I"C:/Users/lntos/workspace.kds/labfinal/SDK/platform/system/inc" -I"C:/Users/lntos/workspace.kds/labfinal/SDK/platform/osa/inc" -I"C:/Users/lntos/workspace.kds/labfinal/SDK/platform/CMSIS/Include" -I"C:/Users/lntos/workspace.kds/labfinal/SDK/platform/devices" -I"C:/Users/lntos/workspace.kds/labfinal/SDK/platform/devices/MKL25Z4/include" -I"C:/Users/lntos/workspace.kds/labfinal/SDK/platform/utilities/src" -I"C:/Users/lntos/workspace.kds/labfinal/SDK/platform/utilities/inc" -I"C:/Users/lntos/workspace.kds/labfinal/SDK/platform/devices/MKL25Z4/startup" -I"C:/Users/lntos/workspace.kds/labfinal/Generated_Code/SDK/platform/devices/MKL25Z4/startup" -I"C:/Users/lntos/workspace.kds/labfinal/Sources" -I"C:/Users/lntos/workspace.kds/labfinal/Generated_Code" -I"C:/Users/lntos/workspace.kds/labfinal/SDK/rtos/FreeRTOS/include" -I"C:/Users/lntos/workspace.kds/labfinal/SDK/rtos/FreeRTOS/port/gcc" -I"C:/Users/lntos/workspace.kds/labfinal/Generated_Code/SDK/rtos/FreeRTOS/config" -I"C:/Users/lntos/workspace.kds/labfinal/SDK/platform/drivers/inc" -std=c99 -MMD -MP -MF"Sources/os_tasks.d" -MT"Sources/os_tasks.o" -c -o "Sources/os_tasks.o" "../Sources/os_tasks.c"
Finished building: ../Sources/os_tasks.c
 
Building target: labfinal.elf
Invoking: Cross ARM C++ Linker
arm-none-eabi-g++ -mcpu=cortex-m0plus -mthumb -O0 -fmessage-length=0 -fsigned-char -ffunction-sections -fdata-sections -Wall  -g3 -T "C:/Users/lntos/workspace.kds/labfinal/Project_Settings/Linker_Files/ProcessorExpert.ld" -Xlinker --gc-sections -L"C:/Users/lntos/workspace.kds/labfinal/Project_Settings/Linker_Files" -Wl,-Map,"labfinal.map" -specs=nosys.specs -specs=nano.specs -Xlinker -z -Xlinker muldefs -o "labfinal.elf"  ./Static_Code/System/PE_low_level_init.o  ./Sources/Events.o ./Sources/ledrgb_hal.o ./Sources/main.o ./Sources/os_tasks.o ./Sources/rtos_main_task.o  ./SDK/rtos/FreeRTOS/src/croutine.o ./SDK/rtos/FreeRTOS/src/event_groups.o ./SDK/rtos/FreeRTOS/src/heap_1.o ./SDK/rtos/FreeRTOS/src/heap_2.o ./SDK/rtos/FreeRTOS/src/heap_3.o ./SDK/rtos/FreeRTOS/src/heap_4.o ./SDK/rtos/FreeRTOS/src/heap_5.o ./SDK/rtos/FreeRTOS/src/list.o ./SDK/rtos/FreeRTOS/src/queue.o ./SDK/rtos/FreeRTOS/src/tasks.o ./SDK/rtos/FreeRTOS/src/timers.o  ./SDK/rtos/FreeRTOS/port/gcc/port.o ./SDK/rtos/FreeRTOS/port/gcc/portasm.o  ./SDK/platform/utilities/src/fsl_debug_console.o ./SDK/platform/utilities/src/fsl_misc_utilities.o ./SDK/platform/utilities/src/print_scan.o  ./SDK/platform/system/src/interrupt/fsl_interrupt_manager.o  ./SDK/platform/system/src/clock/MKL25Z4/fsl_clock_MKL25Z4.o  ./SDK/platform/system/src/clock/fsl_clock_manager.o ./SDK/platform/system/src/clock/fsl_clock_manager_common.o  ./SDK/platform/osa/src/fsl_os_abstraction_free_rtos.o  ./SDK/platform/hal/src/uart/fsl_uart_hal.o  ./SDK/platform/hal/src/sim/MKL25Z4/fsl_sim_hal_MKL25Z4.o  ./SDK/platform/hal/src/rtc/fsl_rtc_hal.o  ./SDK/platform/hal/src/port/fsl_port_hal.o  ./SDK/platform/hal/src/osc/fsl_osc_hal.o  ./SDK/platform/hal/src/mcg/fsl_mcg_hal.o ./SDK/platform/hal/src/mcg/fsl_mcg_hal_modes.o  ./SDK/platform/hal/src/lpsci/fsl_lpsci_hal.o  ./SDK/platform/hal/src/gpio/fsl_gpio_hal.o  ./SDK/platform/drivers/src/rtc/fsl_rtc_common.o  ./SDK/platform/drivers/src/gpio/fsl_gpio_common.o ./SDK/platform/drivers/src/gpio/fsl_gpio_driver.o  ./SDK/platform/devices/MKL25Z4/startup/gcc/startup_MKL25Z4.o  ./SDK/platform/devices/MKL25Z4/startup/system_MKL25Z4.o  ./SDK/platform/devices/startup.o  ./Generated_Code/Cpu.o ./Generated_Code/DbgCs1.o ./Generated_Code/MainTask.o ./Generated_Code/Task1.o ./Generated_Code/Task2.o ./Generated_Code/Task3.o ./Generated_Code/Task4.o ./Generated_Code/Task5.o ./Generated_Code/clockMan1.o ./Generated_Code/free_rtos.o ./Generated_Code/gpio1.o ./Generated_Code/hardware_init.o ./Generated_Code/osa1.o ./Generated_Code/pin_init.o   
Finished building target: labfinal.elf
 
Invoking: Cross ARM GNU Print Size
arm-none-eabi-size --format=berkeley "labfinal.elf"
   text	   data	    bss	    dec	    hex	filename
  25184	    132	  10324	  35640	   8b38	labfinal.elf
Finished building: labfinal.siz
 

23:25:53 Build Finished (took 1s.860ms)

