15:57:37 **** Incremental Build of configuration Debug for project piscarLed ****
make all 
Building file: ../Static_Code/System/PE_low_level_init.c
Invoking: Cross ARM C Compiler
arm-none-eabi-gcc -mcpu=cortex-m0plus -mthumb -O0 -fmessage-length=0 -fsigned-char -ffunction-sections -fdata-sections -Wall  -g3 -D"CPU_MKL25Z128VLK4" -D"FSL_RTOS_FREE_RTOS" -I"C:/Users/lntos/workspace.kds/piscarLed/SDK/platform/hal/inc" -I"C:/Users/lntos/workspace.kds/piscarLed/SDK/platform/hal/src/sim/MKL25Z4" -I"C:/Users/lntos/workspace.kds/piscarLed/SDK/platform/system/src/clock/MKL25Z4" -I"C:/Users/lntos/workspace.kds/piscarLed/SDK/platform/system/inc" -I"C:/Users/lntos/workspace.kds/piscarLed/SDK/platform/osa/inc" -I"C:/Users/lntos/workspace.kds/piscarLed/SDK/platform/CMSIS/Include" -I"C:/Users/lntos/workspace.kds/piscarLed/SDK/platform/devices" -I"C:/Users/lntos/workspace.kds/piscarLed/SDK/platform/devices/MKL25Z4/include" -I"C:/Users/lntos/workspace.kds/piscarLed/SDK/platform/utilities/src" -I"C:/Users/lntos/workspace.kds/piscarLed/SDK/platform/utilities/inc" -I"C:/Users/lntos/workspace.kds/piscarLed/SDK/platform/devices/MKL25Z4/startup" -I"C:/Users/lntos/workspace.kds/piscarLed/Generated_Code/SDK/platform/devices/MKL25Z4/startup" -I"C:/Users/lntos/workspace.kds/piscarLed/Sources" -I"C:/Users/lntos/workspace.kds/piscarLed/Generated_Code" -I"C:/Users/lntos/workspace.kds/piscarLed/SDK/rtos/FreeRTOS/include" -I"C:/Users/lntos/workspace.kds/piscarLed/SDK/rtos/FreeRTOS/port/gcc" -I"C:/Users/lntos/workspace.kds/piscarLed/Generated_Code/SDK/rtos/FreeRTOS/config" -I"C:/Users/lntos/workspace.kds/piscarLed/SDK/platform/drivers/inc" -std=c99 -MMD -MP -MF"Static_Code/System/PE_low_level_init.d" -MT"Static_Code/System/PE_low_level_init.o" -c -o "Static_Code/System/PE_low_level_init.o" "../Static_Code/System/PE_low_level_init.c"
Finished building: ../Static_Code/System/PE_low_level_init.c
 
Building file: ../Sources/Events.c
Invoking: Cross ARM C Compiler
arm-none-eabi-gcc -mcpu=cortex-m0plus -mthumb -O0 -fmessage-length=0 -fsigned-char -ffunction-sections -fdata-sections -Wall  -g3 -D"CPU_MKL25Z128VLK4" -D"FSL_RTOS_FREE_RTOS" -I"C:/Users/lntos/workspace.kds/piscarLed/SDK/platform/hal/inc" -I"C:/Users/lntos/workspace.kds/piscarLed/SDK/platform/hal/src/sim/MKL25Z4" -I"C:/Users/lntos/workspace.kds/piscarLed/SDK/platform/system/src/clock/MKL25Z4" -I"C:/Users/lntos/workspace.kds/piscarLed/SDK/platform/system/inc" -I"C:/Users/lntos/workspace.kds/piscarLed/SDK/platform/osa/inc" -I"C:/Users/lntos/workspace.kds/piscarLed/SDK/platform/CMSIS/Include" -I"C:/Users/lntos/workspace.kds/piscarLed/SDK/platform/devices" -I"C:/Users/lntos/workspace.kds/piscarLed/SDK/platform/devices/MKL25Z4/include" -I"C:/Users/lntos/workspace.kds/piscarLed/SDK/platform/utilities/src" -I"C:/Users/lntos/workspace.kds/piscarLed/SDK/platform/utilities/inc" -I"C:/Users/lntos/workspace.kds/piscarLed/SDK/platform/devices/MKL25Z4/startup" -I"C:/Users/lntos/workspace.kds/piscarLed/Generated_Code/SDK/platform/devices/MKL25Z4/startup" -I"C:/Users/lntos/workspace.kds/piscarLed/Sources" -I"C:/Users/lntos/workspace.kds/piscarLed/Generated_Code" -I"C:/Users/lntos/workspace.kds/piscarLed/SDK/rtos/FreeRTOS/include" -I"C:/Users/lntos/workspace.kds/piscarLed/SDK/rtos/FreeRTOS/port/gcc" -I"C:/Users/lntos/workspace.kds/piscarLed/Generated_Code/SDK/rtos/FreeRTOS/config" -I"C:/Users/lntos/workspace.kds/piscarLed/SDK/platform/drivers/inc" -std=c99 -MMD -MP -MF"Sources/Events.d" -MT"Sources/Events.o" -c -o "Sources/Events.o" "../Sources/Events.c"
Finished building: ../Sources/Events.c
 
Building file: ../Sources/main.c
Invoking: Cross ARM C Compiler
arm-none-eabi-gcc -mcpu=cortex-m0plus -mthumb -O0 -fmessage-length=0 -fsigned-char -ffunction-sections -fdata-sections -Wall  -g3 -D"CPU_MKL25Z128VLK4" -D"FSL_RTOS_FREE_RTOS" -I"C:/Users/lntos/workspace.kds/piscarLed/SDK/platform/hal/inc" -I"C:/Users/lntos/workspace.kds/piscarLed/SDK/platform/hal/src/sim/MKL25Z4" -I"C:/Users/lntos/workspace.kds/piscarLed/SDK/platform/system/src/clock/MKL25Z4" -I"C:/Users/lntos/workspace.kds/piscarLed/SDK/platform/system/inc" -I"C:/Users/lntos/workspace.kds/piscarLed/SDK/platform/osa/inc" -I"C:/Users/lntos/workspace.kds/piscarLed/SDK/platform/CMSIS/Include" -I"C:/Users/lntos/workspace.kds/piscarLed/SDK/platform/devices" -I"C:/Users/lntos/workspace.kds/piscarLed/SDK/platform/devices/MKL25Z4/include" -I"C:/Users/lntos/workspace.kds/piscarLed/SDK/platform/utilities/src" -I"C:/Users/lntos/workspace.kds/piscarLed/SDK/platform/utilities/inc" -I"C:/Users/lntos/workspace.kds/piscarLed/SDK/platform/devices/MKL25Z4/startup" -I"C:/Users/lntos/workspace.kds/piscarLed/Generated_Code/SDK/platform/devices/MKL25Z4/startup" -I"C:/Users/lntos/workspace.kds/piscarLed/Sources" -I"C:/Users/lntos/workspace.kds/piscarLed/Generated_Code" -I"C:/Users/lntos/workspace.kds/piscarLed/SDK/rtos/FreeRTOS/include" -I"C:/Users/lntos/workspace.kds/piscarLed/SDK/rtos/FreeRTOS/port/gcc" -I"C:/Users/lntos/workspace.kds/piscarLed/Generated_Code/SDK/rtos/FreeRTOS/config" -I"C:/Users/lntos/workspace.kds/piscarLed/SDK/platform/drivers/inc" -std=c99 -MMD -MP -MF"Sources/main.d" -MT"Sources/main.o" -c -o "Sources/main.o" "../Sources/main.c"
Finished building: ../Sources/main.c
 
Building file: ../Sources/os_tasks.c
Invoking: Cross ARM C Compiler
arm-none-eabi-gcc -mcpu=cortex-m0plus -mthumb -O0 -fmessage-length=0 -fsigned-char -ffunction-sections -fdata-sections -Wall  -g3 -D"CPU_MKL25Z128VLK4" -D"FSL_RTOS_FREE_RTOS" -I"C:/Users/lntos/workspace.kds/piscarLed/SDK/platform/hal/inc" -I"C:/Users/lntos/workspace.kds/piscarLed/SDK/platform/hal/src/sim/MKL25Z4" -I"C:/Users/lntos/workspace.kds/piscarLed/SDK/platform/system/src/clock/MKL25Z4" -I"C:/Users/lntos/workspace.kds/piscarLed/SDK/platform/system/inc" -I"C:/Users/lntos/workspace.kds/piscarLed/SDK/platform/osa/inc" -I"C:/Users/lntos/workspace.kds/piscarLed/SDK/platform/CMSIS/Include" -I"C:/Users/lntos/workspace.kds/piscarLed/SDK/platform/devices" -I"C:/Users/lntos/workspace.kds/piscarLed/SDK/platform/devices/MKL25Z4/include" -I"C:/Users/lntos/workspace.kds/piscarLed/SDK/platform/utilities/src" -I"C:/Users/lntos/workspace.kds/piscarLed/SDK/platform/utilities/inc" -I"C:/Users/lntos/workspace.kds/piscarLed/SDK/platform/devices/MKL25Z4/startup" -I"C:/Users/lntos/workspace.kds/piscarLed/Generated_Code/SDK/platform/devices/MKL25Z4/startup" -I"C:/Users/lntos/workspace.kds/piscarLed/Sources" -I"C:/Users/lntos/workspace.kds/piscarLed/Generated_Code" -I"C:/Users/lntos/workspace.kds/piscarLed/SDK/rtos/FreeRTOS/include" -I"C:/Users/lntos/workspace.kds/piscarLed/SDK/rtos/FreeRTOS/port/gcc" -I"C:/Users/lntos/workspace.kds/piscarLed/Generated_Code/SDK/rtos/FreeRTOS/config" -I"C:/Users/lntos/workspace.kds/piscarLed/SDK/platform/drivers/inc" -std=c99 -MMD -MP -MF"Sources/os_tasks.d" -MT"Sources/os_tasks.o" -c -o "Sources/os_tasks.o" "../Sources/os_tasks.c"
Finished building: ../Sources/os_tasks.c
 
Building file: ../Sources/rtos_main_task.c
Invoking: Cross ARM C Compiler
arm-none-eabi-gcc -mcpu=cortex-m0plus -mthumb -O0 -fmessage-length=0 -fsigned-char -ffunction-sections -fdata-sections -Wall  -g3 -D"CPU_MKL25Z128VLK4" -D"FSL_RTOS_FREE_RTOS" -I"C:/Users/lntos/workspace.kds/piscarLed/SDK/platform/hal/inc" -I"C:/Users/lntos/workspace.kds/piscarLed/SDK/platform/hal/src/sim/MKL25Z4" -I"C:/Users/lntos/workspace.kds/piscarLed/SDK/platform/system/src/clock/MKL25Z4" -I"C:/Users/lntos/workspace.kds/piscarLed/SDK/platform/system/inc" -I"C:/Users/lntos/workspace.kds/piscarLed/SDK/platform/osa/inc" -I"C:/Users/lntos/workspace.kds/piscarLed/SDK/platform/CMSIS/Include" -I"C:/Users/lntos/workspace.kds/piscarLed/SDK/platform/devices" -I"C:/Users/lntos/workspace.kds/piscarLed/SDK/platform/devices/MKL25Z4/include" -I"C:/Users/lntos/workspace.kds/piscarLed/SDK/platform/utilities/src" -I"C:/Users/lntos/workspace.kds/piscarLed/SDK/platform/utilities/inc" -I"C:/Users/lntos/workspace.kds/piscarLed/SDK/platform/devices/MKL25Z4/startup" -I"C:/Users/lntos/workspace.kds/piscarLed/Generated_Code/SDK/platform/devices/MKL25Z4/startup" -I"C:/Users/lntos/workspace.kds/piscarLed/Sources" -I"C:/Users/lntos/workspace.kds/piscarLed/Generated_Code" -I"C:/Users/lntos/workspace.kds/piscarLed/SDK/rtos/FreeRTOS/include" -I"C:/Users/lntos/workspace.kds/piscarLed/SDK/rtos/FreeRTOS/port/gcc" -I"C:/Users/lntos/workspace.kds/piscarLed/Generated_Code/SDK/rtos/FreeRTOS/config" -I"C:/Users/lntos/workspace.kds/piscarLed/SDK/platform/drivers/inc" -std=c99 -MMD -MP -MF"Sources/rtos_main_task.d" -MT"Sources/rtos_main_task.o" -c -o "Sources/rtos_main_task.o" "../Sources/rtos_main_task.c"
Finished building: ../Sources/rtos_main_task.c
 
Building file: ../Generated_Code/Cpu.c
Invoking: Cross ARM C Compiler
arm-none-eabi-gcc -mcpu=cortex-m0plus -mthumb -O0 -fmessage-length=0 -fsigned-char -ffunction-sections -fdata-sections -Wall  -g3 -D"CPU_MKL25Z128VLK4" -D"FSL_RTOS_FREE_RTOS" -I"C:/Users/lntos/workspace.kds/piscarLed/SDK/platform/hal/inc" -I"C:/Users/lntos/workspace.kds/piscarLed/SDK/platform/hal/src/sim/MKL25Z4" -I"C:/Users/lntos/workspace.kds/piscarLed/SDK/platform/system/src/clock/MKL25Z4" -I"C:/Users/lntos/workspace.kds/piscarLed/SDK/platform/system/inc" -I"C:/Users/lntos/workspace.kds/piscarLed/SDK/platform/osa/inc" -I"C:/Users/lntos/workspace.kds/piscarLed/SDK/platform/CMSIS/Include" -I"C:/Users/lntos/workspace.kds/piscarLed/SDK/platform/devices" -I"C:/Users/lntos/workspace.kds/piscarLed/SDK/platform/devices/MKL25Z4/include" -I"C:/Users/lntos/workspace.kds/piscarLed/SDK/platform/utilities/src" -I"C:/Users/lntos/workspace.kds/piscarLed/SDK/platform/utilities/inc" -I"C:/Users/lntos/workspace.kds/piscarLed/SDK/platform/devices/MKL25Z4/startup" -I"C:/Users/lntos/workspace.kds/piscarLed/Generated_Code/SDK/platform/devices/MKL25Z4/startup" -I"C:/Users/lntos/workspace.kds/piscarLed/Sources" -I"C:/Users/lntos/workspace.kds/piscarLed/Generated_Code" -I"C:/Users/lntos/workspace.kds/piscarLed/SDK/rtos/FreeRTOS/include" -I"C:/Users/lntos/workspace.kds/piscarLed/SDK/rtos/FreeRTOS/port/gcc" -I"C:/Users/lntos/workspace.kds/piscarLed/Generated_Code/SDK/rtos/FreeRTOS/config" -I"C:/Users/lntos/workspace.kds/piscarLed/SDK/platform/drivers/inc" -std=c99 -MMD -MP -MF"Generated_Code/Cpu.d" -MT"Generated_Code/Cpu.o" -c -o "Generated_Code/Cpu.o" "../Generated_Code/Cpu.c"
Finished building: ../Generated_Code/Cpu.c
 
Building file: ../Generated_Code/MainTask.c
Invoking: Cross ARM C Compiler
arm-none-eabi-gcc -mcpu=cortex-m0plus -mthumb -O0 -fmessage-length=0 -fsigned-char -ffunction-sections -fdata-sections -Wall  -g3 -D"CPU_MKL25Z128VLK4" -D"FSL_RTOS_FREE_RTOS" -I"C:/Users/lntos/workspace.kds/piscarLed/SDK/platform/hal/inc" -I"C:/Users/lntos/workspace.kds/piscarLed/SDK/platform/hal/src/sim/MKL25Z4" -I"C:/Users/lntos/workspace.kds/piscarLed/SDK/platform/system/src/clock/MKL25Z4" -I"C:/Users/lntos/workspace.kds/piscarLed/SDK/platform/system/inc" -I"C:/Users/lntos/workspace.kds/piscarLed/SDK/platform/osa/inc" -I"C:/Users/lntos/workspace.kds/piscarLed/SDK/platform/CMSIS/Include" -I"C:/Users/lntos/workspace.kds/piscarLed/SDK/platform/devices" -I"C:/Users/lntos/workspace.kds/piscarLed/SDK/platform/devices/MKL25Z4/include" -I"C:/Users/lntos/workspace.kds/piscarLed/SDK/platform/utilities/src" -I"C:/Users/lntos/workspace.kds/piscarLed/SDK/platform/utilities/inc" -I"C:/Users/lntos/workspace.kds/piscarLed/SDK/platform/devices/MKL25Z4/startup" -I"C:/Users/lntos/workspace.kds/piscarLed/Generated_Code/SDK/platform/devices/MKL25Z4/startup" -I"C:/Users/lntos/workspace.kds/piscarLed/Sources" -I"C:/Users/lntos/workspace.kds/piscarLed/Generated_Code" -I"C:/Users/lntos/workspace.kds/piscarLed/SDK/rtos/FreeRTOS/include" -I"C:/Users/lntos/workspace.kds/piscarLed/SDK/rtos/FreeRTOS/port/gcc" -I"C:/Users/lntos/workspace.kds/piscarLed/Generated_Code/SDK/rtos/FreeRTOS/config" -I"C:/Users/lntos/workspace.kds/piscarLed/SDK/platform/drivers/inc" -std=c99 -MMD -MP -MF"Generated_Code/MainTask.d" -MT"Generated_Code/MainTask.o" -c -o "Generated_Code/MainTask.o" "../Generated_Code/MainTask.c"
Finished building: ../Generated_Code/MainTask.c
 
Building file: ../Generated_Code/Task1.c
Invoking: Cross ARM C Compiler
arm-none-eabi-gcc -mcpu=cortex-m0plus -mthumb -O0 -fmessage-length=0 -fsigned-char -ffunction-sections -fdata-sections -Wall  -g3 -D"CPU_MKL25Z128VLK4" -D"FSL_RTOS_FREE_RTOS" -I"C:/Users/lntos/workspace.kds/piscarLed/SDK/platform/hal/inc" -I"C:/Users/lntos/workspace.kds/piscarLed/SDK/platform/hal/src/sim/MKL25Z4" -I"C:/Users/lntos/workspace.kds/piscarLed/SDK/platform/system/src/clock/MKL25Z4" -I"C:/Users/lntos/workspace.kds/piscarLed/SDK/platform/system/inc" -I"C:/Users/lntos/workspace.kds/piscarLed/SDK/platform/osa/inc" -I"C:/Users/lntos/workspace.kds/piscarLed/SDK/platform/CMSIS/Include" -I"C:/Users/lntos/workspace.kds/piscarLed/SDK/platform/devices" -I"C:/Users/lntos/workspace.kds/piscarLed/SDK/platform/devices/MKL25Z4/include" -I"C:/Users/lntos/workspace.kds/piscarLed/SDK/platform/utilities/src" -I"C:/Users/lntos/workspace.kds/piscarLed/SDK/platform/utilities/inc" -I"C:/Users/lntos/workspace.kds/piscarLed/SDK/platform/devices/MKL25Z4/startup" -I"C:/Users/lntos/workspace.kds/piscarLed/Generated_Code/SDK/platform/devices/MKL25Z4/startup" -I"C:/Users/lntos/workspace.kds/piscarLed/Sources" -I"C:/Users/lntos/workspace.kds/piscarLed/Generated_Code" -I"C:/Users/lntos/workspace.kds/piscarLed/SDK/rtos/FreeRTOS/include" -I"C:/Users/lntos/workspace.kds/piscarLed/SDK/rtos/FreeRTOS/port/gcc" -I"C:/Users/lntos/workspace.kds/piscarLed/Generated_Code/SDK/rtos/FreeRTOS/config" -I"C:/Users/lntos/workspace.kds/piscarLed/SDK/platform/drivers/inc" -std=c99 -MMD -MP -MF"Generated_Code/Task1.d" -MT"Generated_Code/Task1.o" -c -o "Generated_Code/Task1.o" "../Generated_Code/Task1.c"
Finished building: ../Generated_Code/Task1.c
 
Building file: ../Generated_Code/Task2.c
Invoking: Cross ARM C Compiler
arm-none-eabi-gcc -mcpu=cortex-m0plus -mthumb -O0 -fmessage-length=0 -fsigned-char -ffunction-sections -fdata-sections -Wall  -g3 -D"CPU_MKL25Z128VLK4" -D"FSL_RTOS_FREE_RTOS" -I"C:/Users/lntos/workspace.kds/piscarLed/SDK/platform/hal/inc" -I"C:/Users/lntos/workspace.kds/piscarLed/SDK/platform/hal/src/sim/MKL25Z4" -I"C:/Users/lntos/workspace.kds/piscarLed/SDK/platform/system/src/clock/MKL25Z4" -I"C:/Users/lntos/workspace.kds/piscarLed/SDK/platform/system/inc" -I"C:/Users/lntos/workspace.kds/piscarLed/SDK/platform/osa/inc" -I"C:/Users/lntos/workspace.kds/piscarLed/SDK/platform/CMSIS/Include" -I"C:/Users/lntos/workspace.kds/piscarLed/SDK/platform/devices" -I"C:/Users/lntos/workspace.kds/piscarLed/SDK/platform/devices/MKL25Z4/include" -I"C:/Users/lntos/workspace.kds/piscarLed/SDK/platform/utilities/src" -I"C:/Users/lntos/workspace.kds/piscarLed/SDK/platform/utilities/inc" -I"C:/Users/lntos/workspace.kds/piscarLed/SDK/platform/devices/MKL25Z4/startup" -I"C:/Users/lntos/workspace.kds/piscarLed/Generated_Code/SDK/platform/devices/MKL25Z4/startup" -I"C:/Users/lntos/workspace.kds/piscarLed/Sources" -I"C:/Users/lntos/workspace.kds/piscarLed/Generated_Code" -I"C:/Users/lntos/workspace.kds/piscarLed/SDK/rtos/FreeRTOS/include" -I"C:/Users/lntos/workspace.kds/piscarLed/SDK/rtos/FreeRTOS/port/gcc" -I"C:/Users/lntos/workspace.kds/piscarLed/Generated_Code/SDK/rtos/FreeRTOS/config" -I"C:/Users/lntos/workspace.kds/piscarLed/SDK/platform/drivers/inc" -std=c99 -MMD -MP -MF"Generated_Code/Task2.d" -MT"Generated_Code/Task2.o" -c -o "Generated_Code/Task2.o" "../Generated_Code/Task2.c"
Finished building: ../Generated_Code/Task2.c
 
Building file: ../Generated_Code/gpio1.c
Invoking: Cross ARM C Compiler
arm-none-eabi-gcc -mcpu=cortex-m0plus -mthumb -O0 -fmessage-length=0 -fsigned-char -ffunction-sections -fdata-sections -Wall  -g3 -D"CPU_MKL25Z128VLK4" -D"FSL_RTOS_FREE_RTOS" -I"C:/Users/lntos/workspace.kds/piscarLed/SDK/platform/hal/inc" -I"C:/Users/lntos/workspace.kds/piscarLed/SDK/platform/hal/src/sim/MKL25Z4" -I"C:/Users/lntos/workspace.kds/piscarLed/SDK/platform/system/src/clock/MKL25Z4" -I"C:/Users/lntos/workspace.kds/piscarLed/SDK/platform/system/inc" -I"C:/Users/lntos/workspace.kds/piscarLed/SDK/platform/osa/inc" -I"C:/Users/lntos/workspace.kds/piscarLed/SDK/platform/CMSIS/Include" -I"C:/Users/lntos/workspace.kds/piscarLed/SDK/platform/devices" -I"C:/Users/lntos/workspace.kds/piscarLed/SDK/platform/devices/MKL25Z4/include" -I"C:/Users/lntos/workspace.kds/piscarLed/SDK/platform/utilities/src" -I"C:/Users/lntos/workspace.kds/piscarLed/SDK/platform/utilities/inc" -I"C:/Users/lntos/workspace.kds/piscarLed/SDK/platform/devices/MKL25Z4/startup" -I"C:/Users/lntos/workspace.kds/piscarLed/Generated_Code/SDK/platform/devices/MKL25Z4/startup" -I"C:/Users/lntos/workspace.kds/piscarLed/Sources" -I"C:/Users/lntos/workspace.kds/piscarLed/Generated_Code" -I"C:/Users/lntos/workspace.kds/piscarLed/SDK/rtos/FreeRTOS/include" -I"C:/Users/lntos/workspace.kds/piscarLed/SDK/rtos/FreeRTOS/port/gcc" -I"C:/Users/lntos/workspace.kds/piscarLed/Generated_Code/SDK/rtos/FreeRTOS/config" -I"C:/Users/lntos/workspace.kds/piscarLed/SDK/platform/drivers/inc" -std=c99 -MMD -MP -MF"Generated_Code/gpio1.d" -MT"Generated_Code/gpio1.o" -c -o "Generated_Code/gpio1.o" "../Generated_Code/gpio1.c"
Finished building: ../Generated_Code/gpio1.c
 
Building file: ../Generated_Code/hardware_init.c
Invoking: Cross ARM C Compiler
arm-none-eabi-gcc -mcpu=cortex-m0plus -mthumb -O0 -fmessage-length=0 -fsigned-char -ffunction-sections -fdata-sections -Wall  -g3 -D"CPU_MKL25Z128VLK4" -D"FSL_RTOS_FREE_RTOS" -I"C:/Users/lntos/workspace.kds/piscarLed/SDK/platform/hal/inc" -I"C:/Users/lntos/workspace.kds/piscarLed/SDK/platform/hal/src/sim/MKL25Z4" -I"C:/Users/lntos/workspace.kds/piscarLed/SDK/platform/system/src/clock/MKL25Z4" -I"C:/Users/lntos/workspace.kds/piscarLed/SDK/platform/system/inc" -I"C:/Users/lntos/workspace.kds/piscarLed/SDK/platform/osa/inc" -I"C:/Users/lntos/workspace.kds/piscarLed/SDK/platform/CMSIS/Include" -I"C:/Users/lntos/workspace.kds/piscarLed/SDK/platform/devices" -I"C:/Users/lntos/workspace.kds/piscarLed/SDK/platform/devices/MKL25Z4/include" -I"C:/Users/lntos/workspace.kds/piscarLed/SDK/platform/utilities/src" -I"C:/Users/lntos/workspace.kds/piscarLed/SDK/platform/utilities/inc" -I"C:/Users/lntos/workspace.kds/piscarLed/SDK/platform/devices/MKL25Z4/startup" -I"C:/Users/lntos/workspace.kds/piscarLed/Generated_Code/SDK/platform/devices/MKL25Z4/startup" -I"C:/Users/lntos/workspace.kds/piscarLed/Sources" -I"C:/Users/lntos/workspace.kds/piscarLed/Generated_Code" -I"C:/Users/lntos/workspace.kds/piscarLed/SDK/rtos/FreeRTOS/include" -I"C:/Users/lntos/workspace.kds/piscarLed/SDK/rtos/FreeRTOS/port/gcc" -I"C:/Users/lntos/workspace.kds/piscarLed/Generated_Code/SDK/rtos/FreeRTOS/config" -I"C:/Users/lntos/workspace.kds/piscarLed/SDK/platform/drivers/inc" -std=c99 -MMD -MP -MF"Generated_Code/hardware_init.d" -MT"Generated_Code/hardware_init.o" -c -o "Generated_Code/hardware_init.o" "../Generated_Code/hardware_init.c"
Finished building: ../Generated_Code/hardware_init.c
 
Building file: ../Generated_Code/pin_init.c
Invoking: Cross ARM C Compiler
arm-none-eabi-gcc -mcpu=cortex-m0plus -mthumb -O0 -fmessage-length=0 -fsigned-char -ffunction-sections -fdata-sections -Wall  -g3 -D"CPU_MKL25Z128VLK4" -D"FSL_RTOS_FREE_RTOS" -I"C:/Users/lntos/workspace.kds/piscarLed/SDK/platform/hal/inc" -I"C:/Users/lntos/workspace.kds/piscarLed/SDK/platform/hal/src/sim/MKL25Z4" -I"C:/Users/lntos/workspace.kds/piscarLed/SDK/platform/system/src/clock/MKL25Z4" -I"C:/Users/lntos/workspace.kds/piscarLed/SDK/platform/system/inc" -I"C:/Users/lntos/workspace.kds/piscarLed/SDK/platform/osa/inc" -I"C:/Users/lntos/workspace.kds/piscarLed/SDK/platform/CMSIS/Include" -I"C:/Users/lntos/workspace.kds/piscarLed/SDK/platform/devices" -I"C:/Users/lntos/workspace.kds/piscarLed/SDK/platform/devices/MKL25Z4/include" -I"C:/Users/lntos/workspace.kds/piscarLed/SDK/platform/utilities/src" -I"C:/Users/lntos/workspace.kds/piscarLed/SDK/platform/utilities/inc" -I"C:/Users/lntos/workspace.kds/piscarLed/SDK/platform/devices/MKL25Z4/startup" -I"C:/Users/lntos/workspace.kds/piscarLed/Generated_Code/SDK/platform/devices/MKL25Z4/startup" -I"C:/Users/lntos/workspace.kds/piscarLed/Sources" -I"C:/Users/lntos/workspace.kds/piscarLed/Generated_Code" -I"C:/Users/lntos/workspace.kds/piscarLed/SDK/rtos/FreeRTOS/include" -I"C:/Users/lntos/workspace.kds/piscarLed/SDK/rtos/FreeRTOS/port/gcc" -I"C:/Users/lntos/workspace.kds/piscarLed/Generated_Code/SDK/rtos/FreeRTOS/config" -I"C:/Users/lntos/workspace.kds/piscarLed/SDK/platform/drivers/inc" -std=c99 -MMD -MP -MF"Generated_Code/pin_init.d" -MT"Generated_Code/pin_init.o" -c -o "Generated_Code/pin_init.o" "../Generated_Code/pin_init.c"
Finished building: ../Generated_Code/pin_init.c
 
Building target: piscarLed.elf
Invoking: Cross ARM C++ Linker
arm-none-eabi-g++ -mcpu=cortex-m0plus -mthumb -O0 -fmessage-length=0 -fsigned-char -ffunction-sections -fdata-sections -Wall  -g3 -T "C:/Users/lntos/workspace.kds/piscarLed/Project_Settings/Linker_Files/ProcessorExpert.ld" -Xlinker --gc-sections -L"C:/Users/lntos/workspace.kds/piscarLed/Project_Settings/Linker_Files" -Wl,-Map,"piscarLed.map" -specs=nosys.specs -specs=nano.specs -Xlinker -z -Xlinker muldefs -o "piscarLed.elf"  ./Static_Code/System/PE_low_level_init.o  ./Sources/Events.o ./Sources/main.o ./Sources/os_tasks.o ./Sources/rtos_main_task.o  ./SDK/rtos/FreeRTOS/src/croutine.o ./SDK/rtos/FreeRTOS/src/event_groups.o ./SDK/rtos/FreeRTOS/src/heap_1.o ./SDK/rtos/FreeRTOS/src/heap_2.o ./SDK/rtos/FreeRTOS/src/heap_3.o ./SDK/rtos/FreeRTOS/src/heap_4.o ./SDK/rtos/FreeRTOS/src/heap_5.o ./SDK/rtos/FreeRTOS/src/list.o ./SDK/rtos/FreeRTOS/src/queue.o ./SDK/rtos/FreeRTOS/src/tasks.o ./SDK/rtos/FreeRTOS/src/timers.o  ./SDK/rtos/FreeRTOS/port/gcc/port.o ./SDK/rtos/FreeRTOS/port/gcc/portasm.o  ./SDK/platform/utilities/src/fsl_debug_console.o ./SDK/platform/utilities/src/fsl_misc_utilities.o ./SDK/platform/utilities/src/print_scan.o  ./SDK/platform/system/src/interrupt/fsl_interrupt_manager.o  ./SDK/platform/system/src/clock/MKL25Z4/fsl_clock_MKL25Z4.o  ./SDK/platform/system/src/clock/fsl_clock_manager.o ./SDK/platform/system/src/clock/fsl_clock_manager_common.o  ./SDK/platform/osa/src/fsl_os_abstraction_free_rtos.o  ./SDK/platform/hal/src/uart/fsl_uart_hal.o  ./SDK/platform/hal/src/sim/MKL25Z4/fsl_sim_hal_MKL25Z4.o  ./SDK/platform/hal/src/rtc/fsl_rtc_hal.o  ./SDK/platform/hal/src/port/fsl_port_hal.o  ./SDK/platform/hal/src/osc/fsl_osc_hal.o  ./SDK/platform/hal/src/mcg/fsl_mcg_hal.o ./SDK/platform/hal/src/mcg/fsl_mcg_hal_modes.o  ./SDK/platform/hal/src/lpsci/fsl_lpsci_hal.o  ./SDK/platform/hal/src/gpio/fsl_gpio_hal.o  ./SDK/platform/drivers/src/rtc/fsl_rtc_common.o  ./SDK/platform/drivers/src/gpio/fsl_gpio_common.o ./SDK/platform/drivers/src/gpio/fsl_gpio_driver.o  ./SDK/platform/devices/MKL25Z4/startup/gcc/startup_MKL25Z4.o  ./SDK/platform/devices/MKL25Z4/startup/system_MKL25Z4.o  ./SDK/platform/devices/startup.o  ./Generated_Code/Cpu.o ./Generated_Code/MainTask.o ./Generated_Code/Task1.o ./Generated_Code/Task2.o ./Generated_Code/clockMan1.o ./Generated_Code/free_rtos.o ./Generated_Code/gpio1.o ./Generated_Code/hardware_init.o ./Generated_Code/osa1.o ./Generated_Code/pin_init.o   
Finished building target: piscarLed.elf
 
Invoking: Cross ARM GNU Print Size
arm-none-eabi-size --format=berkeley "piscarLed.elf"
   text	   data	    bss	    dec	    hex	filename
  15676	    124	  10300	  26100	   65f4	piscarLed.elf
Finished building: piscarLed.siz
 

15:57:43 Build Finished (took 5s.400ms)

