11:09:17 **** Incremental Build of configuration Debug for project us114 ****
make all 
Building file: ../Static_Code/System/PE_low_level_init.c
Invoking: Cross ARM C Compiler
arm-none-eabi-gcc -mcpu=cortex-m0plus -mthumb -O0 -fmessage-length=0 -fsigned-char -ffunction-sections -fdata-sections -Wall  -g3 -D"FSL_OSA_BM_TIMER_CONFIG=2" -D"CPU_MKL25Z128VLK4" -I"C:/Users/lntos/workspace.kds/us114/SDK/platform/hal/inc" -I"C:/Users/lntos/workspace.kds/us114/SDK/platform/hal/src/sim/MKL25Z4" -I"C:/Users/lntos/workspace.kds/us114/SDK/platform/system/src/clock/MKL25Z4" -I"C:/Users/lntos/workspace.kds/us114/SDK/platform/system/inc" -I"C:/Users/lntos/workspace.kds/us114/SDK/platform/osa/inc" -I"C:/Users/lntos/workspace.kds/us114/SDK/platform/CMSIS/Include" -I"C:/Users/lntos/workspace.kds/us114/SDK/platform/devices" -I"C:/Users/lntos/workspace.kds/us114/SDK/platform/devices/MKL25Z4/include" -I"C:/Users/lntos/workspace.kds/us114/SDK/platform/utilities/src" -I"C:/Users/lntos/workspace.kds/us114/SDK/platform/utilities/inc" -I"C:/Users/lntos/workspace.kds/us114/SDK/platform/devices/MKL25Z4/startup" -I"C:/Users/lntos/workspace.kds/us114/Generated_Code/SDK/platform/devices/MKL25Z4/startup" -I"C:/Users/lntos/workspace.kds/us114/Sources" -I"C:/Users/lntos/workspace.kds/us114/Generated_Code" -I"C:/Users/lntos/workspace.kds/us114/SDK/platform/drivers/inc" -std=c99 -MMD -MP -MF"Static_Code/System/PE_low_level_init.d" -MT"Static_Code/System/PE_low_level_init.o" -c -o "Static_Code/System/PE_low_level_init.o" "../Static_Code/System/PE_low_level_init.c"
Finished building: ../Static_Code/System/PE_low_level_init.c
 
Building file: ../Sources/Events.c
Invoking: Cross ARM C Compiler
arm-none-eabi-gcc -mcpu=cortex-m0plus -mthumb -O0 -fmessage-length=0 -fsigned-char -ffunction-sections -fdata-sections -Wall  -g3 -D"FSL_OSA_BM_TIMER_CONFIG=2" -D"CPU_MKL25Z128VLK4" -I"C:/Users/lntos/workspace.kds/us114/SDK/platform/hal/inc" -I"C:/Users/lntos/workspace.kds/us114/SDK/platform/hal/src/sim/MKL25Z4" -I"C:/Users/lntos/workspace.kds/us114/SDK/platform/system/src/clock/MKL25Z4" -I"C:/Users/lntos/workspace.kds/us114/SDK/platform/system/inc" -I"C:/Users/lntos/workspace.kds/us114/SDK/platform/osa/inc" -I"C:/Users/lntos/workspace.kds/us114/SDK/platform/CMSIS/Include" -I"C:/Users/lntos/workspace.kds/us114/SDK/platform/devices" -I"C:/Users/lntos/workspace.kds/us114/SDK/platform/devices/MKL25Z4/include" -I"C:/Users/lntos/workspace.kds/us114/SDK/platform/utilities/src" -I"C:/Users/lntos/workspace.kds/us114/SDK/platform/utilities/inc" -I"C:/Users/lntos/workspace.kds/us114/SDK/platform/devices/MKL25Z4/startup" -I"C:/Users/lntos/workspace.kds/us114/Generated_Code/SDK/platform/devices/MKL25Z4/startup" -I"C:/Users/lntos/workspace.kds/us114/Sources" -I"C:/Users/lntos/workspace.kds/us114/Generated_Code" -I"C:/Users/lntos/workspace.kds/us114/SDK/platform/drivers/inc" -std=c99 -MMD -MP -MF"Sources/Events.d" -MT"Sources/Events.o" -c -o "Sources/Events.o" "../Sources/Events.c"
Finished building: ../Sources/Events.c
 
Building file: ../Sources/main.c
Invoking: Cross ARM C Compiler
arm-none-eabi-gcc -mcpu=cortex-m0plus -mthumb -O0 -fmessage-length=0 -fsigned-char -ffunction-sections -fdata-sections -Wall  -g3 -D"FSL_OSA_BM_TIMER_CONFIG=2" -D"CPU_MKL25Z128VLK4" -I"C:/Users/lntos/workspace.kds/us114/SDK/platform/hal/inc" -I"C:/Users/lntos/workspace.kds/us114/SDK/platform/hal/src/sim/MKL25Z4" -I"C:/Users/lntos/workspace.kds/us114/SDK/platform/system/src/clock/MKL25Z4" -I"C:/Users/lntos/workspace.kds/us114/SDK/platform/system/inc" -I"C:/Users/lntos/workspace.kds/us114/SDK/platform/osa/inc" -I"C:/Users/lntos/workspace.kds/us114/SDK/platform/CMSIS/Include" -I"C:/Users/lntos/workspace.kds/us114/SDK/platform/devices" -I"C:/Users/lntos/workspace.kds/us114/SDK/platform/devices/MKL25Z4/include" -I"C:/Users/lntos/workspace.kds/us114/SDK/platform/utilities/src" -I"C:/Users/lntos/workspace.kds/us114/SDK/platform/utilities/inc" -I"C:/Users/lntos/workspace.kds/us114/SDK/platform/devices/MKL25Z4/startup" -I"C:/Users/lntos/workspace.kds/us114/Generated_Code/SDK/platform/devices/MKL25Z4/startup" -I"C:/Users/lntos/workspace.kds/us114/Sources" -I"C:/Users/lntos/workspace.kds/us114/Generated_Code" -I"C:/Users/lntos/workspace.kds/us114/SDK/platform/drivers/inc" -std=c99 -MMD -MP -MF"Sources/main.d" -MT"Sources/main.o" -c -o "Sources/main.o" "../Sources/main.c"
Finished building: ../Sources/main.c
 
Building file: ../SDK/platform/hal/src/gpio/fsl_gpio_hal.c
Invoking: Cross ARM C Compiler
arm-none-eabi-gcc -mcpu=cortex-m0plus -mthumb -O0 -fmessage-length=0 -fsigned-char -ffunction-sections -fdata-sections -Wall  -g3 -D"FSL_OSA_BM_TIMER_CONFIG=2" -D"CPU_MKL25Z128VLK4" -I"C:/Users/lntos/workspace.kds/us114/SDK/platform/hal/inc" -I"C:/Users/lntos/workspace.kds/us114/SDK/platform/hal/src/sim/MKL25Z4" -I"C:/Users/lntos/workspace.kds/us114/SDK/platform/system/src/clock/MKL25Z4" -I"C:/Users/lntos/workspace.kds/us114/SDK/platform/system/inc" -I"C:/Users/lntos/workspace.kds/us114/SDK/platform/osa/inc" -I"C:/Users/lntos/workspace.kds/us114/SDK/platform/CMSIS/Include" -I"C:/Users/lntos/workspace.kds/us114/SDK/platform/devices" -I"C:/Users/lntos/workspace.kds/us114/SDK/platform/devices/MKL25Z4/include" -I"C:/Users/lntos/workspace.kds/us114/SDK/platform/utilities/src" -I"C:/Users/lntos/workspace.kds/us114/SDK/platform/utilities/inc" -I"C:/Users/lntos/workspace.kds/us114/SDK/platform/devices/MKL25Z4/startup" -I"C:/Users/lntos/workspace.kds/us114/Generated_Code/SDK/platform/devices/MKL25Z4/startup" -I"C:/Users/lntos/workspace.kds/us114/Sources" -I"C:/Users/lntos/workspace.kds/us114/Generated_Code" -I"C:/Users/lntos/workspace.kds/us114/SDK/platform/drivers/inc" -std=c99 -MMD -MP -MF"SDK/platform/hal/src/gpio/fsl_gpio_hal.d" -MT"SDK/platform/hal/src/gpio/fsl_gpio_hal.o" -c -o "SDK/platform/hal/src/gpio/fsl_gpio_hal.o" "../SDK/platform/hal/src/gpio/fsl_gpio_hal.c"
Finished building: ../SDK/platform/hal/src/gpio/fsl_gpio_hal.c
 
Building file: ../SDK/platform/drivers/src/gpio/fsl_gpio_common.c
Invoking: Cross ARM C Compiler
arm-none-eabi-gcc -mcpu=cortex-m0plus -mthumb -O0 -fmessage-length=0 -fsigned-char -ffunction-sections -fdata-sections -Wall  -g3 -D"FSL_OSA_BM_TIMER_CONFIG=2" -D"CPU_MKL25Z128VLK4" -I"C:/Users/lntos/workspace.kds/us114/SDK/platform/hal/inc" -I"C:/Users/lntos/workspace.kds/us114/SDK/platform/hal/src/sim/MKL25Z4" -I"C:/Users/lntos/workspace.kds/us114/SDK/platform/system/src/clock/MKL25Z4" -I"C:/Users/lntos/workspace.kds/us114/SDK/platform/system/inc" -I"C:/Users/lntos/workspace.kds/us114/SDK/platform/osa/inc" -I"C:/Users/lntos/workspace.kds/us114/SDK/platform/CMSIS/Include" -I"C:/Users/lntos/workspace.kds/us114/SDK/platform/devices" -I"C:/Users/lntos/workspace.kds/us114/SDK/platform/devices/MKL25Z4/include" -I"C:/Users/lntos/workspace.kds/us114/SDK/platform/utilities/src" -I"C:/Users/lntos/workspace.kds/us114/SDK/platform/utilities/inc" -I"C:/Users/lntos/workspace.kds/us114/SDK/platform/devices/MKL25Z4/startup" -I"C:/Users/lntos/workspace.kds/us114/Generated_Code/SDK/platform/devices/MKL25Z4/startup" -I"C:/Users/lntos/workspace.kds/us114/Sources" -I"C:/Users/lntos/workspace.kds/us114/Generated_Code" -I"C:/Users/lntos/workspace.kds/us114/SDK/platform/drivers/inc" -std=c99 -MMD -MP -MF"SDK/platform/drivers/src/gpio/fsl_gpio_common.d" -MT"SDK/platform/drivers/src/gpio/fsl_gpio_common.o" -c -o "SDK/platform/drivers/src/gpio/fsl_gpio_common.o" "../SDK/platform/drivers/src/gpio/fsl_gpio_common.c"
Finished building: ../SDK/platform/drivers/src/gpio/fsl_gpio_common.c
 
Building file: ../SDK/platform/drivers/src/gpio/fsl_gpio_driver.c
Invoking: Cross ARM C Compiler
arm-none-eabi-gcc -mcpu=cortex-m0plus -mthumb -O0 -fmessage-length=0 -fsigned-char -ffunction-sections -fdata-sections -Wall  -g3 -D"FSL_OSA_BM_TIMER_CONFIG=2" -D"CPU_MKL25Z128VLK4" -I"C:/Users/lntos/workspace.kds/us114/SDK/platform/hal/inc" -I"C:/Users/lntos/workspace.kds/us114/SDK/platform/hal/src/sim/MKL25Z4" -I"C:/Users/lntos/workspace.kds/us114/SDK/platform/system/src/clock/MKL25Z4" -I"C:/Users/lntos/workspace.kds/us114/SDK/platform/system/inc" -I"C:/Users/lntos/workspace.kds/us114/SDK/platform/osa/inc" -I"C:/Users/lntos/workspace.kds/us114/SDK/platform/CMSIS/Include" -I"C:/Users/lntos/workspace.kds/us114/SDK/platform/devices" -I"C:/Users/lntos/workspace.kds/us114/SDK/platform/devices/MKL25Z4/include" -I"C:/Users/lntos/workspace.kds/us114/SDK/platform/utilities/src" -I"C:/Users/lntos/workspace.kds/us114/SDK/platform/utilities/inc" -I"C:/Users/lntos/workspace.kds/us114/SDK/platform/devices/MKL25Z4/startup" -I"C:/Users/lntos/workspace.kds/us114/Generated_Code/SDK/platform/devices/MKL25Z4/startup" -I"C:/Users/lntos/workspace.kds/us114/Sources" -I"C:/Users/lntos/workspace.kds/us114/Generated_Code" -I"C:/Users/lntos/workspace.kds/us114/SDK/platform/drivers/inc" -std=c99 -MMD -MP -MF"SDK/platform/drivers/src/gpio/fsl_gpio_driver.d" -MT"SDK/platform/drivers/src/gpio/fsl_gpio_driver.o" -c -o "SDK/platform/drivers/src/gpio/fsl_gpio_driver.o" "../SDK/platform/drivers/src/gpio/fsl_gpio_driver.c"
Finished building: ../SDK/platform/drivers/src/gpio/fsl_gpio_driver.c
 
Building file: ../Generated_Code/Cpu.c
Invoking: Cross ARM C Compiler
arm-none-eabi-gcc -mcpu=cortex-m0plus -mthumb -O0 -fmessage-length=0 -fsigned-char -ffunction-sections -fdata-sections -Wall  -g3 -D"FSL_OSA_BM_TIMER_CONFIG=2" -D"CPU_MKL25Z128VLK4" -I"C:/Users/lntos/workspace.kds/us114/SDK/platform/hal/inc" -I"C:/Users/lntos/workspace.kds/us114/SDK/platform/hal/src/sim/MKL25Z4" -I"C:/Users/lntos/workspace.kds/us114/SDK/platform/system/src/clock/MKL25Z4" -I"C:/Users/lntos/workspace.kds/us114/SDK/platform/system/inc" -I"C:/Users/lntos/workspace.kds/us114/SDK/platform/osa/inc" -I"C:/Users/lntos/workspace.kds/us114/SDK/platform/CMSIS/Include" -I"C:/Users/lntos/workspace.kds/us114/SDK/platform/devices" -I"C:/Users/lntos/workspace.kds/us114/SDK/platform/devices/MKL25Z4/include" -I"C:/Users/lntos/workspace.kds/us114/SDK/platform/utilities/src" -I"C:/Users/lntos/workspace.kds/us114/SDK/platform/utilities/inc" -I"C:/Users/lntos/workspace.kds/us114/SDK/platform/devices/MKL25Z4/startup" -I"C:/Users/lntos/workspace.kds/us114/Generated_Code/SDK/platform/devices/MKL25Z4/startup" -I"C:/Users/lntos/workspace.kds/us114/Sources" -I"C:/Users/lntos/workspace.kds/us114/Generated_Code" -I"C:/Users/lntos/workspace.kds/us114/SDK/platform/drivers/inc" -std=c99 -MMD -MP -MF"Generated_Code/Cpu.d" -MT"Generated_Code/Cpu.o" -c -o "Generated_Code/Cpu.o" "../Generated_Code/Cpu.c"
Finished building: ../Generated_Code/Cpu.c
 
Building file: ../Generated_Code/clockMan1.c
Invoking: Cross ARM C Compiler
arm-none-eabi-gcc -mcpu=cortex-m0plus -mthumb -O0 -fmessage-length=0 -fsigned-char -ffunction-sections -fdata-sections -Wall  -g3 -D"FSL_OSA_BM_TIMER_CONFIG=2" -D"CPU_MKL25Z128VLK4" -I"C:/Users/lntos/workspace.kds/us114/SDK/platform/hal/inc" -I"C:/Users/lntos/workspace.kds/us114/SDK/platform/hal/src/sim/MKL25Z4" -I"C:/Users/lntos/workspace.kds/us114/SDK/platform/system/src/clock/MKL25Z4" -I"C:/Users/lntos/workspace.kds/us114/SDK/platform/system/inc" -I"C:/Users/lntos/workspace.kds/us114/SDK/platform/osa/inc" -I"C:/Users/lntos/workspace.kds/us114/SDK/platform/CMSIS/Include" -I"C:/Users/lntos/workspace.kds/us114/SDK/platform/devices" -I"C:/Users/lntos/workspace.kds/us114/SDK/platform/devices/MKL25Z4/include" -I"C:/Users/lntos/workspace.kds/us114/SDK/platform/utilities/src" -I"C:/Users/lntos/workspace.kds/us114/SDK/platform/utilities/inc" -I"C:/Users/lntos/workspace.kds/us114/SDK/platform/devices/MKL25Z4/startup" -I"C:/Users/lntos/workspace.kds/us114/Generated_Code/SDK/platform/devices/MKL25Z4/startup" -I"C:/Users/lntos/workspace.kds/us114/Sources" -I"C:/Users/lntos/workspace.kds/us114/Generated_Code" -I"C:/Users/lntos/workspace.kds/us114/SDK/platform/drivers/inc" -std=c99 -MMD -MP -MF"Generated_Code/clockMan1.d" -MT"Generated_Code/clockMan1.o" -c -o "Generated_Code/clockMan1.o" "../Generated_Code/clockMan1.c"
Finished building: ../Generated_Code/clockMan1.c
 
Building file: ../Generated_Code/gpio1.c
Invoking: Cross ARM C Compiler
arm-none-eabi-gcc -mcpu=cortex-m0plus -mthumb -O0 -fmessage-length=0 -fsigned-char -ffunction-sections -fdata-sections -Wall  -g3 -D"FSL_OSA_BM_TIMER_CONFIG=2" -D"CPU_MKL25Z128VLK4" -I"C:/Users/lntos/workspace.kds/us114/SDK/platform/hal/inc" -I"C:/Users/lntos/workspace.kds/us114/SDK/platform/hal/src/sim/MKL25Z4" -I"C:/Users/lntos/workspace.kds/us114/SDK/platform/system/src/clock/MKL25Z4" -I"C:/Users/lntos/workspace.kds/us114/SDK/platform/system/inc" -I"C:/Users/lntos/workspace.kds/us114/SDK/platform/osa/inc" -I"C:/Users/lntos/workspace.kds/us114/SDK/platform/CMSIS/Include" -I"C:/Users/lntos/workspace.kds/us114/SDK/platform/devices" -I"C:/Users/lntos/workspace.kds/us114/SDK/platform/devices/MKL25Z4/include" -I"C:/Users/lntos/workspace.kds/us114/SDK/platform/utilities/src" -I"C:/Users/lntos/workspace.kds/us114/SDK/platform/utilities/inc" -I"C:/Users/lntos/workspace.kds/us114/SDK/platform/devices/MKL25Z4/startup" -I"C:/Users/lntos/workspace.kds/us114/Generated_Code/SDK/platform/devices/MKL25Z4/startup" -I"C:/Users/lntos/workspace.kds/us114/Sources" -I"C:/Users/lntos/workspace.kds/us114/Generated_Code" -I"C:/Users/lntos/workspace.kds/us114/SDK/platform/drivers/inc" -std=c99 -MMD -MP -MF"Generated_Code/gpio1.d" -MT"Generated_Code/gpio1.o" -c -o "Generated_Code/gpio1.o" "../Generated_Code/gpio1.c"
Finished building: ../Generated_Code/gpio1.c
 
Building file: ../Generated_Code/hardware_init.c
Invoking: Cross ARM C Compiler
arm-none-eabi-gcc -mcpu=cortex-m0plus -mthumb -O0 -fmessage-length=0 -fsigned-char -ffunction-sections -fdata-sections -Wall  -g3 -D"FSL_OSA_BM_TIMER_CONFIG=2" -D"CPU_MKL25Z128VLK4" -I"C:/Users/lntos/workspace.kds/us114/SDK/platform/hal/inc" -I"C:/Users/lntos/workspace.kds/us114/SDK/platform/hal/src/sim/MKL25Z4" -I"C:/Users/lntos/workspace.kds/us114/SDK/platform/system/src/clock/MKL25Z4" -I"C:/Users/lntos/workspace.kds/us114/SDK/platform/system/inc" -I"C:/Users/lntos/workspace.kds/us114/SDK/platform/osa/inc" -I"C:/Users/lntos/workspace.kds/us114/SDK/platform/CMSIS/Include" -I"C:/Users/lntos/workspace.kds/us114/SDK/platform/devices" -I"C:/Users/lntos/workspace.kds/us114/SDK/platform/devices/MKL25Z4/include" -I"C:/Users/lntos/workspace.kds/us114/SDK/platform/utilities/src" -I"C:/Users/lntos/workspace.kds/us114/SDK/platform/utilities/inc" -I"C:/Users/lntos/workspace.kds/us114/SDK/platform/devices/MKL25Z4/startup" -I"C:/Users/lntos/workspace.kds/us114/Generated_Code/SDK/platform/devices/MKL25Z4/startup" -I"C:/Users/lntos/workspace.kds/us114/Sources" -I"C:/Users/lntos/workspace.kds/us114/Generated_Code" -I"C:/Users/lntos/workspace.kds/us114/SDK/platform/drivers/inc" -std=c99 -MMD -MP -MF"Generated_Code/hardware_init.d" -MT"Generated_Code/hardware_init.o" -c -o "Generated_Code/hardware_init.o" "../Generated_Code/hardware_init.c"
Finished building: ../Generated_Code/hardware_init.c
 
Building file: ../Generated_Code/i2cCom1.c
Invoking: Cross ARM C Compiler
arm-none-eabi-gcc -mcpu=cortex-m0plus -mthumb -O0 -fmessage-length=0 -fsigned-char -ffunction-sections -fdata-sections -Wall  -g3 -D"FSL_OSA_BM_TIMER_CONFIG=2" -D"CPU_MKL25Z128VLK4" -I"C:/Users/lntos/workspace.kds/us114/SDK/platform/hal/inc" -I"C:/Users/lntos/workspace.kds/us114/SDK/platform/hal/src/sim/MKL25Z4" -I"C:/Users/lntos/workspace.kds/us114/SDK/platform/system/src/clock/MKL25Z4" -I"C:/Users/lntos/workspace.kds/us114/SDK/platform/system/inc" -I"C:/Users/lntos/workspace.kds/us114/SDK/platform/osa/inc" -I"C:/Users/lntos/workspace.kds/us114/SDK/platform/CMSIS/Include" -I"C:/Users/lntos/workspace.kds/us114/SDK/platform/devices" -I"C:/Users/lntos/workspace.kds/us114/SDK/platform/devices/MKL25Z4/include" -I"C:/Users/lntos/workspace.kds/us114/SDK/platform/utilities/src" -I"C:/Users/lntos/workspace.kds/us114/SDK/platform/utilities/inc" -I"C:/Users/lntos/workspace.kds/us114/SDK/platform/devices/MKL25Z4/startup" -I"C:/Users/lntos/workspace.kds/us114/Generated_Code/SDK/platform/devices/MKL25Z4/startup" -I"C:/Users/lntos/workspace.kds/us114/Sources" -I"C:/Users/lntos/workspace.kds/us114/Generated_Code" -I"C:/Users/lntos/workspace.kds/us114/SDK/platform/drivers/inc" -std=c99 -MMD -MP -MF"Generated_Code/i2cCom1.d" -MT"Generated_Code/i2cCom1.o" -c -o "Generated_Code/i2cCom1.o" "../Generated_Code/i2cCom1.c"
Finished building: ../Generated_Code/i2cCom1.c
 
Building file: ../Generated_Code/osa1.c
Invoking: Cross ARM C Compiler
arm-none-eabi-gcc -mcpu=cortex-m0plus -mthumb -O0 -fmessage-length=0 -fsigned-char -ffunction-sections -fdata-sections -Wall  -g3 -D"FSL_OSA_BM_TIMER_CONFIG=2" -D"CPU_MKL25Z128VLK4" -I"C:/Users/lntos/workspace.kds/us114/SDK/platform/hal/inc" -I"C:/Users/lntos/workspace.kds/us114/SDK/platform/hal/src/sim/MKL25Z4" -I"C:/Users/lntos/workspace.kds/us114/SDK/platform/system/src/clock/MKL25Z4" -I"C:/Users/lntos/workspace.kds/us114/SDK/platform/system/inc" -I"C:/Users/lntos/workspace.kds/us114/SDK/platform/osa/inc" -I"C:/Users/lntos/workspace.kds/us114/SDK/platform/CMSIS/Include" -I"C:/Users/lntos/workspace.kds/us114/SDK/platform/devices" -I"C:/Users/lntos/workspace.kds/us114/SDK/platform/devices/MKL25Z4/include" -I"C:/Users/lntos/workspace.kds/us114/SDK/platform/utilities/src" -I"C:/Users/lntos/workspace.kds/us114/SDK/platform/utilities/inc" -I"C:/Users/lntos/workspace.kds/us114/SDK/platform/devices/MKL25Z4/startup" -I"C:/Users/lntos/workspace.kds/us114/Generated_Code/SDK/platform/devices/MKL25Z4/startup" -I"C:/Users/lntos/workspace.kds/us114/Sources" -I"C:/Users/lntos/workspace.kds/us114/Generated_Code" -I"C:/Users/lntos/workspace.kds/us114/SDK/platform/drivers/inc" -std=c99 -MMD -MP -MF"Generated_Code/osa1.d" -MT"Generated_Code/osa1.o" -c -o "Generated_Code/osa1.o" "../Generated_Code/osa1.c"
Finished building: ../Generated_Code/osa1.c
 
Building file: ../Generated_Code/pin_init.c
Invoking: Cross ARM C Compiler
arm-none-eabi-gcc -mcpu=cortex-m0plus -mthumb -O0 -fmessage-length=0 -fsigned-char -ffunction-sections -fdata-sections -Wall  -g3 -D"FSL_OSA_BM_TIMER_CONFIG=2" -D"CPU_MKL25Z128VLK4" -I"C:/Users/lntos/workspace.kds/us114/SDK/platform/hal/inc" -I"C:/Users/lntos/workspace.kds/us114/SDK/platform/hal/src/sim/MKL25Z4" -I"C:/Users/lntos/workspace.kds/us114/SDK/platform/system/src/clock/MKL25Z4" -I"C:/Users/lntos/workspace.kds/us114/SDK/platform/system/inc" -I"C:/Users/lntos/workspace.kds/us114/SDK/platform/osa/inc" -I"C:/Users/lntos/workspace.kds/us114/SDK/platform/CMSIS/Include" -I"C:/Users/lntos/workspace.kds/us114/SDK/platform/devices" -I"C:/Users/lntos/workspace.kds/us114/SDK/platform/devices/MKL25Z4/include" -I"C:/Users/lntos/workspace.kds/us114/SDK/platform/utilities/src" -I"C:/Users/lntos/workspace.kds/us114/SDK/platform/utilities/inc" -I"C:/Users/lntos/workspace.kds/us114/SDK/platform/devices/MKL25Z4/startup" -I"C:/Users/lntos/workspace.kds/us114/Generated_Code/SDK/platform/devices/MKL25Z4/startup" -I"C:/Users/lntos/workspace.kds/us114/Sources" -I"C:/Users/lntos/workspace.kds/us114/Generated_Code" -I"C:/Users/lntos/workspace.kds/us114/SDK/platform/drivers/inc" -std=c99 -MMD -MP -MF"Generated_Code/pin_init.d" -MT"Generated_Code/pin_init.o" -c -o "Generated_Code/pin_init.o" "../Generated_Code/pin_init.c"
Finished building: ../Generated_Code/pin_init.c
 
Building target: us114.elf
Invoking: Cross ARM C++ Linker
arm-none-eabi-g++ -mcpu=cortex-m0plus -mthumb -O0 -fmessage-length=0 -fsigned-char -ffunction-sections -fdata-sections -Wall  -g3 -T "C:/Users/lntos/workspace.kds/us114/Project_Settings/Linker_Files/ProcessorExpert.ld" -Xlinker --gc-sections -L"C:/Users/lntos/workspace.kds/us114/Project_Settings/Linker_Files" -Wl,-Map,"us114.map" -specs=nosys.specs -specs=nano.specs -Xlinker -z -Xlinker muldefs -o "us114.elf"  ./Static_Code/System/PE_low_level_init.o  ./Sources/Events.o ./Sources/main.o  ./SDK/platform/utilities/src/fsl_debug_console.o ./SDK/platform/utilities/src/fsl_misc_utilities.o ./SDK/platform/utilities/src/print_scan.o  ./SDK/platform/system/src/interrupt/fsl_interrupt_manager.o  ./SDK/platform/system/src/clock/MKL25Z4/fsl_clock_MKL25Z4.o  ./SDK/platform/system/src/clock/fsl_clock_manager.o ./SDK/platform/system/src/clock/fsl_clock_manager_common.o  ./SDK/platform/osa/src/fsl_os_abstraction_bm.o  ./SDK/platform/hal/src/uart/fsl_uart_hal.o  ./SDK/platform/hal/src/sim/MKL25Z4/fsl_sim_hal_MKL25Z4.o  ./SDK/platform/hal/src/rtc/fsl_rtc_hal.o  ./SDK/platform/hal/src/port/fsl_port_hal.o  ./SDK/platform/hal/src/osc/fsl_osc_hal.o  ./SDK/platform/hal/src/mcg/fsl_mcg_hal.o ./SDK/platform/hal/src/mcg/fsl_mcg_hal_modes.o  ./SDK/platform/hal/src/lpsci/fsl_lpsci_hal.o  ./SDK/platform/hal/src/i2c/fsl_i2c_hal.o  ./SDK/platform/hal/src/gpio/fsl_gpio_hal.o  ./SDK/platform/drivers/src/rtc/fsl_rtc_common.o  ./SDK/platform/drivers/src/i2c/fsl_i2c_common.o ./SDK/platform/drivers/src/i2c/fsl_i2c_master_driver.o ./SDK/platform/drivers/src/i2c/fsl_i2c_shared_function.o ./SDK/platform/drivers/src/i2c/fsl_i2c_slave_driver.o  ./SDK/platform/drivers/src/gpio/fsl_gpio_common.o ./SDK/platform/drivers/src/gpio/fsl_gpio_driver.o  ./SDK/platform/devices/MKL25Z4/startup/gcc/startup_MKL25Z4.o  ./SDK/platform/devices/MKL25Z4/startup/system_MKL25Z4.o  ./SDK/platform/devices/startup.o  ./Generated_Code/Cpu.o ./Generated_Code/clockMan1.o ./Generated_Code/gpio1.o ./Generated_Code/hardware_init.o ./Generated_Code/i2cCom1.o ./Generated_Code/osa1.o ./Generated_Code/pin_init.o   
Finished building target: us114.elf
 
Invoking: Cross ARM GNU Print Size
arm-none-eabi-size --format=berkeley "us114.elf"
   text	   data	    bss	    dec	    hex	filename
  18168	    120	   1760	  20048	   4e50	us114.elf
Finished building: us114.siz
 

11:09:25 Build Finished (took 8s.21ms)

